2026-03-30 17:52:38,636 [INFO] Base de datos lista: /media/carlos-a-cicconi/Common1/Repositorios-Ing.Carlos-Cicconi/Trabajo_Final_MCD/data/raw/ofertas_indeed.db
2026-03-30 17:52:38,636 [INFO] Calentando sesión con visita a Indeed home...
2026-03-30 17:52:41,575 [INFO] IndeedScraper inicializado correctamente
2026-03-30 17:52:41,575 [INFO] ============================================================
2026-03-30 17:52:41,576 [INFO] INICIO DEL SCRAPING - Indeed Argentina
2026-03-30 17:52:41,576 [INFO] Búsquedas: 10 | Páginas por búsqueda: 5
2026-03-30 17:52:41,577 [INFO] ============================================================
2026-03-30 17:52:41,577 [INFO] 
🔍 Buscando: 'Data Scientist' en 'Argentina'
2026-03-30 17:52:41,577 [INFO]    Página 1/5 → https://ar.indeed.com/jobs?q=Data+Scientist&l=Argentina&start=0&sort=date&fromage=30&lang=es
2026-03-30 17:52:49,593 [WARNING] HTTP 403 (intento 1). Rotando User-Agent. Esperando 60s...
2026-03-30 17:53:57,248 [WARNING] HTTP 403 (intento 2). Rotando User-Agent. Esperando 120s...
2026-03-30 17:56:01,954 [WARNING] HTTP 403 (intento 3). Rotando User-Agent. Esperando 180s...
2026-03-30 17:59:01,955 [ERROR] Fallaron todos los intentos para: https://ar.indeed.com/jobs?q=Data+Scientist&l=Argentina&start=0&sort=date&fromage=30&lang=es
2026-03-30 17:59:01,955 [WARNING]    ⚠️  Sin respuesta. Saltando página 1.
2026-03-30 17:59:01,956 [INFO]    Página 2/5 → https://ar.indeed.com/jobs?q=Data+Scientist&l=Argentina&start=10&sort=date&fromage=30&lang=es
2026-03-30 17:59:09,628 [WARNING] HTTP 403 (intento 1). Rotando User-Agent. Esperando 60s...
2026-03-30 18:00:14,903 [WARNING] HTTP 403 (intento 2). Rotando User-Agent. Esperando 120s...
2026-03-30 18:02:22,473 [WARNING] HTTP 403 (intento 3). Rotando User-Agent. Esperando 180s...
2026-03-30 18:05:22,474 [ERROR] Fallaron todos los intentos para: https://ar.indeed.com/jobs?q=Data+Scientist&l=Argentina&start=10&sort=date&fromage=30&lang=es
2026-03-30 18:05:22,474 [WARNING]    ⚠️  Sin respuesta. Saltando página 2.
2026-03-30 18:05:22,475 [INFO]    Página 3/5 → https://ar.indeed.com/jobs?q=Data+Scientist&l=Argentina&start=20&sort=date&fromage=30&lang=es
2026-03-30 18:05:28,798 [WARNING] HTTP 403 (intento 1). Rotando User-Agent. Esperando 60s...
2026-03-30 18:06:33,522 [WARNING] HTTP 403 (intento 2). Rotando User-Agent. Esperando 120s...
2026-03-30 18:08:40,089 [WARNING] HTTP 403 (intento 3). Rotando User-Agent. Esperando 180s...
2026-03-30 18:11:40,089 [ERROR] Fallaron todos los intentos para: https://ar.indeed.com/jobs?q=Data+Scientist&l=Argentina&start=20&sort=date&fromage=30&lang=es
2026-03-30 18:11:40,089 [WARNING]    ⚠️  Sin respuesta. Saltando página 3.
2026-03-30 18:11:40,090 [INFO]    Página 4/5 → https://ar.indeed.com/jobs?q=Data+Scientist&l=Argentina&start=30&sort=date&fromage=30&lang=es
2026-03-30 18:11:46,566 [WARNING] HTTP 403 (intento 1). Rotando User-Agent. Esperando 60s...
2026-03-30 18:12:54,551 [WARNING] HTTP 403 (intento 2). Rotando User-Agent. Esperando 120s...
2026-03-30 18:15:02,167 [WARNING] HTTP 403 (intento 3). Rotando User-Agent. Esperando 180s...
2026-03-30 18:18:02,168 [ERROR] Fallaron todos los intentos para: https://ar.indeed.com/jobs?q=Data+Scientist&l=Argentina&start=30&sort=date&fromage=30&lang=es
2026-03-30 18:18:02,168 [WARNING]    ⚠️  Sin respuesta. Saltando página 4.
2026-03-30 18:18:02,169 [INFO]    Página 5/5 → https://ar.indeed.com/jobs?q=Data+Scientist&l=Argentina&start=40&sort=date&fromage=30&lang=es
2026-03-30 18:18:08,117 [WARNING] HTTP 403 (intento 1). Rotando User-Agent. Esperando 60s...
2026-03-30 18:19:12,420 [WARNING] HTTP 403 (intento 2). Rotando User-Agent. Esperando 120s...
2026-03-30 18:21:16,704 [WARNING] HTTP 403 (intento 3). Rotando User-Agent. Esperando 180s...
2026-03-30 18:24:16,705 [ERROR] Fallaron todos los intentos para: https://ar.indeed.com/jobs?q=Data+Scientist&l=Argentina&start=40&sort=date&fromage=30&lang=es
2026-03-30 18:24:16,705 [WARNING]    ⚠️  Sin respuesta. Saltando página 5.
2026-03-30 18:24:16,706 [INFO] ✅ 'Data Scientist': 0 ofertas guardadas
2026-03-30 18:24:16,706 [INFO]    💤 Pausa entre búsquedas: 14.9s
2026-03-30 18:24:31,633 [INFO] 
🔍 Buscando: 'Data Analyst' en 'Argentina'
2026-03-30 18:24:31,634 [INFO]    Página 1/5 → https://ar.indeed.com/jobs?q=Data+Analyst&l=Argentina&start=0&sort=date&fromage=30&lang=es
2026-03-30 18:24:37,110 [WARNING] HTTP 403 (intento 1). Rotando User-Agent. Esperando 60s...
2026-03-30 18:25:42,298 [WARNING] HTTP 403 (intento 2). Rotando User-Agent. Esperando 120s...
2026-03-30 18:27:50,043 [WARNING] HTTP 403 (intento 3). Rotando User-Agent. Esperando 180s...
2026-03-30 18:30:50,044 [ERROR] Fallaron todos los intentos para: https://ar.indeed.com/jobs?q=Data+Analyst&l=Argentina&start=0&sort=date&fromage=30&lang=es
2026-03-30 18:30:50,045 [WARNING]    ⚠️  Sin respuesta. Saltando página 1.
2026-03-30 18:30:50,045 [INFO]    Página 2/5 → https://ar.indeed.com/jobs?q=Data+Analyst&l=Argentina&start=10&sort=date&fromage=30&lang=es
2026-03-30 18:30:55,755 [WARNING] HTTP 403 (intento 1). Rotando User-Agent. Esperando 60s...
2026-03-30 18:32:03,342 [WARNING] HTTP 403 (intento 2). Rotando User-Agent. Esperando 120s...
2026-03-30 18:34:08,948 [WARNING] HTTP 403 (intento 3). Rotando User-Agent. Esperando 180s...
2026-03-30 18:37:08,948 [ERROR] Fallaron todos los intentos para: https://ar.indeed.com/jobs?q=Data+Analyst&l=Argentina&start=10&sort=date&fromage=30&lang=es
2026-03-30 18:37:08,949 [WARNING]    ⚠️  Sin respuesta. Saltando página 2.
2026-03-30 18:37:08,949 [INFO]    Página 3/5 → https://ar.indeed.com/jobs?q=Data+Analyst&l=Argentina&start=20&sort=date&fromage=30&lang=es
2026-03-30 18:37:14,923 [WARNING] HTTP 403 (intento 1). Rotando User-Agent. Esperando 60s...
2026-03-30 18:38:20,244 [WARNING] HTTP 403 (intento 2). Rotando User-Agent. Esperando 120s...
2026-03-30 18:40:28,205 [WARNING] HTTP 403 (intento 3). Rotando User-Agent. Esperando 180s...
2026-03-30 18:43:28,205 [ERROR] Fallaron todos los intentos para: https://ar.indeed.com/jobs?q=Data+Analyst&l=Argentina&start=20&sort=date&fromage=30&lang=es
2026-03-30 18:43:28,206 [WARNING]    ⚠️  Sin respuesta. Saltando página 3.
2026-03-30 18:43:28,207 [INFO]    Página 4/5 → https://ar.indeed.com/jobs?q=Data+Analyst&l=Argentina&start=30&sort=date&fromage=30&lang=es
2026-03-30 18:43:32,990 [WARNING] HTTP 403 (intento 1). Rotando User-Agent. Esperando 60s...
2026-03-30 18:44:40,756 [WARNING] HTTP 403 (intento 2). Rotando User-Agent. Esperando 120s...
2026-03-30 18:46:46,601 [WARNING] HTTP 403 (intento 3). Rotando User-Agent. Esperando 180s...
2026-03-30 18:49:46,602 [ERROR] Fallaron todos los intentos para: https://ar.indeed.com/jobs?q=Data+Analyst&l=Argentina&start=30&sort=date&fromage=30&lang=es
2026-03-30 18:49:46,603 [WARNING]    ⚠️  Sin respuesta. Saltando página 4.
2026-03-30 18:49:46,603 [INFO]    Página 5/5 → https://ar.indeed.com/jobs?q=Data+Analyst&l=Argentina&start=40&sort=date&fromage=30&lang=es
2026-03-30 18:49:53,936 [WARNING] HTTP 403 (intento 1). Rotando User-Agent. Esperando 60s...
2026-03-30 18:51:00,847 [WARNING] HTTP 403 (intento 2). Rotando User-Agent. Esperando 120s...
2026-03-30 18:53:08,075 [WARNING] HTTP 403 (intento 3). Rotando User-Agent. Esperando 180s...
2026-03-30 18:56:08,076 [ERROR] Fallaron todos los intentos para: https://ar.indeed.com/jobs?q=Data+Analyst&l=Argentina&start=40&sort=date&fromage=30&lang=es
2026-03-30 18:56:08,077 [WARNING]    ⚠️  Sin respuesta. Saltando página 5.
2026-03-30 18:56:08,077 [INFO] ✅ 'Data Analyst': 0 ofertas guardadas
2026-03-30 18:56:08,077 [INFO]    💤 Pausa entre búsquedas: 9.8s
2026-03-30 18:56:17,914 [INFO] 
🔍 Buscando: 'Machine Learning Engineer' en 'Argentina'
2026-03-30 18:56:17,914 [INFO]    Página 1/5 → https://ar.indeed.com/jobs?q=Machine+Learning+Engineer&l=Argentina&start=0&sort=date&fromage=30&lang=es
2026-03-30 18:56:25,911 [WARNING] HTTP 403 (intento 1). Rotando User-Agent. Esperando 60s...
2026-03-30 18:57:31,355 [WARNING] HTTP 403 (intento 2). Rotando User-Agent. Esperando 120s...
2026-03-30 18:59:35,684 [WARNING] HTTP 403 (intento 3). Rotando User-Agent. Esperando 180s...
2026-03-30 19:02:35,684 [ERROR] Fallaron todos los intentos para: https://ar.indeed.com/jobs?q=Machine+Learning+Engineer&l=Argentina&start=0&sort=date&fromage=30&lang=es
2026-03-30 19:02:35,685 [WARNING]    ⚠️  Sin respuesta. Saltando página 1.
2026-03-30 19:02:35,686 [INFO]    Página 2/5 → https://ar.indeed.com/jobs?q=Machine+Learning+Engineer&l=Argentina&start=10&sort=date&fromage=30&lang=es
2026-03-30 19:02:42,191 [WARNING] HTTP 403 (intento 1). Rotando User-Agent. Esperando 60s...
2026-03-30 19:03:47,908 [WARNING] HTTP 403 (intento 2). Rotando User-Agent. Esperando 120s...
2026-03-30 19:05:54,364 [WARNING] HTTP 403 (intento 3). Rotando User-Agent. Esperando 180s...
2026-03-30 19:08:54,364 [ERROR] Fallaron todos los intentos para: https://ar.indeed.com/jobs?q=Machine+Learning+Engineer&l=Argentina&start=10&sort=date&fromage=30&lang=es
2026-03-30 19:08:54,365 [WARNING]    ⚠️  Sin respuesta. Saltando página 2.
2026-03-30 19:08:54,365 [INFO]    Página 3/5 → https://ar.indeed.com/jobs?q=Machine+Learning+Engineer&l=Argentina&start=20&sort=date&fromage=30&lang=es
2026-03-30 19:09:00,803 [WARNING] HTTP 403 (intento 1). Rotando User-Agent. Esperando 60s...
2026-03-30 19:10:08,721 [WARNING] HTTP 403 (intento 2). Rotando User-Agent. Esperando 120s...
2026-03-30 19:12:14,411 [WARNING] HTTP 403 (intento 3). Rotando User-Agent. Esperando 180s...
2026-03-30 19:15:14,411 [ERROR] Fallaron todos los intentos para: https://ar.indeed.com/jobs?q=Machine+Learning+Engineer&l=Argentina&start=20&sort=date&fromage=30&lang=es
2026-03-30 19:15:14,412 [WARNING]    ⚠️  Sin respuesta. Saltando página 3.
2026-03-30 19:15:14,412 [INFO]    Página 4/5 → https://ar.indeed.com/jobs?q=Machine+Learning+Engineer&l=Argentina&start=30&sort=date&fromage=30&lang=es
2026-03-30 19:15:21,657 [WARNING] HTTP 403 (intento 1). Rotando User-Agent. Esperando 60s...
2026-03-30 19:16:28,326 [WARNING] HTTP 403 (intento 2). Rotando User-Agent. Esperando 120s...
2026-03-30 19:18:32,727 [WARNING] HTTP 403 (intento 3). Rotando User-Agent. Esperando 180s...
