2026-04-07 23:21:12,328 [INFO] DB lista: /media/carlos-a-cicconi/Common1/Repositorios-Ing.Carlos-Cicconi/Trabajo_Final_MCD/data/raw/ofertas_jobomas.db
2026-04-07 23:21:12,328 [INFO] Ejecutando diagnóstico de Jobomas...
2026-04-07 23:21:14,894 [INFO]   https://ar.jobomas.com/python → HTTP 404 | 27,618 | CT:text/html; charset=ISO-8859-1
2026-04-07 23:21:17,248 [INFO]   https://ar.jobomas.com/trabajo/python → HTTP 404 | 27,618 | CT:text/html; charset=ISO-8859-1
2026-04-07 23:21:19,797 [INFO]   https://ar.jobomas.com/ → HTTP 200 | 52,802 | CT:text/html; charset=ISO-8859-1
2026-04-07 23:21:19,869 [INFO]   <title>: Empleos y Ofertas de Trabajo en Argentina
2026-04-07 23:21:19,869 [INFO]   JS-only:False | __NEXT_DATA__:False
2026-04-07 23:21:19,877 [INFO]   Clase 'job': 8
2026-04-07 23:21:19,937 [INFO]   Links de oferta: 8
2026-04-07 23:21:19,937 [INFO]     /empresa/perfil/2180025/cba_markets_b_s | CBA Markets B&S,
2026-04-07 23:21:19,938 [INFO]     ./analista-contable-sr-con-ingles-hibrido-caba_iid_392245066 | Analista Contable Sr. | Con Inglés (Híbrido - Caba)
2026-04-07 23:21:19,938 [INFO]     ./buscamos-productores-de-seguros-todo-el-pais-productor-de-seguros-matriculado_iid_392245072 | Buscamos Productores De Seguros ? Todo El País | Productor D
2026-04-07 23:21:19,938 [INFO] JobomasScraper inicializado (modo: params)
2026-04-07 23:21:19,939 [INFO] ============================================================
2026-04-07 23:21:19,939 [INFO] INICIO - Jobomas Argentina
2026-04-07 23:21:19,939 [INFO] 
🔍 'Data Scientist'
2026-04-07 23:21:19,939 [INFO]    Página 1/5
2026-04-07 23:21:34,821 [INFO]    → 6 encontradas
2026-04-07 23:21:43,259 [WARNING] HTTP 404 (intento 1)
2026-04-07 23:21:59,028 [WARNING] HTTP 404 (intento 2)
2026-04-07 23:22:23,196 [WARNING] HTTP 404 (intento 3)
2026-04-07 23:23:34,548 [INFO]    Página 2/5
2026-04-07 23:23:38,906 [WARNING]    Sin ofertas — HTML guardado en diagnostico/
2026-04-07 23:23:38,906 [INFO]    → 0 encontradas
2026-04-07 23:23:38,909 [INFO] CSV: 6 exportadas
2026-04-07 23:23:38,909 [INFO] ✅ 'Data Scientist': 6 guardadas
2026-04-07 23:23:47,303 [INFO] 
🔍 'Data Analyst'
2026-04-07 23:23:47,304 [INFO]    Página 1/5
2026-04-07 23:23:51,840 [WARNING]    Sin ofertas — HTML guardado en diagnostico/
2026-04-07 23:23:51,840 [INFO]    → 0 encontradas
2026-04-07 23:23:51,840 [INFO] ✅ 'Data Analyst': 0 guardadas
2026-04-07 23:23:59,204 [INFO] 
🔍 'Machine Learning Engineer'
2026-04-07 23:23:59,204 [INFO]    Página 1/5
2026-04-07 23:24:03,896 [WARNING]    Sin ofertas — HTML guardado en diagnostico/
2026-04-07 23:24:03,896 [INFO]    → 0 encontradas
2026-04-07 23:24:03,897 [INFO] ✅ 'Machine Learning Engineer': 0 guardadas
2026-04-07 23:24:10,831 [INFO] 
🔍 'NLP Engineer'
2026-04-07 23:24:10,831 [INFO]    Página 1/5
2026-04-07 23:24:17,101 [WARNING]    Sin ofertas — HTML guardado en diagnostico/
2026-04-07 23:24:17,101 [INFO]    → 0 encontradas
2026-04-07 23:24:17,101 [INFO] ✅ 'NLP Engineer': 0 guardadas
2026-04-07 23:24:23,242 [INFO] 
🔍 'Data Engineer'
2026-04-07 23:24:23,242 [INFO]    Página 1/5
2026-04-07 23:24:28,874 [WARNING]    Sin ofertas — HTML guardado en diagnostico/
2026-04-07 23:24:28,874 [INFO]    → 0 encontradas
2026-04-07 23:24:28,874 [INFO] ✅ 'Data Engineer': 0 guardadas
2026-04-07 23:24:35,533 [INFO] 
🔍 'Software Engineer'
2026-04-07 23:24:35,534 [INFO]    Página 1/5
2026-04-07 23:24:41,374 [WARNING]    Sin ofertas — HTML guardado en diagnostico/
2026-04-07 23:24:41,374 [INFO]    → 0 encontradas
2026-04-07 23:24:41,374 [INFO] ✅ 'Software Engineer': 0 guardadas
2026-04-07 23:24:46,785 [INFO] 
🔍 'Python Developer'
2026-04-07 23:24:46,785 [INFO]    Página 1/5
2026-04-07 23:24:52,437 [WARNING]    Sin ofertas — HTML guardado en diagnostico/
2026-04-07 23:24:52,438 [INFO]    → 0 encontradas
2026-04-07 23:24:52,438 [INFO] ✅ 'Python Developer': 0 guardadas
2026-04-07 23:25:01,108 [INFO] 
🔍 'Desarrollador Backend'
2026-04-07 23:25:01,109 [INFO]    Página 1/5
2026-04-07 23:25:07,171 [WARNING]    Sin ofertas — HTML guardado en diagnostico/
2026-04-07 23:25:07,172 [INFO]    → 0 encontradas
2026-04-07 23:25:07,172 [INFO] ✅ 'Desarrollador Backend': 0 guardadas
2026-04-07 23:25:16,708 [INFO] 
🔍 'Desarrollador Full Stack'
2026-04-07 23:25:16,708 [INFO]    Página 1/5
2026-04-07 23:25:23,351 [WARNING]    Sin ofertas — HTML guardado en diagnostico/
2026-04-07 23:25:23,352 [INFO]    → 0 encontradas
2026-04-07 23:25:23,352 [INFO] ✅ 'Desarrollador Full Stack': 0 guardadas
2026-04-07 23:25:31,727 [INFO] 
🔍 'Ingeniero de Datos'
2026-04-07 23:25:31,727 [INFO]    Página 1/5
2026-04-07 23:25:36,260 [WARNING]    Sin ofertas — HTML guardado en diagnostico/
2026-04-07 23:25:36,260 [INFO]    → 0 encontradas
2026-04-07 23:25:36,260 [INFO] ✅ 'Ingeniero de Datos': 0 guardadas
2026-04-07 23:25:44,011 [INFO] 
============================================================
FINALIZADO — 6 ofertas
