2026-04-07 23:18:35,249 [INFO] DB lista: /media/carlos-a-cicconi/Common1/Repositorios-Ing.Carlos-Cicconi/Trabajo_Final_MCD/data/raw/ofertas_opcionempleo.db
2026-04-07 23:18:35,249 [INFO] Ejecutando diagnóstico de OpcionEmpleo...
2026-04-07 23:18:36,245 [INFO]   https://www.opcionempleo.com.ar/trabajo-python.html → HTTP 200 | 6,536 chars
2026-04-07 23:18:37,535 [INFO]   https://www.opcionempleo.com.ar/trabajo-python-informatica.html → HTTP 200 | 6,536 chars
2026-04-07 23:18:39,158 [INFO]   https://www.opcionempleo.com.ar/busqueda-python.html → HTTP 404 | 37,039 chars
2026-04-07 23:18:40,466 [INFO]   https://www.opcionempleo.com.ar/empleo-python.html → HTTP 200 | 6,536 chars
2026-04-07 23:18:41,467 [INFO]   URL template por defecto: https://www.opcionempleo.com.ar/trabajo-{keyword}.html
2026-04-07 23:18:41,467 [INFO] OpcionempleoScraper inicializado
2026-04-07 23:18:41,467 [INFO] ============================================================
2026-04-07 23:18:41,468 [INFO] INICIO - OpcionEmpleo Argentina
2026-04-07 23:18:41,468 [INFO] 
🔍 'Data Scientist'
2026-04-07 23:18:41,469 [INFO]    Página 1/5
2026-04-07 23:18:45,904 [WARNING]    Sin ofertas — HTML guardado en diagnostico/
2026-04-07 23:18:45,904 [INFO]    → 0 encontradas
2026-04-07 23:18:45,905 [INFO] ✅ 'Data Scientist': 0 guardadas
2026-04-07 23:18:52,930 [INFO] 
🔍 'Data Analyst'
2026-04-07 23:18:52,930 [INFO]    Página 1/5
2026-04-07 23:18:56,858 [WARNING]    Sin ofertas — HTML guardado en diagnostico/
2026-04-07 23:18:56,859 [INFO]    → 0 encontradas
2026-04-07 23:18:56,859 [INFO] ✅ 'Data Analyst': 0 guardadas
2026-04-07 23:19:02,376 [INFO] 
🔍 'Machine Learning Engineer'
2026-04-07 23:19:02,377 [INFO]    Página 1/5
2026-04-07 23:19:06,476 [WARNING]    Sin ofertas — HTML guardado en diagnostico/
2026-04-07 23:19:06,477 [INFO]    → 0 encontradas
2026-04-07 23:19:06,477 [INFO] ✅ 'Machine Learning Engineer': 0 guardadas
2026-04-07 23:19:16,100 [INFO] 
🔍 'NLP Engineer'
2026-04-07 23:19:16,101 [INFO]    Página 1/5
2026-04-07 23:19:19,072 [WARNING]    Sin ofertas — HTML guardado en diagnostico/
2026-04-07 23:19:19,072 [INFO]    → 0 encontradas
2026-04-07 23:19:19,072 [INFO] ✅ 'NLP Engineer': 0 guardadas
2026-04-07 23:19:28,308 [INFO] 
🔍 'Data Engineer'
2026-04-07 23:19:28,308 [INFO]    Página 1/5
2026-04-07 23:19:31,667 [WARNING]    Sin ofertas — HTML guardado en diagnostico/
2026-04-07 23:19:31,667 [INFO]    → 0 encontradas
2026-04-07 23:19:31,668 [INFO] ✅ 'Data Engineer': 0 guardadas
2026-04-07 23:19:40,209 [INFO] 
🔍 'Software Engineer'
2026-04-07 23:19:40,210 [INFO]    Página 1/5
2026-04-07 23:19:44,397 [WARNING]    Sin ofertas — HTML guardado en diagnostico/
2026-04-07 23:19:44,397 [INFO]    → 0 encontradas
2026-04-07 23:19:44,397 [INFO] ✅ 'Software Engineer': 0 guardadas
2026-04-07 23:19:52,658 [INFO] 
🔍 'Python Developer'
2026-04-07 23:19:52,658 [INFO]    Página 1/5
2026-04-07 23:19:57,677 [WARNING]    Sin ofertas — HTML guardado en diagnostico/
2026-04-07 23:19:57,677 [INFO]    → 0 encontradas
2026-04-07 23:19:57,677 [INFO] ✅ 'Python Developer': 0 guardadas
2026-04-07 23:20:02,800 [INFO] 
🔍 'Desarrollador Backend'
2026-04-07 23:20:02,801 [INFO]    Página 1/5
2026-04-07 23:20:05,972 [WARNING]    Sin ofertas — HTML guardado en diagnostico/
2026-04-07 23:20:05,972 [INFO]    → 0 encontradas
2026-04-07 23:20:05,972 [INFO] ✅ 'Desarrollador Backend': 0 guardadas
2026-04-07 23:20:12,355 [INFO] 
🔍 'Desarrollador Full Stack'
2026-04-07 23:20:12,356 [INFO]    Página 1/5
2026-04-07 23:20:15,699 [WARNING]    Sin ofertas — HTML guardado en diagnostico/
2026-04-07 23:20:15,699 [INFO]    → 0 encontradas
2026-04-07 23:20:15,699 [INFO] ✅ 'Desarrollador Full Stack': 0 guardadas
2026-04-07 23:20:21,602 [INFO] 
🔍 'Ingeniero de Datos'
2026-04-07 23:20:21,602 [INFO]    Página 1/5
2026-04-07 23:20:26,055 [WARNING]    Sin ofertas — HTML guardado en diagnostico/
2026-04-07 23:20:26,055 [INFO]    → 0 encontradas
2026-04-07 23:20:26,056 [INFO] ✅ 'Ingeniero de Datos': 0 guardadas
2026-04-07 23:20:32,840 [INFO] 
============================================================
FINALIZADO — 0 ofertas
============================================================
