2026-09-07 10:04:51,933 [INFO] Base de datos lista: /media/carlos-a-cicconi/Common1/Repositorios-Ing.Carlos-Cicconi/Trabajo_Final_MCD/data/raw/randstad.db
2026-09-07 10:04:51,934 [INFO] RandstadScraper inicializado correctamente
2026-09-07 10:04:51,934 [INFO] ============================================================
2026-09-07 10:04:51,934 [INFO] INICIO DEL SCRAPING - Randstad Argentina
2026-09-07 10:04:51,934 [INFO] Búsquedas: 10 | Páginas por búsqueda: 5
2026-09-07 10:04:51,934 [INFO] ============================================================
2026-09-07 10:04:51,934 [INFO] 
🔍 Buscando: 'Data Scientist'
2026-09-07 10:04:51,934 [INFO]    Página 1/5 → query='data scientist'
2026-09-07 10:04:56,261 [INFO]    → Sin más resultados para esta búsqueda.
2026-09-07 10:04:56,261 [INFO] ✅ 'Data Scientist': 0 ofertas guardadas
2026-09-07 10:04:56,261 [INFO] 
🔍 Buscando: 'Data Analyst'
2026-09-07 10:04:56,261 [INFO]    Página 1/5 → query='data analyst'
2026-09-07 10:04:59,784 [INFO]    → Sin más resultados para esta búsqueda.
2026-09-07 10:04:59,784 [INFO] ✅ 'Data Analyst': 0 ofertas guardadas
2026-09-07 10:04:59,785 [INFO] 
🔍 Buscando: 'Machine Learning Engineer'
2026-09-07 10:04:59,785 [INFO]    Página 1/5 → query='machine learning'
2026-09-07 10:05:03,634 [INFO]    → Sin más resultados para esta búsqueda.
2026-09-07 10:05:03,635 [INFO] ✅ 'Machine Learning Engineer': 0 ofertas guardadas
2026-09-07 10:05:03,635 [INFO] 
🔍 Buscando: 'NLP Engineer'
2026-09-07 10:05:03,635 [INFO]    Página 1/5 → query='nlp'
2026-09-07 10:05:07,334 [INFO]    → Sin más resultados para esta búsqueda.
2026-09-07 10:05:07,334 [INFO] ✅ 'NLP Engineer': 0 ofertas guardadas
2026-09-07 10:05:07,335 [INFO] 
🔍 Buscando: 'Data Engineer'
2026-09-07 10:05:07,335 [INFO]    Página 1/5 → query='data engineer'
2026-09-07 10:05:11,663 [INFO]    → Sin más resultados para esta búsqueda.
2026-09-07 10:05:11,663 [INFO] ✅ 'Data Engineer': 0 ofertas guardadas
2026-09-07 10:05:11,663 [INFO] 
🔍 Buscando: 'Software Engineer'
2026-09-07 10:05:11,664 [INFO]    Página 1/5 → query='software engineer'
2026-09-07 10:05:14,178 [INFO]    → Sin más resultados para esta búsqueda.
2026-09-07 10:05:14,178 [INFO] ✅ 'Software Engineer': 0 ofertas guardadas
2026-09-07 10:05:14,178 [INFO] 
🔍 Buscando: 'Python Developer'
2026-09-07 10:05:14,178 [INFO]    Página 1/5 → query='python'
2026-09-07 10:05:24,033 [INFO]    → 2 ofertas nuevas (total en el sitio: 2)
2026-09-07 10:05:24,034 [INFO] Exportadas 2 ofertas a CSV: /media/carlos-a-cicconi/Common1/Repositorios-Ing.Carlos-Cicconi/Trabajo_Final_MCD/data/raw/ofertas_randstad_20260907.csv
2026-09-07 10:05:24,034 [INFO] ✅ 'Python Developer': 2 ofertas guardadas
2026-09-07 10:05:24,034 [INFO] 
🔍 Buscando: 'Desarrollador Backend'
2026-09-07 10:05:24,034 [INFO]    Página 1/5 → query='desarrollador backend'
2026-09-07 10:05:26,625 [INFO]    → Sin más resultados para esta búsqueda.
2026-09-07 10:05:26,625 [INFO] ✅ 'Desarrollador Backend': 0 ofertas guardadas
2026-09-07 10:05:26,626 [INFO] 
🔍 Buscando: 'Desarrollador Full Stack'
2026-09-07 10:05:26,626 [INFO]    Página 1/5 → query='desarrollador full stack'
2026-09-07 10:05:29,783 [INFO]    → Sin más resultados para esta búsqueda.
2026-09-07 10:05:29,784 [INFO] ✅ 'Desarrollador Full Stack': 0 ofertas guardadas
2026-09-07 10:05:29,784 [INFO] 
🔍 Buscando: 'Ingeniero de Datos'
2026-09-07 10:05:29,784 [INFO]    Página 1/5 → query='ingeniero de datos'
2026-09-07 10:05:33,603 [INFO]    → Sin más resultados para esta búsqueda.
2026-09-07 10:05:33,603 [INFO] ✅ 'Ingeniero de Datos': 0 ofertas guardadas
2026-09-07 10:05:33,604 [INFO] 
============================================================
2026-09-07 10:05:33,604 [INFO] SCRAPING FINALIZADO - Randstad
2026-09-07 10:05:33,604 [INFO] Total de ofertas únicas recopiladas: 2
2026-09-07 10:05:33,604 [INFO] Base de datos : /media/carlos-a-cicconi/Common1/Repositorios-Ing.Carlos-Cicconi/Trabajo_Final_MCD/data/raw/randstad.db
2026-09-07 10:05:33,605 [INFO] CSV exportado : /media/carlos-a-cicconi/Common1/Repositorios-Ing.Carlos-Cicconi/Trabajo_Final_MCD/data/raw/ofertas_randstad_20260907.csv
2026-09-07 10:05:33,606 [INFO] Log guardado  : /media/carlos-a-cicconi/Common1/Repositorios-Ing.Carlos-Cicconi/Trabajo_Final_MCD/logs/randstad_scraper_20260907_100451.log
2026-09-07 10:05:33,606 [INFO] ============================================================
2026-09-07 10:05:33,607 [INFO] Estadísticas guardadas: /media/carlos-a-cicconi/Common1/Repositorios-Ing.Carlos-Cicconi/Trabajo_Final_MCD/data/raw/stats_randstad_20260907_100533.json
