2026-09-07 10:03:22,502 [INFO] 
=================================================================
2026-09-07 10:03:22,502 [INFO]   ORQUESTADOR DE SCRAPING — Tesis MCD
2026-09-07 10:03:22,502 [INFO]   Alumno: Cicconi, Carlos Alberto
2026-09-07 10:03:22,502 [INFO]   Universidad Austral — Maestría en Explotación de Datos
2026-09-07 10:03:22,502 [INFO] =================================================================
2026-09-07 10:03:22,502 [INFO]   Fecha/hora inicio : 2026-09-07 10:03:22
2026-09-07 10:03:22,502 [INFO]   Ventana temporal  : 90 días
2026-09-07 10:03:22,502 [INFO]   Scrapers activos  : 10
2026-09-07 10:03:22,502 [INFO]   Solo consolidar   : True
2026-09-07 10:03:22,502 [INFO]   Origen de queries : módulos (por defecto)
2026-09-07 10:03:22,502 [INFO] 
=================================================================
2026-09-07 10:03:22,502 [INFO]   FASE 2: CONSOLIDACIÓN
2026-09-07 10:03:22,502 [INFO] =================================================================
2026-09-07 10:03:22,503 [INFO] Consolidado DB lista: /media/carlos-a-cicconi/Common1/Repositorios-Ing.Carlos-Cicconi/Trabajo_Final_MCD/data/raw/consolidado/ofertas_consolidadas.db
2026-09-07 10:03:22,510 [INFO] 
  📂 Procesando: linkedin (linkedin.db)
2026-09-07 10:03:22,530 [INFO]   Leídas 1,005 ofertas de linkedin.db
2026-09-07 10:03:22,536 [INFO]   ✅ linkedin: leídas=1,005 | nuevas=0 | dup=943 | old=62
2026-09-07 10:03:22,536 [INFO] 
  📂 Procesando: computrabajo (computrabajo.db)
2026-09-07 10:03:22,542 [INFO]   Leídas 690 ofertas de computrabajo.db
2026-09-07 10:03:22,543 [INFO]   ✅ computrabajo: leídas=690 | nuevas=0 | dup=690 | old=0
2026-09-07 10:03:22,544 [INFO] 
  📂 Procesando: getonboard (getonboard.db)
2026-09-07 10:03:22,549 [INFO]   Leídas 556 ofertas de getonboard.db
2026-09-07 10:03:22,550 [INFO]   ✅ getonboard: leídas=556 | nuevas=0 | dup=550 | old=6
2026-09-07 10:03:22,550 [INFO] 
  📂 Procesando: bumeran (bumeran.db)
2026-09-07 10:03:22,551 [INFO]   Leídas 0 ofertas de bumeran.db
2026-09-07 10:03:22,551 [INFO]   ✅ bumeran: leídas=0 | nuevas=0 | dup=0 | old=0
2026-09-07 10:03:22,551 [INFO] 
  📂 Procesando: zonajobs (zonajobs.db)
2026-09-07 10:03:22,551 [INFO]   Leídas 0 ofertas de zonajobs.db
2026-09-07 10:03:22,552 [INFO]   ✅ zonajobs: leídas=0 | nuevas=0 | dup=0 | old=0
2026-09-07 10:03:22,552 [INFO] 
  📂 Procesando: opcionempleo (opcionempleo.db)
2026-09-07 10:03:22,567 [INFO]   Leídas 1,494 ofertas de opcionempleo.db
2026-09-07 10:03:22,568 [INFO]   ✅ opcionempleo: leídas=1,494 | nuevas=0 | dup=1,494 | old=0
2026-09-07 10:03:22,568 [INFO] 
  📂 Procesando: jobrapido (jobrapido.db)
2026-09-07 10:03:22,579 [INFO]   Leídas 1,309 ofertas de jobrapido.db
2026-09-07 10:03:22,580 [INFO]   ✅ jobrapido: leídas=1,309 | nuevas=0 | dup=1,309 | old=0
2026-09-07 10:03:22,581 [INFO] 
  📂 Procesando: freelancer_ar (freelancer_ar.db)
2026-09-07 10:03:22,581 [WARNING]   DB no encontrada: /media/carlos-a-cicconi/Common1/Repositorios-Ing.Carlos-Cicconi/Trabajo_Final_MCD/data/raw/freelancer_ar.db
2026-09-07 10:03:22,581 [INFO]   ✅ freelancer_ar: leídas=0 | nuevas=0 | dup=0 | old=0
2026-09-07 10:03:22,581 [INFO] 
  📂 Procesando: randstad (randstad.db)
2026-09-07 10:03:22,581 [WARNING]   DB no encontrada: /media/carlos-a-cicconi/Common1/Repositorios-Ing.Carlos-Cicconi/Trabajo_Final_MCD/data/raw/randstad.db
2026-09-07 10:03:22,581 [INFO]   ✅ randstad: leídas=0 | nuevas=0 | dup=0 | old=0
2026-09-07 10:03:22,581 [INFO] 
  📂 Procesando: adecco (adecco.db)
2026-09-07 10:03:22,582 [INFO]   Leídas 4 ofertas de adecco.db
2026-09-07 10:03:22,587 [INFO]   ✅ adecco: leídas=4 | nuevas=4 | dup=0 | old=0
2026-09-07 10:03:22,588 [INFO]   CSV consolidado actualizado: +4 filas → /media/carlos-a-cicconi/Common1/Repositorios-Ing.Carlos-Cicconi/Trabajo_Final_MCD/data/raw/consolidado/ofertas_consolidadas.csv
2026-09-07 10:03:22,588 [INFO] 
=================================================================
2026-09-07 10:03:22,588 [INFO]   RESUMEN FINAL
2026-09-07 10:03:22,589 [INFO] =================================================================
2026-09-07 10:03:22,589 [INFO]   Ofertas nuevas incorporadas : 4
2026-09-07 10:03:22,589 [INFO]   Descartadas (antigüedad)    : 68
2026-09-07 10:03:22,589 [INFO]   Descartadas (duplicado)     : 4,986
2026-09-07 10:03:22,590 [INFO]   Total acumulado en DB       : 10,384
2026-09-07 10:03:22,590 [INFO]   Ventana temporal aplicada   : últimos 90 días (desde 2026-06-09)
2026-09-07 10:03:22,590 [INFO]   Duración total              : 0m 0s
2026-09-07 10:03:22,590 [INFO] 
  Archivos de salida:
2026-09-07 10:03:22,590 [INFO]     DB : /media/carlos-a-cicconi/Common1/Repositorios-Ing.Carlos-Cicconi/Trabajo_Final_MCD/data/raw/consolidado/ofertas_consolidadas.db
2026-09-07 10:03:22,590 [INFO]     CSV: /media/carlos-a-cicconi/Common1/Repositorios-Ing.Carlos-Cicconi/Trabajo_Final_MCD/data/raw/consolidado/ofertas_consolidadas.csv
2026-09-07 10:03:22,590 [INFO]     Log: /media/carlos-a-cicconi/Common1/Repositorios-Ing.Carlos-Cicconi/Trabajo_Final_MCD/logs/run_scraping_20260907_100322.log
2026-09-07 10:03:22,590 [INFO] 
  Por fuente (consolidación):
2026-09-07 10:03:22,590 [INFO]     linkedin       : nuevas=0 | dup=943 | old=62
2026-09-07 10:03:22,590 [INFO]     computrabajo   : nuevas=0 | dup=690 | old=0
2026-09-07 10:03:22,590 [INFO]     getonboard     : nuevas=0 | dup=550 | old=6
2026-09-07 10:03:22,590 [INFO]     bumeran        : nuevas=0 | dup=0 | old=0
2026-09-07 10:03:22,590 [INFO]     zonajobs       : nuevas=0 | dup=0 | old=0
2026-09-07 10:03:22,590 [INFO]     opcionempleo   : nuevas=0 | dup=1,494 | old=0
2026-09-07 10:03:22,590 [INFO]     jobrapido      : nuevas=0 | dup=1,309 | old=0
2026-09-07 10:03:22,590 [INFO]     freelancer_ar  : nuevas=0 | dup=0 | old=0
2026-09-07 10:03:22,590 [INFO]     randstad       : nuevas=0 | dup=0 | old=0
2026-09-07 10:03:22,590 [INFO]     adecco         : nuevas=4 | dup=0 | old=0
2026-09-07 10:03:22,591 [INFO]     Reporte: /media/carlos-a-cicconi/Common1/Repositorios-Ing.Carlos-Cicconi/Trabajo_Final_MCD/data/raw/consolidado/run_20260907_100322.json
2026-09-07 10:03:22,591 [INFO] =================================================================
