2026-09-01 02:06:48,400 [INFO] 
=================================================================
2026-09-01 02:06:48,400 [INFO]   ORQUESTADOR DE SCRAPING — Tesis MCD
2026-09-01 02:06:48,400 [INFO]   Alumno: Cicconi, Carlos Alberto
2026-09-01 02:06:48,400 [INFO]   Universidad Austral — Maestría en Explotación de Datos
2026-09-01 02:06:48,400 [INFO] =================================================================
2026-09-01 02:06:48,400 [INFO]   Fecha/hora inicio : 2026-09-01 02:06:48
2026-09-01 02:06:48,401 [INFO]   Ventana temporal  : 90 días
2026-09-01 02:06:48,401 [INFO]   Scrapers activos  : 10
2026-09-01 02:06:48,401 [INFO]   Solo consolidar   : False
2026-09-01 02:06:48,401 [INFO]   Origen de queries : módulos (por defecto)
2026-09-01 02:06:48,401 [INFO] 
  Scrapers a ejecutar: ['linkedin', 'computrabajo', 'getonboard', 'bumeran', 'zonajobs', 'workana', 'opcionempleo', 'jobomas', 'jobrapido', 'jobleads']
2026-09-01 02:06:48,401 [INFO] 
============================================================
2026-09-01 02:06:48,401 [INFO]   EJECUTANDO: linkedin (LinkedInScraper)
2026-09-01 02:06:48,401 [INFO]   Queries: definidas en el módulo
2026-09-01 02:06:48,401 [INFO] ============================================================
2026-09-01 02:06:48,765 [INFO] Base de datos lista: /media/carlos-a-cicconi/Common1/Repositorios-Ing.Carlos-Cicconi/Trabajo_Final_MCD/data/raw/linkedin.db
2026-09-01 02:06:48,765 [INFO] LinkedInScraper inicializado correctamente
2026-09-01 02:06:48,766 [INFO] ============================================================
2026-09-01 02:06:48,766 [INFO] INICIO DEL SCRAPING - LinkedIn Jobs
2026-09-01 02:06:48,766 [INFO] Búsquedas: 10 | Páginas por búsqueda: 5
2026-09-01 02:06:48,766 [INFO] ============================================================
2026-09-01 02:06:48,766 [INFO] 
🔍 Buscando: 'Data Scientist' en 'Argentina'
2026-09-01 02:06:48,766 [INFO]    Página 1/5 → https://www.linkedin.com/jobs-guest/jobs/api/seeMoreJobPostings/search?keywords=Data%20Scientist&location=Argentina&start=0&f_WT=2
2026-09-01 02:06:54,077 [INFO]    → 10 ofertas nuevas encontradas
2026-09-01 02:07:35,156 [INFO]    Página 2/5 → https://www.linkedin.com/jobs-guest/jobs/api/seeMoreJobPostings/search?keywords=Data%20Scientist&location=Argentina&start=25&f_WT=2
2026-09-01 02:07:39,926 [INFO]    → 10 ofertas nuevas encontradas
2026-09-01 02:08:19,049 [INFO]    Página 3/5 → https://www.linkedin.com/jobs-guest/jobs/api/seeMoreJobPostings/search?keywords=Data%20Scientist&location=Argentina&start=50&f_WT=2
2026-09-01 02:08:24,332 [INFO]    → 10 ofertas nuevas encontradas
2026-09-01 02:09:03,219 [INFO]    Página 4/5 → https://www.linkedin.com/jobs-guest/jobs/api/seeMoreJobPostings/search?keywords=Data%20Scientist&location=Argentina&start=75&f_WT=2
2026-09-01 02:09:07,274 [INFO]    → 10 ofertas nuevas encontradas
2026-09-01 02:09:53,184 [INFO]    Página 5/5 → https://www.linkedin.com/jobs-guest/jobs/api/seeMoreJobPostings/search?keywords=Data%20Scientist&location=Argentina&start=100&f_WT=2
2026-09-01 02:09:56,527 [INFO]    → 10 ofertas nuevas encontradas
2026-09-01 02:10:35,430 [INFO] Exportadas 50 ofertas a CSV: /media/carlos-a-cicconi/Common1/Repositorios-Ing.Carlos-Cicconi/Trabajo_Final_MCD/data/raw/ofertas_linkedin_20260901.csv
2026-09-01 02:10:35,430 [INFO] ✅ 'Data Scientist': 50 ofertas guardadas
2026-09-01 02:10:35,430 [INFO] 
🔍 Buscando: 'Data Analyst' en 'Argentina'
2026-09-01 02:10:35,430 [INFO]    Página 1/5 → https://www.linkedin.com/jobs-guest/jobs/api/seeMoreJobPostings/search?keywords=Data%20Analyst&location=Argentina&start=0&f_WT=2
2026-09-01 02:10:40,875 [INFO]    → 7 ofertas nuevas encontradas
2026-09-01 02:11:07,859 [INFO]    Página 2/5 → https://www.linkedin.com/jobs-guest/jobs/api/seeMoreJobPostings/search?keywords=Data%20Analyst&location=Argentina&start=25&f_WT=2
2026-09-01 02:11:12,387 [INFO]    → 10 ofertas nuevas encontradas
2026-09-01 02:11:53,397 [INFO]    Página 3/5 → https://www.linkedin.com/jobs-guest/jobs/api/seeMoreJobPostings/search?keywords=Data%20Analyst&location=Argentina&start=50&f_WT=2
2026-09-01 02:11:58,041 [INFO]    → 8 ofertas nuevas encontradas
2026-09-01 02:12:29,392 [INFO]    Página 4/5 → https://www.linkedin.com/jobs-guest/jobs/api/seeMoreJobPostings/search?keywords=Data%20Analyst&location=Argentina&start=75&f_WT=2
2026-09-01 02:12:34,085 [INFO]    → 10 ofertas nuevas encontradas
2026-09-01 02:13:17,971 [INFO]    Página 5/5 → https://www.linkedin.com/jobs-guest/jobs/api/seeMoreJobPostings/search?keywords=Data%20Analyst&location=Argentina&start=100&f_WT=2
2026-09-01 02:13:21,174 [INFO]    → 10 ofertas nuevas encontradas
2026-09-01 02:14:01,139 [INFO] Exportadas 45 ofertas a CSV: /media/carlos-a-cicconi/Common1/Repositorios-Ing.Carlos-Cicconi/Trabajo_Final_MCD/data/raw/ofertas_linkedin_20260901.csv
2026-09-01 02:14:01,140 [INFO] ✅ 'Data Analyst': 45 ofertas guardadas
2026-09-01 02:14:01,140 [INFO] 
🔍 Buscando: 'Machine Learning Engineer' en 'Argentina'
2026-09-01 02:14:01,140 [INFO]    Página 1/5 → https://www.linkedin.com/jobs-guest/jobs/api/seeMoreJobPostings/search?keywords=Machine%20Learning%20Engineer&location=Argentina&start=0&f_WT=2
2026-09-01 02:14:05,461 [INFO]    → 6 ofertas nuevas encontradas
2026-09-01 02:14:31,641 [INFO]    Página 2/5 → https://www.linkedin.com/jobs-guest/jobs/api/seeMoreJobPostings/search?keywords=Machine%20Learning%20Engineer&location=Argentina&start=25&f_WT=2
2026-09-01 02:14:35,826 [INFO]    → 8 ofertas nuevas encontradas
2026-09-01 02:15:08,589 [INFO]    Página 3/5 → https://www.linkedin.com/jobs-guest/jobs/api/seeMoreJobPostings/search?keywords=Machine%20Learning%20Engineer&location=Argentina&start=50&f_WT=2
2026-09-01 02:15:13,494 [INFO]    → 8 ofertas nuevas encontradas
2026-09-01 02:15:49,400 [INFO]    Página 4/5 → https://www.linkedin.com/jobs-guest/jobs/api/seeMoreJobPostings/search?keywords=Machine%20Learning%20Engineer&location=Argentina&start=75&f_WT=2
2026-09-01 02:15:53,097 [INFO]    → 10 ofertas nuevas encontradas
2026-09-01 02:16:38,876 [INFO]    Página 5/5 → https://www.linkedin.com/jobs-guest/jobs/api/seeMoreJobPostings/search?keywords=Machine%20Learning%20Engineer&location=Argentina&start=100&f_WT=2
2026-09-01 02:16:43,965 [INFO]    → 8 ofertas nuevas encontradas
2026-09-01 02:17:19,247 [INFO] Exportadas 40 ofertas a CSV: /media/carlos-a-cicconi/Common1/Repositorios-Ing.Carlos-Cicconi/Trabajo_Final_MCD/data/raw/ofertas_linkedin_20260901.csv
2026-09-01 02:17:19,247 [INFO] ✅ 'Machine Learning Engineer': 40 ofertas guardadas
2026-09-01 02:17:19,247 [INFO] 
🔍 Buscando: 'NLP Engineer' en 'Argentina'
2026-09-01 02:17:19,247 [INFO]    Página 1/5 → https://www.linkedin.com/jobs-guest/jobs/api/seeMoreJobPostings/search?keywords=NLP%20Engineer&location=Argentina&start=0&f_WT=2
2026-09-01 02:17:24,008 [INFO]    → 4 ofertas nuevas encontradas
2026-09-01 02:17:42,448 [INFO]    Página 2/5 → https://www.linkedin.com/jobs-guest/jobs/api/seeMoreJobPostings/search?keywords=NLP%20Engineer&location=Argentina&start=25&f_WT=2
2026-09-01 02:17:47,349 [INFO]    → 7 ofertas nuevas encontradas
2026-09-01 02:18:18,598 [INFO]    Página 3/5 → https://www.linkedin.com/jobs-guest/jobs/api/seeMoreJobPostings/search?keywords=NLP%20Engineer&location=Argentina&start=50&f_WT=2
2026-09-01 02:18:23,920 [INFO]    → 4 ofertas nuevas encontradas
2026-09-01 02:18:39,381 [INFO]    Página 4/5 → https://www.linkedin.com/jobs-guest/jobs/api/seeMoreJobPostings/search?keywords=NLP%20Engineer&location=Argentina&start=75&f_WT=2
2026-09-01 02:18:43,064 [INFO]    → 4 ofertas nuevas encontradas
2026-09-01 02:18:59,344 [INFO]    Página 5/5 → https://www.linkedin.com/jobs-guest/jobs/api/seeMoreJobPostings/search?keywords=NLP%20Engineer&location=Argentina&start=100&f_WT=2
2026-09-01 02:19:04,138 [INFO]    → 8 ofertas nuevas encontradas
2026-09-01 02:19:36,074 [INFO] Exportadas 27 ofertas a CSV: /media/carlos-a-cicconi/Common1/Repositorios-Ing.Carlos-Cicconi/Trabajo_Final_MCD/data/raw/ofertas_linkedin_20260901.csv
2026-09-01 02:19:36,075 [INFO] ✅ 'NLP Engineer': 27 ofertas guardadas
2026-09-01 02:19:36,075 [INFO] 
🔍 Buscando: 'Data Engineer' en 'Argentina'
2026-09-01 02:19:36,075 [INFO]    Página 1/5 → https://www.linkedin.com/jobs-guest/jobs/api/seeMoreJobPostings/search?keywords=Data%20Engineer&location=Argentina&start=0&f_WT=2
2026-09-01 02:19:40,180 [INFO]    → 7 ofertas nuevas encontradas
2026-09-01 02:20:12,445 [INFO]    Página 2/5 → https://www.linkedin.com/jobs-guest/jobs/api/seeMoreJobPostings/search?keywords=Data%20Engineer&location=Argentina&start=25&f_WT=2
2026-09-01 02:20:16,944 [INFO]    → 9 ofertas nuevas encontradas
2026-09-01 02:20:56,570 [INFO]    Página 3/5 → https://www.linkedin.com/jobs-guest/jobs/api/seeMoreJobPostings/search?keywords=Data%20Engineer&location=Argentina&start=50&f_WT=2
2026-09-01 02:20:59,774 [INFO]    → 10 ofertas nuevas encontradas
2026-09-01 02:21:41,759 [INFO]    Página 4/5 → https://www.linkedin.com/jobs-guest/jobs/api/seeMoreJobPostings/search?keywords=Data%20Engineer&location=Argentina&start=75&f_WT=2
2026-09-01 02:21:45,748 [INFO]    → 7 ofertas nuevas encontradas
2026-09-01 02:22:14,613 [INFO]    Página 5/5 → https://www.linkedin.com/jobs-guest/jobs/api/seeMoreJobPostings/search?keywords=Data%20Engineer&location=Argentina&start=100&f_WT=2
2026-09-01 02:22:18,826 [INFO]    → 8 ofertas nuevas encontradas
2026-09-01 02:22:49,193 [INFO] Exportadas 41 ofertas a CSV: /media/carlos-a-cicconi/Common1/Repositorios-Ing.Carlos-Cicconi/Trabajo_Final_MCD/data/raw/ofertas_linkedin_20260901.csv
2026-09-01 02:22:49,193 [INFO] ✅ 'Data Engineer': 41 ofertas guardadas
2026-09-01 02:22:49,193 [INFO] 
🔍 Buscando: 'Software Engineer' en 'Argentina'
2026-09-01 02:22:49,193 [INFO]    Página 1/5 → https://www.linkedin.com/jobs-guest/jobs/api/seeMoreJobPostings/search?keywords=Software%20Engineer&location=Argentina&start=0&f_WT=2
2026-09-01 02:22:53,770 [INFO]    → 10 ofertas nuevas encontradas
2026-09-01 02:23:36,085 [INFO]    Página 2/5 → https://www.linkedin.com/jobs-guest/jobs/api/seeMoreJobPostings/search?keywords=Software%20Engineer&location=Argentina&start=25&f_WT=2
2026-09-01 02:23:41,389 [INFO]    → 10 ofertas nuevas encontradas
2026-09-01 02:24:22,161 [INFO]    Página 3/5 → https://www.linkedin.com/jobs-guest/jobs/api/seeMoreJobPostings/search?keywords=Software%20Engineer&location=Argentina&start=50&f_WT=2
2026-09-01 02:24:27,547 [INFO]    → 9 ofertas nuevas encontradas
2026-09-01 02:25:04,466 [INFO]    Página 4/5 → https://www.linkedin.com/jobs-guest/jobs/api/seeMoreJobPostings/search?keywords=Software%20Engineer&location=Argentina&start=75&f_WT=2
2026-09-01 02:25:07,797 [INFO]    → 8 ofertas nuevas encontradas
2026-09-01 02:25:39,736 [INFO]    Página 5/5 → https://www.linkedin.com/jobs-guest/jobs/api/seeMoreJobPostings/search?keywords=Software%20Engineer&location=Argentina&start=100&f_WT=2
2026-09-01 02:25:43,212 [INFO]    → 9 ofertas nuevas encontradas
2026-09-01 02:26:18,998 [INFO] Exportadas 46 ofertas a CSV: /media/carlos-a-cicconi/Common1/Repositorios-Ing.Carlos-Cicconi/Trabajo_Final_MCD/data/raw/ofertas_linkedin_20260901.csv
2026-09-01 02:26:18,998 [INFO] ✅ 'Software Engineer': 46 ofertas guardadas
2026-09-01 02:26:18,998 [INFO] 
🔍 Buscando: 'Python Developer' en 'Argentina'
2026-09-01 02:26:18,998 [INFO]    Página 1/5 → https://www.linkedin.com/jobs-guest/jobs/api/seeMoreJobPostings/search?keywords=Python%20Developer&location=Argentina&start=0&f_WT=2
2026-09-01 02:26:22,754 [INFO]    → 10 ofertas nuevas encontradas
2026-09-01 02:27:03,487 [INFO]    Página 2/5 → https://www.linkedin.com/jobs-guest/jobs/api/seeMoreJobPostings/search?keywords=Python%20Developer&location=Argentina&start=25&f_WT=2
2026-09-01 02:27:08,728 [INFO]    → 7 ofertas nuevas encontradas
2026-09-01 02:27:38,126 [INFO]    Página 3/5 → https://www.linkedin.com/jobs-guest/jobs/api/seeMoreJobPostings/search?keywords=Python%20Developer&location=Argentina&start=50&f_WT=2
2026-09-01 02:27:43,226 [INFO]    → 7 ofertas nuevas encontradas
2026-09-01 02:28:13,276 [INFO]    Página 4/5 → https://www.linkedin.com/jobs-guest/jobs/api/seeMoreJobPostings/search?keywords=Python%20Developer&location=Argentina&start=75&f_WT=2
2026-09-01 02:28:17,423 [INFO]    → 6 ofertas nuevas encontradas
2026-09-01 02:28:42,394 [INFO]    Página 5/5 → https://www.linkedin.com/jobs-guest/jobs/api/seeMoreJobPostings/search?keywords=Python%20Developer&location=Argentina&start=100&f_WT=2
2026-09-01 02:28:47,155 [INFO]    → 5 ofertas nuevas encontradas
2026-09-01 02:29:08,770 [INFO] Exportadas 35 ofertas a CSV: /media/carlos-a-cicconi/Common1/Repositorios-Ing.Carlos-Cicconi/Trabajo_Final_MCD/data/raw/ofertas_linkedin_20260901.csv
2026-09-01 02:29:08,770 [INFO] ✅ 'Python Developer': 35 ofertas guardadas
2026-09-01 02:29:08,771 [INFO] 
🔍 Buscando: 'Desarrollador Backend' en 'Argentina'
2026-09-01 02:29:08,771 [INFO]    Página 1/5 → https://www.linkedin.com/jobs-guest/jobs/api/seeMoreJobPostings/search?keywords=Desarrollador%20Backend&location=Argentina&start=0&f_WT=2
2026-09-01 02:29:13,331 [INFO]    → 7 ofertas nuevas encontradas
2026-09-01 02:29:42,663 [INFO]    Página 2/5 → https://www.linkedin.com/jobs-guest/jobs/api/seeMoreJobPostings/search?keywords=Desarrollador%20Backend&location=Argentina&start=25&f_WT=2
2026-09-01 02:29:45,873 [INFO]    → 7 ofertas nuevas encontradas
2026-09-01 02:30:15,557 [INFO]    Página 3/5 → https://www.linkedin.com/jobs-guest/jobs/api/seeMoreJobPostings/search?keywords=Desarrollador%20Backend&location=Argentina&start=50&f_WT=2
2026-09-01 02:30:20,133 [INFO]    → 10 ofertas nuevas encontradas
2026-09-01 02:31:00,945 [INFO]    Página 4/5 → https://www.linkedin.com/jobs-guest/jobs/api/seeMoreJobPostings/search?keywords=Desarrollador%20Backend&location=Argentina&start=75&f_WT=2
2026-09-01 02:31:05,129 [INFO]    → 10 ofertas nuevas encontradas
2026-09-01 02:31:47,631 [INFO]    Página 5/5 → https://www.linkedin.com/jobs-guest/jobs/api/seeMoreJobPostings/search?keywords=Desarrollador%20Backend&location=Argentina&start=100&f_WT=2
2026-09-01 02:31:53,047 [INFO]    → 9 ofertas nuevas encontradas
2026-09-01 02:32:27,787 [INFO] Exportadas 43 ofertas a CSV: /media/carlos-a-cicconi/Common1/Repositorios-Ing.Carlos-Cicconi/Trabajo_Final_MCD/data/raw/ofertas_linkedin_20260901.csv
2026-09-01 02:32:27,788 [INFO] ✅ 'Desarrollador Backend': 43 ofertas guardadas
2026-09-01 02:32:27,788 [INFO] 
🔍 Buscando: 'Desarrollador Full Stack' en 'Argentina'
2026-09-01 02:32:27,788 [INFO]    Página 1/5 → https://www.linkedin.com/jobs-guest/jobs/api/seeMoreJobPostings/search?keywords=Desarrollador%20Full%20Stack&location=Argentina&start=0&f_WT=2
2026-09-01 02:32:32,259 [INFO]    → 8 ofertas nuevas encontradas
2026-09-01 02:33:06,856 [INFO]    Página 2/5 → https://www.linkedin.com/jobs-guest/jobs/api/seeMoreJobPostings/search?keywords=Desarrollador%20Full%20Stack&location=Argentina&start=25&f_WT=2
2026-09-01 02:33:10,250 [INFO]    → 9 ofertas nuevas encontradas
2026-09-01 02:33:47,056 [INFO]    Página 3/5 → https://www.linkedin.com/jobs-guest/jobs/api/seeMoreJobPostings/search?keywords=Desarrollador%20Full%20Stack&location=Argentina&start=50&f_WT=2
2026-09-01 02:33:52,328 [INFO]    → 8 ofertas nuevas encontradas
2026-09-01 02:34:27,479 [INFO]    Página 4/5 → https://www.linkedin.com/jobs-guest/jobs/api/seeMoreJobPostings/search?keywords=Desarrollador%20Full%20Stack&location=Argentina&start=75&f_WT=2
2026-09-01 02:34:31,854 [INFO]    → 10 ofertas nuevas encontradas
2026-09-01 02:35:15,309 [INFO]    Página 5/5 → https://www.linkedin.com/jobs-guest/jobs/api/seeMoreJobPostings/search?keywords=Desarrollador%20Full%20Stack&location=Argentina&start=100&f_WT=2
2026-09-01 02:35:18,794 [INFO]    → 9 ofertas nuevas encontradas
2026-09-01 02:35:55,445 [INFO] Exportadas 44 ofertas a CSV: /media/carlos-a-cicconi/Common1/Repositorios-Ing.Carlos-Cicconi/Trabajo_Final_MCD/data/raw/ofertas_linkedin_20260901.csv
2026-09-01 02:35:55,446 [INFO] ✅ 'Desarrollador Full Stack': 44 ofertas guardadas
2026-09-01 02:35:55,446 [INFO] 
🔍 Buscando: 'Ingeniero de Datos' en 'Argentina'
2026-09-01 02:35:55,446 [INFO]    Página 1/5 → https://www.linkedin.com/jobs-guest/jobs/api/seeMoreJobPostings/search?keywords=Ingeniero%20de%20Datos&location=Argentina&start=0&f_WT=2
2026-09-01 02:35:59,809 [INFO]    → 2 ofertas nuevas encontradas
2026-09-01 02:36:09,774 [INFO]    Página 2/5 → https://www.linkedin.com/jobs-guest/jobs/api/seeMoreJobPostings/search?keywords=Ingeniero%20de%20Datos&location=Argentina&start=25&f_WT=2
2026-09-01 02:36:12,791 [INFO]    → 6 ofertas nuevas encontradas
2026-09-01 02:36:37,283 [INFO]    Página 3/5 → https://www.linkedin.com/jobs-guest/jobs/api/seeMoreJobPostings/search?keywords=Ingeniero%20de%20Datos&location=Argentina&start=50&f_WT=2
2026-09-01 02:36:42,318 [INFO]    → 7 ofertas nuevas encontradas
2026-09-01 02:37:12,201 [INFO]    Página 4/5 → https://www.linkedin.com/jobs-guest/jobs/api/seeMoreJobPostings/search?keywords=Ingeniero%20de%20Datos&location=Argentina&start=75&f_WT=2
2026-09-01 02:37:15,425 [INFO]    → 4 ofertas nuevas encontradas
2026-09-01 02:37:30,958 [INFO]    Página 5/5 → https://www.linkedin.com/jobs-guest/jobs/api/seeMoreJobPostings/search?keywords=Ingeniero%20de%20Datos&location=Argentina&start=100&f_WT=2
2026-09-01 02:37:34,175 [INFO]    → 10 ofertas nuevas encontradas
2026-09-01 02:38:13,477 [INFO] Exportadas 29 ofertas a CSV: /media/carlos-a-cicconi/Common1/Repositorios-Ing.Carlos-Cicconi/Trabajo_Final_MCD/data/raw/ofertas_linkedin_20260901.csv
2026-09-01 02:38:13,477 [INFO] ✅ 'Ingeniero de Datos': 29 ofertas guardadas
2026-09-01 02:38:13,477 [INFO] 
============================================================
2026-09-01 02:38:13,477 [INFO] SCRAPING FINALIZADO
2026-09-01 02:38:13,477 [INFO] Total de ofertas únicas recopiladas: 400
2026-09-01 02:38:13,477 [INFO] Base de datos: /media/carlos-a-cicconi/Common1/Repositorios-Ing.Carlos-Cicconi/Trabajo_Final_MCD/data/raw/linkedin.db
2026-09-01 02:38:13,477 [INFO] CSV exportado: /media/carlos-a-cicconi/Common1/Repositorios-Ing.Carlos-Cicconi/Trabajo_Final_MCD/data/raw/ofertas_linkedin_20260901.csv
2026-09-01 02:38:13,478 [INFO] Log guardado:  /media/carlos-a-cicconi/Common1/Repositorios-Ing.Carlos-Cicconi/Trabajo_Final_MCD/logs/scraper_20260901_020648.log
2026-09-01 02:38:13,478 [INFO] ============================================================
2026-09-01 02:38:13,478 [INFO] Estadísticas guardadas: /media/carlos-a-cicconi/Common1/Repositorios-Ing.Carlos-Cicconi/Trabajo_Final_MCD/data/raw/stats_linkedin_20260901_023813.json
2026-09-01 02:38:13,479 [INFO]   ✅ linkedin: 400 ofertas recopiladas
2026-09-01 02:38:13,483 [INFO] 
============================================================
2026-09-01 02:38:13,483 [INFO]   EJECUTANDO: computrabajo (ComputrabajoScraper)
2026-09-01 02:38:13,483 [INFO]   Queries: definidas en el módulo
2026-09-01 02:38:13,483 [INFO] ============================================================
2026-09-01 02:38:13,520 [INFO] Base de datos lista: /media/carlos-a-cicconi/Common1/Repositorios-Ing.Carlos-Cicconi/Trabajo_Final_MCD/data/raw/computrabajo.db
2026-09-01 02:38:13,520 [INFO] ComputrabajoScraper inicializado correctamente
2026-09-01 02:38:13,520 [INFO] ============================================================
2026-09-01 02:38:13,520 [INFO] INICIO DEL SCRAPING - Computrabajo Argentina
2026-09-01 02:38:13,520 [INFO] Búsquedas: 10 | Páginas por búsqueda: 5
2026-09-01 02:38:13,520 [INFO] ============================================================
2026-09-01 02:38:13,520 [INFO] 
🔍 Buscando: 'Data Scientist'
2026-09-01 02:38:13,520 [INFO]    Página 1/5 → https://www.computrabajo.com.ar/trabajo-de-data-scientist
2026-09-01 02:38:19,415 [INFO]    → 2 ofertas nuevas encontradas
2026-09-01 02:38:30,499 [INFO]    Página 2/5 → https://www.computrabajo.com.ar/trabajo-de-data-scientist?p=2
2026-09-01 02:38:35,483 [INFO]    → 0 ofertas nuevas encontradas
2026-09-01 02:38:35,483 [INFO]    → Sin más resultados para esta búsqueda.
2026-09-01 02:38:35,491 [INFO] Exportadas 2 ofertas a CSV: /media/carlos-a-cicconi/Common1/Repositorios-Ing.Carlos-Cicconi/Trabajo_Final_MCD/data/raw/ofertas_computrabajo_20260901.csv
2026-09-01 02:38:35,491 [INFO] ✅ 'Data Scientist': 2 ofertas guardadas
2026-09-01 02:38:35,491 [INFO] 
🔍 Buscando: 'Data Analyst'
2026-09-01 02:38:35,491 [INFO]    Página 1/5 → https://www.computrabajo.com.ar/trabajo-de-data-analyst
2026-09-01 02:38:40,161 [INFO]    → 0 ofertas nuevas encontradas
2026-09-01 02:38:40,161 [INFO]    → Sin más resultados para esta búsqueda.
2026-09-01 02:38:40,162 [INFO] ✅ 'Data Analyst': 0 ofertas guardadas
2026-09-01 02:38:40,162 [INFO] 
🔍 Buscando: 'Machine Learning Engineer'
2026-09-01 02:38:40,162 [INFO]    Página 1/5 → https://www.computrabajo.com.ar/trabajo-de-machine-learning
2026-09-01 02:38:45,366 [INFO]    → 6 ofertas nuevas encontradas
2026-09-01 02:39:18,008 [INFO]    Página 2/5 → https://www.computrabajo.com.ar/trabajo-de-machine-learning?p=2
2026-09-01 02:39:22,287 [INFO]    → 0 ofertas nuevas encontradas
2026-09-01 02:39:22,287 [INFO]    → Sin más resultados para esta búsqueda.
2026-09-01 02:39:22,287 [INFO] Exportadas 6 ofertas a CSV: /media/carlos-a-cicconi/Common1/Repositorios-Ing.Carlos-Cicconi/Trabajo_Final_MCD/data/raw/ofertas_computrabajo_20260901.csv
2026-09-01 02:39:22,287 [INFO] ✅ 'Machine Learning Engineer': 6 ofertas guardadas
2026-09-01 02:39:22,288 [INFO] 
🔍 Buscando: 'NLP Engineer'
2026-09-01 02:39:22,288 [INFO]    Página 1/5 → https://www.computrabajo.com.ar/trabajo-de-nlp-engineer
2026-09-01 02:39:27,995 [INFO]    → 0 ofertas nuevas encontradas
2026-09-01 02:39:27,996 [INFO]    → Sin más resultados para esta búsqueda.
2026-09-01 02:39:27,996 [INFO] ✅ 'NLP Engineer': 0 ofertas guardadas
2026-09-01 02:39:27,996 [INFO] 
🔍 Buscando: 'Data Engineer'
2026-09-01 02:39:27,996 [INFO]    Página 1/5 → https://www.computrabajo.com.ar/trabajo-de-data-engineer
2026-09-01 02:39:31,851 [INFO]    → 0 ofertas nuevas encontradas
2026-09-01 02:39:31,851 [INFO]    → Sin más resultados para esta búsqueda.
2026-09-01 02:39:31,851 [INFO] ✅ 'Data Engineer': 0 ofertas guardadas
2026-09-01 02:39:31,851 [INFO] 
🔍 Buscando: 'Software Engineer'
2026-09-01 02:39:31,851 [INFO]    Página 1/5 → https://www.computrabajo.com.ar/trabajo-de-software-engineer
2026-09-01 02:39:37,662 [INFO]    → 20 ofertas nuevas encontradas
2026-09-01 02:41:17,818 [INFO]    Página 2/5 → https://www.computrabajo.com.ar/trabajo-de-software-engineer?p=2
2026-09-01 02:41:21,487 [INFO]    → 20 ofertas nuevas encontradas
2026-09-01 02:43:09,546 [INFO]    Página 3/5 → https://www.computrabajo.com.ar/trabajo-de-software-engineer?p=3
2026-09-01 02:43:15,307 [INFO]    → 20 ofertas nuevas encontradas
2026-09-01 02:44:53,496 [INFO]    Página 4/5 → https://www.computrabajo.com.ar/trabajo-de-software-engineer?p=4
2026-09-01 02:44:58,560 [INFO]    → 0 ofertas nuevas encontradas
2026-09-01 02:44:58,560 [INFO]    → Sin más resultados para esta búsqueda.
2026-09-01 02:44:58,569 [INFO] Exportadas 60 ofertas a CSV: /media/carlos-a-cicconi/Common1/Repositorios-Ing.Carlos-Cicconi/Trabajo_Final_MCD/data/raw/ofertas_computrabajo_20260901.csv
2026-09-01 02:44:58,569 [INFO] ✅ 'Software Engineer': 60 ofertas guardadas
2026-09-01 02:44:58,569 [INFO] 
🔍 Buscando: 'Python Developer'
2026-09-01 02:44:58,570 [INFO]    Página 1/5 → https://www.computrabajo.com.ar/trabajo-de-python
2026-09-01 02:45:05,060 [INFO]    → 0 ofertas nuevas encontradas
2026-09-01 02:45:05,060 [INFO]    → Sin más resultados para esta búsqueda.
2026-09-01 02:45:05,060 [INFO] ✅ 'Python Developer': 0 ofertas guardadas
2026-09-01 02:45:05,060 [INFO] 
🔍 Buscando: 'Desarrollador Backend'
2026-09-01 02:45:05,060 [INFO]    Página 1/5 → https://www.computrabajo.com.ar/trabajo-de-desarrollador-backend
2026-09-01 02:45:10,629 [INFO]    → 0 ofertas nuevas encontradas
2026-09-01 02:45:10,630 [INFO]    → Sin más resultados para esta búsqueda.
2026-09-01 02:45:10,630 [INFO] ✅ 'Desarrollador Backend': 0 ofertas guardadas
2026-09-01 02:45:10,630 [INFO] 
🔍 Buscando: 'Desarrollador Full Stack'
2026-09-01 02:45:10,630 [INFO]    Página 1/5 → https://www.computrabajo.com.ar/trabajo-de-desarrollador-full-stack
2026-09-01 02:45:15,213 [INFO]    → 20 ofertas nuevas encontradas
2026-09-01 02:46:56,550 [INFO]    Página 2/5 → https://www.computrabajo.com.ar/trabajo-de-desarrollador-full-stack?p=2
2026-09-01 02:47:02,518 [INFO]    → 0 ofertas nuevas encontradas
2026-09-01 02:47:02,518 [INFO]    → Sin más resultados para esta búsqueda.
2026-09-01 02:47:02,525 [INFO] Exportadas 20 ofertas a CSV: /media/carlos-a-cicconi/Common1/Repositorios-Ing.Carlos-Cicconi/Trabajo_Final_MCD/data/raw/ofertas_computrabajo_20260901.csv
2026-09-01 02:47:02,525 [INFO] ✅ 'Desarrollador Full Stack': 20 ofertas guardadas
2026-09-01 02:47:02,526 [INFO] 
🔍 Buscando: 'Ingeniero de Datos'
2026-09-01 02:47:02,526 [INFO]    Página 1/5 → https://www.computrabajo.com.ar/trabajo-de-ingeniero-de-datos
2026-09-01 02:47:08,518 [INFO]    → 0 ofertas nuevas encontradas
2026-09-01 02:47:08,518 [INFO]    → Sin más resultados para esta búsqueda.
2026-09-01 02:47:08,518 [INFO] ✅ 'Ingeniero de Datos': 0 ofertas guardadas
2026-09-01 02:47:08,519 [INFO] 
============================================================
2026-09-01 02:47:08,519 [INFO] SCRAPING FINALIZADO - Computrabajo
2026-09-01 02:47:08,519 [INFO] Total de ofertas únicas recopiladas: 88
2026-09-01 02:47:08,519 [INFO] Base de datos : /media/carlos-a-cicconi/Common1/Repositorios-Ing.Carlos-Cicconi/Trabajo_Final_MCD/data/raw/computrabajo.db
2026-09-01 02:47:08,519 [INFO] CSV exportado : /media/carlos-a-cicconi/Common1/Repositorios-Ing.Carlos-Cicconi/Trabajo_Final_MCD/data/raw/ofertas_computrabajo_20260901.csv
2026-09-01 02:47:08,519 [INFO] Log guardado  : /media/carlos-a-cicconi/Common1/Repositorios-Ing.Carlos-Cicconi/Trabajo_Final_MCD/logs/computrabajo_scraper_20260901_023813.log
2026-09-01 02:47:08,519 [INFO] ============================================================
2026-09-01 02:47:08,526 [INFO] Estadísticas guardadas: /media/carlos-a-cicconi/Common1/Repositorios-Ing.Carlos-Cicconi/Trabajo_Final_MCD/data/raw/stats_computrabajo_20260901_024708.json
2026-09-01 02:47:08,526 [INFO]   ✅ computrabajo: 88 ofertas recopiladas
2026-09-01 02:47:08,532 [INFO] 
============================================================
2026-09-01 02:47:08,532 [INFO]   EJECUTANDO: getonboard (GetOnBoardScraper)
2026-09-01 02:47:08,532 [INFO]   Queries: definidas en el módulo
2026-09-01 02:47:08,532 [INFO] ============================================================
2026-09-01 02:47:08,537 [INFO] Base de datos lista: /media/carlos-a-cicconi/Common1/Repositorios-Ing.Carlos-Cicconi/Trabajo_Final_MCD/data/raw/getonboard.db
2026-09-01 02:47:08,538 [INFO] GetOnBoardScraper inicializado
2026-09-01 02:47:08,538 [INFO] ============================================================
2026-09-01 02:47:08,538 [INFO] INICIO DEL SCRAPING - GetOnBoard (API JSON)
2026-09-01 02:47:08,538 [INFO] Búsquedas: 10 | Páginas: 5
2026-09-01 02:47:08,538 [INFO] ============================================================
2026-09-01 02:47:08,538 [INFO] 
🔍 Buscando: 'Data Scientist'
2026-09-01 02:47:08,538 [INFO]    Página 1/5
2026-09-01 02:47:12,566 [INFO]    → 20 items recibidos
2026-09-01 02:47:12,595 [INFO]    → 20 ofertas nuevas guardadas en esta página
2026-09-01 02:47:12,595 [INFO]    Página 2/5
2026-09-01 02:47:14,590 [INFO]    → 4 items recibidos
2026-09-01 02:47:14,592 [INFO]    → 4 ofertas nuevas guardadas en esta página
2026-09-01 02:47:14,593 [INFO]    Página 3/5
2026-09-01 02:47:17,721 [INFO]    → 0 items recibidos
2026-09-01 02:47:17,722 [INFO]    → Sin más resultados.
2026-09-01 02:47:17,734 [INFO] Exportadas 24 ofertas a CSV: /media/carlos-a-cicconi/Common1/Repositorios-Ing.Carlos-Cicconi/Trabajo_Final_MCD/data/raw/ofertas_getonboard_20260901.csv
2026-09-01 02:47:17,735 [INFO] ✅ 'Data Scientist': 24 ofertas guardadas
2026-09-01 02:47:17,735 [INFO]    💤 Pausa: 4.3s
2026-09-01 02:47:22,064 [INFO] 
🔍 Buscando: 'Data Analyst'
2026-09-01 02:47:22,065 [INFO]    Página 1/5
2026-09-01 02:47:25,769 [INFO]    → 20 items recibidos
2026-09-01 02:47:25,777 [INFO]    → 19 ofertas nuevas guardadas en esta página
2026-09-01 02:47:25,784 [INFO]    Página 2/5
2026-09-01 02:47:28,654 [INFO]    → 20 items recibidos
2026-09-01 02:47:28,710 [INFO]    → 19 ofertas nuevas guardadas en esta página
2026-09-01 02:47:28,710 [INFO]    Página 3/5
2026-09-01 02:47:32,086 [INFO]    → 20 items recibidos
2026-09-01 02:47:32,091 [INFO]    → 15 ofertas nuevas guardadas en esta página
2026-09-01 02:47:32,091 [INFO]    Página 4/5
2026-09-01 02:47:35,432 [INFO]    → 20 items recibidos
2026-09-01 02:47:35,438 [INFO]    → 17 ofertas nuevas guardadas en esta página
2026-09-01 02:47:35,438 [INFO]    Página 5/5
2026-09-01 02:47:37,882 [INFO]    → 20 items recibidos
2026-09-01 02:47:37,888 [INFO]    → 18 ofertas nuevas guardadas en esta página
2026-09-01 02:47:37,904 [INFO] Exportadas 88 ofertas a CSV: /media/carlos-a-cicconi/Common1/Repositorios-Ing.Carlos-Cicconi/Trabajo_Final_MCD/data/raw/ofertas_getonboard_20260901.csv
2026-09-01 02:47:37,904 [INFO] ✅ 'Data Analyst': 88 ofertas guardadas
2026-09-01 02:47:37,904 [INFO]    💤 Pausa: 6.5s
2026-09-01 02:47:44,428 [INFO] 
🔍 Buscando: 'Machine Learning'
2026-09-01 02:47:44,428 [INFO]    Página 1/5
2026-09-01 02:47:48,162 [INFO]    → 20 items recibidos
2026-09-01 02:47:48,180 [INFO]    → 12 ofertas nuevas guardadas en esta página
2026-09-01 02:47:48,180 [INFO]    Página 2/5
2026-09-01 02:47:50,338 [INFO]    → 20 items recibidos
2026-09-01 02:47:50,342 [INFO]    → 11 ofertas nuevas guardadas en esta página
2026-09-01 02:47:50,342 [INFO]    Página 3/5
2026-09-01 02:47:53,124 [INFO]    → 20 items recibidos
2026-09-01 02:47:53,130 [INFO]    → 15 ofertas nuevas guardadas en esta página
2026-09-01 02:47:53,130 [INFO]    Página 4/5
2026-09-01 02:47:55,498 [INFO]    → 9 items recibidos
2026-09-01 02:47:55,502 [INFO]    → 7 ofertas nuevas guardadas en esta página
2026-09-01 02:47:55,502 [INFO]    Página 5/5
2026-09-01 02:47:58,655 [INFO]    → 0 items recibidos
2026-09-01 02:47:58,655 [INFO]    → Sin más resultados.
2026-09-01 02:47:58,683 [INFO] Exportadas 45 ofertas a CSV: /media/carlos-a-cicconi/Common1/Repositorios-Ing.Carlos-Cicconi/Trabajo_Final_MCD/data/raw/ofertas_getonboard_20260901.csv
2026-09-01 02:47:58,683 [INFO] ✅ 'Machine Learning': 45 ofertas guardadas
2026-09-01 02:47:58,684 [INFO]    💤 Pausa: 7.5s
2026-09-01 02:48:06,199 [INFO] 
🔍 Buscando: 'NLP'
2026-09-01 02:48:06,200 [INFO]    Página 1/5
2026-09-01 02:48:08,651 [INFO]    → 20 items recibidos
2026-09-01 02:48:08,691 [INFO]    → 16 ofertas nuevas guardadas en esta página
2026-09-01 02:48:08,691 [INFO]    Página 2/5
2026-09-01 02:48:12,418 [INFO]    → 20 items recibidos
2026-09-01 02:48:12,424 [INFO]    → 15 ofertas nuevas guardadas en esta página
2026-09-01 02:48:12,424 [INFO]    Página 3/5
2026-09-01 02:48:15,199 [INFO]    → 20 items recibidos
2026-09-01 02:48:15,236 [INFO]    → 15 ofertas nuevas guardadas en esta página
2026-09-01 02:48:15,237 [INFO]    Página 4/5
2026-09-01 02:48:18,717 [INFO]    → 20 items recibidos
2026-09-01 02:48:18,741 [INFO]    → 13 ofertas nuevas guardadas en esta página
2026-09-01 02:48:18,741 [INFO]    Página 5/5
2026-09-01 02:48:21,223 [INFO]    → 20 items recibidos
2026-09-01 02:48:21,233 [INFO]    → 14 ofertas nuevas guardadas en esta página
2026-09-01 02:48:21,251 [INFO] Exportadas 73 ofertas a CSV: /media/carlos-a-cicconi/Common1/Repositorios-Ing.Carlos-Cicconi/Trabajo_Final_MCD/data/raw/ofertas_getonboard_20260901.csv
2026-09-01 02:48:21,251 [INFO] ✅ 'NLP': 73 ofertas guardadas
2026-09-01 02:48:21,251 [INFO]    💤 Pausa: 6.2s
2026-09-01 02:48:27,452 [INFO] 
🔍 Buscando: 'Data Engineer'
2026-09-01 02:48:27,452 [INFO]    Página 1/5
2026-09-01 02:48:31,119 [INFO]    → 20 items recibidos
2026-09-01 02:48:31,121 [INFO]    → 3 ofertas nuevas guardadas en esta página
2026-09-01 02:48:31,121 [INFO]    Página 2/5
2026-09-01 02:48:33,410 [INFO]    → 20 items recibidos
2026-09-01 02:48:33,412 [INFO]    → 4 ofertas nuevas guardadas en esta página
2026-09-01 02:48:33,412 [INFO]    Página 3/5
2026-09-01 02:48:35,587 [INFO]    → 20 items recibidos
2026-09-01 02:48:35,594 [INFO]    → 4 ofertas nuevas guardadas en esta página
2026-09-01 02:48:35,595 [INFO]    Página 4/5
2026-09-01 02:48:37,632 [INFO]    → 20 items recibidos
2026-09-01 02:48:37,655 [INFO]    → 14 ofertas nuevas guardadas en esta página
2026-09-01 02:48:37,655 [INFO]    Página 5/5
2026-09-01 02:48:41,223 [INFO]    → 20 items recibidos
2026-09-01 02:48:41,227 [INFO]    → 11 ofertas nuevas guardadas en esta página
2026-09-01 02:48:41,238 [INFO] Exportadas 36 ofertas a CSV: /media/carlos-a-cicconi/Common1/Repositorios-Ing.Carlos-Cicconi/Trabajo_Final_MCD/data/raw/ofertas_getonboard_20260901.csv
2026-09-01 02:48:41,239 [INFO] ✅ 'Data Engineer': 36 ofertas guardadas
2026-09-01 02:48:41,239 [INFO]    💤 Pausa: 6.1s
2026-09-01 02:48:47,299 [INFO] 
🔍 Buscando: 'Software Engineer'
2026-09-01 02:48:47,299 [INFO]    Página 1/5
2026-09-01 02:48:50,948 [INFO]    → 20 items recibidos
2026-09-01 02:48:50,965 [INFO]    → 12 ofertas nuevas guardadas en esta página
2026-09-01 02:48:50,965 [INFO]    Página 2/5
2026-09-01 02:48:54,637 [INFO]    → 20 items recibidos
2026-09-01 02:48:54,668 [INFO]    → 7 ofertas nuevas guardadas en esta página
2026-09-01 02:48:54,669 [INFO]    Página 3/5
2026-09-01 02:48:57,739 [INFO]    → 20 items recibidos
2026-09-01 02:48:57,741 [INFO]    → 5 ofertas nuevas guardadas en esta página
2026-09-01 02:48:57,741 [INFO]    Página 4/5
2026-09-01 02:49:00,118 [INFO]    → 20 items recibidos
2026-09-01 02:49:00,125 [INFO]    → 9 ofertas nuevas guardadas en esta página
2026-09-01 02:49:00,125 [INFO]    Página 5/5
2026-09-01 02:49:02,839 [INFO]    → 20 items recibidos
2026-09-01 02:49:02,843 [INFO]    → 11 ofertas nuevas guardadas en esta página
2026-09-01 02:49:02,855 [INFO] Exportadas 44 ofertas a CSV: /media/carlos-a-cicconi/Common1/Repositorios-Ing.Carlos-Cicconi/Trabajo_Final_MCD/data/raw/ofertas_getonboard_20260901.csv
2026-09-01 02:49:02,855 [INFO] ✅ 'Software Engineer': 44 ofertas guardadas
2026-09-01 02:49:02,855 [INFO]    💤 Pausa: 4.8s
2026-09-01 02:49:07,608 [INFO] 
🔍 Buscando: 'Python'
2026-09-01 02:49:07,609 [INFO]    Página 1/5
2026-09-01 02:49:10,368 [INFO]    → 20 items recibidos
2026-09-01 02:49:10,384 [INFO]    → 5 ofertas nuevas guardadas en esta página
2026-09-01 02:49:10,384 [INFO]    Página 2/5
2026-09-01 02:49:13,762 [INFO]    → 20 items recibidos
2026-09-01 02:49:13,779 [INFO]    → 9 ofertas nuevas guardadas en esta página
2026-09-01 02:49:13,779 [INFO]    Página 3/5
2026-09-01 02:49:17,522 [INFO]    → 20 items recibidos
2026-09-01 02:49:17,524 [INFO]    → 6 ofertas nuevas guardadas en esta página
2026-09-01 02:49:17,524 [INFO]    Página 4/5
2026-09-01 02:49:20,705 [INFO]    → 20 items recibidos
2026-09-01 02:49:20,711 [INFO]    → 4 ofertas nuevas guardadas en esta página
2026-09-01 02:49:20,711 [INFO]    Página 5/5
2026-09-01 02:49:23,871 [INFO]    → 20 items recibidos
2026-09-01 02:49:23,873 [INFO]    → 7 ofertas nuevas guardadas en esta página
2026-09-01 02:49:23,884 [INFO] Exportadas 31 ofertas a CSV: /media/carlos-a-cicconi/Common1/Repositorios-Ing.Carlos-Cicconi/Trabajo_Final_MCD/data/raw/ofertas_getonboard_20260901.csv
2026-09-01 02:49:23,884 [INFO] ✅ 'Python': 31 ofertas guardadas
2026-09-01 02:49:23,884 [INFO]    💤 Pausa: 6.1s
2026-09-01 02:49:30,017 [INFO] 
🔍 Buscando: 'Backend'
2026-09-01 02:49:30,018 [INFO]    Página 1/5
2026-09-01 02:49:32,108 [INFO]    → 20 items recibidos
2026-09-01 02:49:32,117 [INFO]    → 8 ofertas nuevas guardadas en esta página
2026-09-01 02:49:32,117 [INFO]    Página 2/5
2026-09-01 02:49:35,356 [INFO]    → 20 items recibidos
2026-09-01 02:49:35,359 [INFO]    → 7 ofertas nuevas guardadas en esta página
2026-09-01 02:49:35,359 [INFO]    Página 3/5
2026-09-01 02:49:38,969 [INFO]    → 20 items recibidos
2026-09-01 02:49:38,972 [INFO]    → 8 ofertas nuevas guardadas en esta página
2026-09-01 02:49:38,972 [INFO]    Página 4/5
2026-09-01 02:49:41,268 [INFO]    → 20 items recibidos
2026-09-01 02:49:41,287 [INFO]    → 7 ofertas nuevas guardadas en esta página
2026-09-01 02:49:41,288 [INFO]    Página 5/5
2026-09-01 02:49:44,041 [INFO]    → 20 items recibidos
2026-09-01 02:49:44,043 [INFO]    → 4 ofertas nuevas guardadas en esta página
2026-09-01 02:49:44,053 [INFO] Exportadas 34 ofertas a CSV: /media/carlos-a-cicconi/Common1/Repositorios-Ing.Carlos-Cicconi/Trabajo_Final_MCD/data/raw/ofertas_getonboard_20260901.csv
2026-09-01 02:49:44,054 [INFO] ✅ 'Backend': 34 ofertas guardadas
2026-09-01 02:49:44,054 [INFO]    💤 Pausa: 6.4s
2026-09-01 02:49:50,438 [INFO] 
🔍 Buscando: 'Full Stack'
2026-09-01 02:49:50,439 [INFO]    Página 1/5
2026-09-01 02:49:52,419 [INFO]    → 20 items recibidos
2026-09-01 02:49:52,420 [INFO]    → 2 ofertas nuevas guardadas en esta página
2026-09-01 02:49:52,420 [INFO]    Página 2/5
2026-09-01 02:49:55,770 [INFO]    → 20 items recibidos
2026-09-01 02:49:55,771 [INFO]    → 1 ofertas nuevas guardadas en esta página
2026-09-01 02:49:55,771 [INFO]    Página 3/5
2026-09-01 02:49:59,141 [INFO]    → 20 items recibidos
2026-09-01 02:49:59,142 [INFO]    → 3 ofertas nuevas guardadas en esta página
2026-09-01 02:49:59,142 [INFO]    Página 4/5
2026-09-01 02:50:02,387 [INFO]    → 20 items recibidos
2026-09-01 02:50:02,391 [INFO]    → 10 ofertas nuevas guardadas en esta página
2026-09-01 02:50:02,391 [INFO]    Página 5/5
2026-09-01 02:50:04,630 [INFO]    → 20 items recibidos
2026-09-01 02:50:04,636 [INFO]    → 18 ofertas nuevas guardadas en esta página
2026-09-01 02:50:04,646 [INFO] Exportadas 34 ofertas a CSV: /media/carlos-a-cicconi/Common1/Repositorios-Ing.Carlos-Cicconi/Trabajo_Final_MCD/data/raw/ofertas_getonboard_20260901.csv
2026-09-01 02:50:04,647 [INFO] ✅ 'Full Stack': 34 ofertas guardadas
2026-09-01 02:50:04,647 [INFO]    💤 Pausa: 5.0s
2026-09-01 02:50:09,614 [INFO] 
🔍 Buscando: 'Ingeniero de Datos'
2026-09-01 02:50:09,615 [INFO]    Página 1/5
2026-09-01 02:50:13,120 [INFO]    → 20 items recibidos
2026-09-01 02:50:13,121 [INFO]    → 1 ofertas nuevas guardadas en esta página
2026-09-01 02:50:13,121 [INFO]    Página 2/5
2026-09-01 02:50:15,310 [INFO]    → 20 items recibidos
2026-09-01 02:50:15,314 [INFO]    → 10 ofertas nuevas guardadas en esta página
2026-09-01 02:50:15,314 [INFO]    Página 3/5
2026-09-01 02:50:17,494 [INFO]    → 10 items recibidos
2026-09-01 02:50:17,497 [INFO]    → 9 ofertas nuevas guardadas en esta página
2026-09-01 02:50:17,497 [INFO]    Página 4/5
2026-09-01 02:50:20,055 [INFO]    → 0 items recibidos
2026-09-01 02:50:20,055 [INFO]    → Sin más resultados.
2026-09-01 02:50:20,069 [INFO] Exportadas 20 ofertas a CSV: /media/carlos-a-cicconi/Common1/Repositorios-Ing.Carlos-Cicconi/Trabajo_Final_MCD/data/raw/ofertas_getonboard_20260901.csv
2026-09-01 02:50:20,070 [INFO] ✅ 'Ingeniero de Datos': 20 ofertas guardadas
2026-09-01 02:50:20,070 [INFO]    💤 Pausa: 7.6s
2026-09-01 02:50:27,640 [INFO] 
============================================================
2026-09-01 02:50:27,641 [INFO] SCRAPING FINALIZADO - GetOnBoard
2026-09-01 02:50:27,641 [INFO] Total ofertas únicas: 429
2026-09-01 02:50:27,642 [INFO] DB : /media/carlos-a-cicconi/Common1/Repositorios-Ing.Carlos-Cicconi/Trabajo_Final_MCD/data/raw/getonboard.db
2026-09-01 02:50:27,642 [INFO] CSV: /media/carlos-a-cicconi/Common1/Repositorios-Ing.Carlos-Cicconi/Trabajo_Final_MCD/data/raw/ofertas_getonboard_20260901.csv
2026-09-01 02:50:27,642 [INFO] Log: /media/carlos-a-cicconi/Common1/Repositorios-Ing.Carlos-Cicconi/Trabajo_Final_MCD/logs/getonboard_scraper_20260901_024708.log
2026-09-01 02:50:27,643 [INFO] ============================================================
2026-09-01 02:50:27,651 [INFO]   ✅ getonboard: 429 ofertas recopiladas
2026-09-01 02:50:27,652 [INFO] 
============================================================
2026-09-01 02:50:27,652 [INFO]   EJECUTANDO: bumeran (BumeranScraper)
2026-09-01 02:50:27,653 [INFO]   Queries: definidas en el módulo
2026-09-01 02:50:27,653 [INFO] ============================================================
2026-09-01 02:50:27,677 [ERROR]   ❌ bumeran falló: No module named 'playwright'
2026-09-01 02:50:27,679 [INFO] 
============================================================
2026-09-01 02:50:27,679 [INFO]   EJECUTANDO: zonajobs (ZonaJobsScraper)
2026-09-01 02:50:27,679 [INFO]   Queries: definidas en el módulo
2026-09-01 02:50:27,679 [INFO] ============================================================
2026-09-01 02:50:27,680 [ERROR]   ❌ zonajobs falló: No module named 'playwright'
2026-09-01 02:50:27,681 [INFO] 
============================================================
2026-09-01 02:50:27,681 [INFO]   EJECUTANDO: workana (WorkanaScraper)
2026-09-01 02:50:27,681 [INFO]   Queries: definidas en el módulo
2026-09-01 02:50:27,681 [INFO] ============================================================
2026-09-01 02:50:27,683 [ERROR]   ❌ workana falló: No module named 'playwright'
2026-09-01 02:50:27,684 [INFO] 
============================================================
2026-09-01 02:50:27,684 [INFO]   EJECUTANDO: opcionempleo (OpcionempleoScraper)
2026-09-01 02:50:27,684 [INFO]   Queries: definidas en el módulo
2026-09-01 02:50:27,684 [INFO] ============================================================
2026-09-01 02:50:27,685 [ERROR]   ❌ opcionempleo falló: No module named 'playwright'
2026-09-01 02:50:27,686 [INFO] 
============================================================
2026-09-01 02:50:27,686 [INFO]   EJECUTANDO: jobomas (JobomasScraper)
2026-09-01 02:50:27,686 [INFO]   Queries: definidas en el módulo
2026-09-01 02:50:27,686 [INFO] ============================================================
2026-09-01 02:50:27,753 [INFO] DB lista: /media/carlos-a-cicconi/Common1/Repositorios-Ing.Carlos-Cicconi/Trabajo_Final_MCD/data/raw/jobomas.db
2026-09-01 02:50:27,753 [INFO] Ejecutando diagnóstico de Jobomas...
2026-09-01 02:50:30,050 [INFO]   https://ar.jobomas.com/python → HTTP 404 | 6,586 | CT:text/html; charset=utf-8
2026-09-01 02:50:31,474 [INFO]   https://ar.jobomas.com/trabajo/python → HTTP 404 | 6,586 | CT:text/html; charset=utf-8
2026-09-01 02:50:37,827 [INFO]   https://ar.jobomas.com/ → HTTP 200 | 81,673 | CT:text/html; charset=utf-8
2026-09-01 02:50:37,855 [INFO]   <title>: Empleos y ofertas de trabajo en Argentina
2026-09-01 02:50:37,883 [INFO]   Links de oferta: 16
2026-09-01 02:50:37,883 [INFO]     /personalized-internet-ads-assessor-german_iid_392249744 | Personalized Internet Ads Assessor | German
2026-09-01 02:50:37,883 [INFO]     https://wa.me/?text=%C2%A1Hola%21%20He%20encontrado%20esta%20oferta%20de%20trabajo%20en%20jobomas%20y%20creo%20que%20puede%20intsosarte%3A%0A%0APersonalized%20Internet%20Ads%20Assessor%20%7C%20German%0Ahttps%3A%2F%2Far.jobomas.com%2Fpersonalized-internet-ads-assessor-german_iid_392249744 | Compartir este empleo
2026-09-01 02:50:37,883 [INFO]     /encargado-de-deposito-con-experiencia-comprobable_iid_392254080 | Encargado De Deposito | con experiencia comprobable
2026-09-01 02:50:37,884 [INFO] JobomasScraper inicializado (modo: params)
2026-09-01 02:50:37,884 [INFO] ============================================================
2026-09-01 02:50:37,884 [INFO] INICIO - Jobomas Argentina
2026-09-01 02:50:37,884 [INFO] 
🔍 'Data Scientist'
2026-09-01 02:50:37,884 [INFO]    Página 1/5
2026-09-01 02:50:46,685 [INFO]    → 8 encontradas
2026-09-01 02:51:43,993 [INFO]    Página 2/5
2026-09-01 02:51:53,120 [WARNING]    Sin ofertas — HTML guardado en diagnostico/
2026-09-01 02:51:53,120 [INFO]    → 0 encontradas
2026-09-01 02:51:53,121 [INFO] CSV: 8 exportadas
2026-09-01 02:51:53,121 [INFO] ✅ 'Data Scientist': 8 guardadas
2026-09-01 02:52:02,467 [INFO] 
🔍 'Data Analyst'
2026-09-01 02:52:02,468 [INFO]    Página 1/5
2026-09-01 02:52:12,070 [WARNING]    Sin ofertas — HTML guardado en diagnostico/
2026-09-01 02:52:12,071 [INFO]    → 0 encontradas
2026-09-01 02:52:12,071 [INFO] ✅ 'Data Analyst': 0 guardadas
2026-09-01 02:52:21,892 [INFO] 
🔍 'Machine Learning Engineer'
2026-09-01 02:52:21,892 [INFO]    Página 1/5
2026-09-01 02:52:29,055 [WARNING]    Sin ofertas — HTML guardado en diagnostico/
2026-09-01 02:52:29,055 [INFO]    → 0 encontradas
2026-09-01 02:52:29,055 [INFO] ✅ 'Machine Learning Engineer': 0 guardadas
2026-09-01 02:52:38,203 [INFO] 
🔍 'NLP Engineer'
2026-09-01 02:52:38,204 [INFO]    Página 1/5
2026-09-01 02:52:44,100 [WARNING]    Sin ofertas — HTML guardado en diagnostico/
2026-09-01 02:52:44,101 [INFO]    → 0 encontradas
2026-09-01 02:52:44,101 [INFO] ✅ 'NLP Engineer': 0 guardadas
2026-09-01 02:52:52,396 [INFO] 
🔍 'Data Engineer'
2026-09-01 02:52:52,396 [INFO]    Página 1/5
2026-09-01 02:52:59,763 [WARNING]    Sin ofertas — HTML guardado en diagnostico/
2026-09-01 02:52:59,763 [INFO]    → 0 encontradas
2026-09-01 02:52:59,763 [INFO] ✅ 'Data Engineer': 0 guardadas
2026-09-01 02:53:06,906 [INFO] 
🔍 'Software Engineer'
2026-09-01 02:53:06,907 [INFO]    Página 1/5
2026-09-01 02:53:13,762 [WARNING]    Sin ofertas — HTML guardado en diagnostico/
2026-09-01 02:53:13,762 [INFO]    → 0 encontradas
2026-09-01 02:53:13,763 [INFO] ✅ 'Software Engineer': 0 guardadas
2026-09-01 02:53:21,024 [INFO] 
🔍 'Python Developer'
2026-09-01 02:53:21,025 [INFO]    Página 1/5
2026-09-01 02:53:27,628 [WARNING]    Sin ofertas — HTML guardado en diagnostico/
2026-09-01 02:53:27,628 [INFO]    → 0 encontradas
2026-09-01 02:53:27,628 [INFO] ✅ 'Python Developer': 0 guardadas
2026-09-01 02:53:33,800 [INFO] 
🔍 'Desarrollador Backend'
2026-09-01 02:53:33,801 [INFO]    Página 1/5
2026-09-01 02:53:40,007 [WARNING]    Sin ofertas — HTML guardado en diagnostico/
2026-09-01 02:53:40,007 [INFO]    → 0 encontradas
2026-09-01 02:53:40,007 [INFO] ✅ 'Desarrollador Backend': 0 guardadas
2026-09-01 02:53:48,451 [INFO] 
🔍 'Desarrollador Full Stack'
2026-09-01 02:53:48,451 [INFO]    Página 1/5
2026-09-01 02:53:54,562 [WARNING]    Sin ofertas — HTML guardado en diagnostico/
2026-09-01 02:53:54,562 [INFO]    → 0 encontradas
2026-09-01 02:53:54,563 [INFO] ✅ 'Desarrollador Full Stack': 0 guardadas
2026-09-01 02:54:02,548 [INFO] 
🔍 'Ingeniero de Datos'
2026-09-01 02:54:02,548 [INFO]    Página 1/5
2026-09-01 02:54:08,463 [WARNING]    Sin ofertas — HTML guardado en diagnostico/
2026-09-01 02:54:08,464 [INFO]    → 0 encontradas
2026-09-01 02:54:08,464 [INFO] ✅ 'Ingeniero de Datos': 0 guardadas
2026-09-01 02:54:13,973 [INFO] 
============================================================
FINALIZADO — 8 ofertas
2026-09-01 02:54:13,981 [INFO]   ✅ jobomas: 8 ofertas recopiladas
2026-09-01 02:54:13,986 [INFO] 
============================================================
2026-09-01 02:54:13,986 [INFO]   EJECUTANDO: jobrapido (JobrapidoScraper)
2026-09-01 02:54:13,987 [INFO]   Queries: definidas en el módulo
2026-09-01 02:54:13,987 [INFO] ============================================================
2026-09-01 02:54:14,037 [INFO] DB lista: /media/carlos-a-cicconi/Common1/Repositorios-Ing.Carlos-Cicconi/Trabajo_Final_MCD/data/raw/jobrapido.db
2026-09-01 02:54:14,037 [INFO] Ejecutando diagnóstico de Jobrapido...
2026-09-01 02:54:19,191 [INFO]   https://ar.jobrapido.com/Ofertas-de-trabajo-para-Python?l=Argentina → HTTP 200 | 330,952 chars
2026-09-01 02:54:19,226 [INFO]   <title>: Bolsa trabajo para Python, ofertas empleo | Jobrapido.com
2026-09-01 02:54:19,227 [INFO]   JS-only:False
2026-09-01 02:54:19,230 [INFO]   Clase 'job': 45 | ejemplo: search google-one-tap-enabled not-is-jobseeker open-sans-ena
2026-09-01 02:54:19,233 [INFO]   Clase 'result': 196 | ejemplo: wrapper result-list
2026-09-01 02:54:19,240 [INFO]   Clase 'item': 230 | ejemplo: suggested-locations-item
2026-09-01 02:54:19,249 [INFO]   Links de oferta: 15
2026-09-01 02:54:19,249 [INFO]     https://open.app.jobrapido.com/ar/3705923438423048192/?w=python&l=&oc=sponsored&k=web.1.1.0&uuid=arF001a05bbf4c096728&page_item_id=1195989146 | Open job preview for: Senior Python Engineer  - Rosario
2026-09-01 02:54:19,249 [INFO]     https://open.app.jobrapido.com/ar/149836546223112192/?w=python&l=&oc=sponsored&k=web.1.1.1&uuid=arF001a05bbf4c096728&page_item_id=-2010641241 | Open job preview for: Desarrollador/a Fullstack (React + Pyt
2026-09-01 02:54:19,249 [INFO]     https://open.app.jobrapido.com/ar/782934087366082560/?w=python&l=&oc=sponsored&k=web.1.1.2&uuid=arF001a05bbf4c096728&page_item_id=156779229 | Open job preview for: Remote Senior Data Engineer — Python +
2026-09-01 02:54:19,253 [INFO]   Paginación: 12345678910
2026-09-01 02:54:19,254 [INFO] JobrapidoScraper inicializado
2026-09-01 02:54:19,254 [INFO] ============================================================
2026-09-01 02:54:19,254 [INFO] INICIO - Jobrapido Argentina
2026-09-01 02:54:19,254 [INFO] 
🔍 'Data Scientist'
2026-09-01 02:54:19,254 [INFO]    Página 1/5
2026-09-01 02:54:24,654 [INFO]    → 15 encontradas
2026-09-01 02:55:57,191 [INFO]    Página 2/5
2026-09-01 02:56:03,106 [INFO]    → 15 encontradas
2026-09-01 02:57:38,042 [INFO]    Página 3/5
2026-09-01 02:57:44,081 [INFO]    → 15 encontradas
2026-09-01 02:59:19,778 [INFO]    Página 4/5
2026-09-01 02:59:24,046 [INFO]    → 20 encontradas
2026-09-01 03:01:22,056 [INFO]    Página 5/5
2026-09-01 03:01:28,829 [INFO]    → 20 encontradas
2026-09-01 03:03:32,662 [INFO] CSV: 85 exportadas
2026-09-01 03:03:32,662 [INFO] ✅ 'Data Scientist': 85 guardadas
2026-09-01 03:03:40,578 [INFO] 
🔍 'Data Analyst'
2026-09-01 03:03:40,579 [INFO]    Página 1/5
2026-09-01 03:03:46,474 [INFO]    → 20 encontradas
2026-09-01 03:06:00,928 [INFO]    Página 2/5
2026-09-01 03:06:06,063 [INFO]    → 20 encontradas
2026-09-01 03:08:08,006 [INFO]    Página 3/5
2026-09-01 03:08:14,516 [INFO]    → 20 encontradas
2026-09-01 03:10:15,747 [INFO]    Página 4/5
2026-09-01 03:10:20,058 [INFO]    → 18 encontradas
2026-09-01 03:12:13,195 [INFO]    Página 5/5
2026-09-01 03:12:17,571 [INFO]    → 2 encontradas
2026-09-01 03:12:29,572 [INFO] CSV: 80 exportadas
2026-09-01 03:12:29,572 [INFO] ✅ 'Data Analyst': 80 guardadas
2026-09-01 03:12:38,092 [INFO] 
🔍 'Machine Learning Engineer'
2026-09-01 03:12:38,093 [INFO]    Página 1/5
2026-09-01 03:12:43,328 [INFO]    → 15 encontradas
2026-09-01 03:14:17,384 [INFO]    Página 2/5
2026-09-01 03:14:22,469 [INFO]    → 19 encontradas
2026-09-01 03:16:26,598 [INFO]    Página 3/5
2026-09-01 03:16:30,984 [INFO]    → 4 encontradas
2026-09-01 03:16:52,800 [INFO]    Página 4/5
2026-09-01 03:16:56,288 [INFO]    → 14 encontradas
2026-09-01 03:18:15,996 [INFO]    Página 5/5
2026-09-01 03:18:21,982 [INFO]    → 10 encontradas
2026-09-01 03:19:21,582 [INFO] CSV: 62 exportadas
2026-09-01 03:19:21,582 [INFO] ✅ 'Machine Learning Engineer': 62 guardadas
2026-09-01 03:19:27,023 [INFO] 
🔍 'NLP Engineer'
2026-09-01 03:19:27,023 [INFO]    Página 1/5
2026-09-01 03:19:32,282 [INFO]    → 14 encontradas
2026-09-01 03:20:54,704 [INFO]    Página 2/5
2026-09-01 03:20:59,373 [INFO]    → 9 encontradas
2026-09-01 03:21:57,485 [INFO]    Página 3/5
2026-09-01 03:22:01,295 [INFO]    → 19 encontradas
2026-09-01 03:23:52,878 [INFO]    Página 4/5
2026-09-01 03:23:58,955 [INFO]    → 20 encontradas
2026-09-01 03:26:13,537 [INFO]    Página 5/5
2026-09-01 03:26:18,285 [WARNING]    Sin ofertas — HTML guardado en diagnostico/
2026-09-01 03:26:18,285 [INFO]    → 0 encontradas
2026-09-01 03:26:18,289 [INFO] CSV: 62 exportadas
2026-09-01 03:26:18,289 [INFO] ✅ 'NLP Engineer': 62 guardadas
2026-09-01 03:26:25,822 [INFO] 
🔍 'Data Engineer'
2026-09-01 03:26:25,822 [INFO]    Página 1/5
2026-09-01 03:26:31,241 [INFO]    → 13 encontradas
2026-09-01 03:27:49,396 [INFO]    Página 2/5
2026-09-01 03:27:53,581 [INFO]    → 19 encontradas
2026-09-01 03:29:56,653 [INFO]    Página 3/5
2026-09-01 03:30:03,145 [INFO]    → 18 encontradas
2026-09-01 03:31:50,138 [INFO]    Página 4/5
2026-09-01 03:31:55,733 [INFO]    → 20 encontradas
2026-09-01 03:34:02,752 [INFO]    Página 5/5
2026-09-01 03:34:08,050 [WARNING]    Sin ofertas — HTML guardado en diagnostico/
2026-09-01 03:34:08,050 [INFO]    → 0 encontradas
2026-09-01 03:34:08,052 [INFO] CSV: 70 exportadas
2026-09-01 03:34:08,052 [INFO] ✅ 'Data Engineer': 70 guardadas
2026-09-01 03:34:15,592 [INFO] 
🔍 'Software Engineer'
2026-09-01 03:34:15,593 [INFO]    Página 1/5
2026-09-01 03:34:21,351 [INFO]    → 14 encontradas
2026-09-01 03:35:42,383 [INFO]    Página 2/5
2026-09-01 03:35:48,663 [INFO]    → 4 encontradas
2026-09-01 03:36:11,342 [INFO]    Página 3/5
2026-09-01 03:36:15,947 [INFO]    → 4 encontradas
2026-09-01 03:36:39,633 [INFO]    Página 4/5
2026-09-01 03:36:44,552 [INFO]    → 14 encontradas
2026-09-01 03:38:11,723 [INFO]    Página 5/5
2026-09-01 03:38:16,211 [INFO]    → 9 encontradas
2026-09-01 03:39:10,267 [INFO] CSV: 45 exportadas
2026-09-01 03:39:10,267 [INFO] ✅ 'Software Engineer': 45 guardadas
2026-09-01 03:39:15,721 [INFO] 
🔍 'Python Developer'
2026-09-01 03:39:15,722 [INFO]    Página 1/5
2026-09-01 03:39:21,720 [INFO]    → 11 encontradas
2026-09-01 03:40:29,571 [INFO]    Página 2/5
2026-09-01 03:40:33,141 [INFO]    → 2 encontradas
2026-09-01 03:40:44,421 [INFO]    Página 3/5
2026-09-01 03:40:49,267 [INFO]    → 5 encontradas
2026-09-01 03:41:21,343 [INFO]    Página 4/5
2026-09-01 03:41:25,785 [INFO]    → 4 encontradas
2026-09-01 03:41:49,144 [INFO]    Página 5/5
2026-09-01 03:41:54,322 [WARNING]    Sin ofertas — HTML guardado en diagnostico/
2026-09-01 03:41:54,322 [INFO]    → 0 encontradas
2026-09-01 03:41:54,323 [INFO] CSV: 22 exportadas
2026-09-01 03:41:54,323 [INFO] ✅ 'Python Developer': 22 guardadas
2026-09-01 03:42:00,616 [INFO] 
🔍 'Desarrollador Backend'
2026-09-01 03:42:00,616 [INFO]    Página 1/5
2026-09-01 03:42:05,951 [INFO]    → 20 encontradas
2026-09-01 03:44:10,850 [INFO]    Página 2/5
2026-09-01 03:44:16,876 [INFO]    → 20 encontradas
2026-09-01 03:46:24,302 [INFO]    Página 3/5
2026-09-01 03:46:30,313 [INFO]    → 5 encontradas
2026-09-01 03:47:03,553 [INFO]    Página 4/5
2026-09-01 03:47:07,604 [INFO]    → 15 encontradas
2026-09-01 03:48:37,162 [INFO]    Página 5/5
2026-09-01 03:48:41,539 [INFO]    → 12 encontradas
2026-09-01 03:49:49,465 [INFO] CSV: 72 exportadas
2026-09-01 03:49:49,466 [INFO] ✅ 'Desarrollador Backend': 72 guardadas
2026-09-01 03:49:57,563 [INFO] 
🔍 'Desarrollador Full Stack'
2026-09-01 03:49:57,563 [INFO]    Página 1/5
2026-09-01 03:50:02,461 [INFO]    → 10 encontradas
2026-09-01 03:51:05,182 [INFO]    Página 2/5
2026-09-01 03:51:08,264 [INFO]    → 10 encontradas
2026-09-01 03:52:07,371 [INFO]    Página 3/5
2026-09-01 03:52:13,633 [INFO]    → 20 encontradas
2026-09-01 03:54:38,936 [INFO]    Página 4/5
2026-09-01 03:54:42,619 [INFO]    → 20 encontradas
2026-09-01 03:56:56,609 [ERROR] Error (intento 1): ('Connection aborted.', RemoteDisconnected('Remote end closed connection without response'))
2026-09-01 03:57:18,898 [INFO]    Página 5/5
2026-09-01 03:57:24,100 [INFO]    → 20 encontradas
2026-09-01 03:59:44,501 [INFO] CSV: 80 exportadas
2026-09-01 03:59:44,501 [INFO] ✅ 'Desarrollador Full Stack': 80 guardadas
2026-09-01 03:59:51,591 [INFO] 
🔍 'Ingeniero de Datos'
2026-09-01 03:59:51,591 [INFO]    Página 1/5
2026-09-01 03:59:57,610 [INFO]    → 13 encontradas
2026-09-01 04:01:25,505 [INFO]    Página 2/5
2026-09-01 04:01:31,839 [INFO]    → 14 encontradas
2026-09-01 04:02:59,467 [INFO]    Página 3/5
2026-09-01 04:03:04,560 [INFO]    → 20 encontradas
2026-09-01 04:05:10,205 [INFO]    Página 4/5
2026-09-01 04:05:16,801 [INFO]    → 20 encontradas
2026-09-01 04:07:15,764 [INFO]    Página 5/5
2026-09-01 04:07:22,844 [INFO]    → 20 encontradas
2026-09-01 04:09:22,641 [INFO] CSV: 87 exportadas
2026-09-01 04:09:22,641 [INFO] ✅ 'Ingeniero de Datos': 87 guardadas
2026-09-01 04:09:27,992 [INFO] 
============================================================
FINALIZADO — 665 ofertas
2026-09-01 04:09:28,000 [INFO]   ✅ jobrapido: 665 ofertas recopiladas
2026-09-01 04:09:28,005 [INFO] 
============================================================
2026-09-01 04:09:28,005 [INFO]   EJECUTANDO: jobleads (JobleadsScraper)
2026-09-01 04:09:28,006 [INFO]   Queries: definidas en el módulo
2026-09-01 04:09:28,006 [INFO] ============================================================
2026-09-01 04:09:28,070 [INFO] DB lista: /media/carlos-a-cicconi/Common1/Repositorios-Ing.Carlos-Cicconi/Trabajo_Final_MCD/data/raw/jobleads.db
2026-09-01 04:09:28,070 [INFO] Ejecutando diagnóstico de JobLeads...
2026-09-01 04:09:31,692 [INFO]   https://www.jobleads.com/ar/jobs?q=python → HTTP 503 | 318,339 chars | Final: https://www.jobleads.com/ar/jobs?q=python
2026-09-01 04:09:36,548 [INFO]   https://www.jobleads.com/jobs?q=python&country=AR → HTTP 404 | 32,789 chars | Final: https://www.jobleads.com/jobs?q=python&country=AR
2026-09-01 04:09:36,549 [WARNING]   Diagnóstico sin respuesta — usando URL por defecto
2026-09-01 04:09:36,549 [INFO] JobleadsScraper inicializado (modo híbrido: requests + Playwright)
2026-09-01 04:09:36,550 [INFO] ============================================================
2026-09-01 04:09:36,550 [INFO] INICIO - JobLeads (modo híbrido: requests + Playwright)
2026-09-01 04:09:36,550 [ERROR] Playwright no disponible. Instalá con: pip install playwright && playwright install chromium
2026-09-01 04:09:36,551 [INFO]   ✅ jobleads: 0 ofertas recopiladas
2026-09-01 04:09:36,553 [INFO] 
=================================================================
2026-09-01 04:09:36,554 [INFO]   FASE 2: CONSOLIDACIÓN
2026-09-01 04:09:36,554 [INFO] =================================================================
2026-09-01 04:09:36,554 [INFO] Consolidado DB lista: /media/carlos-a-cicconi/Common1/Repositorios-Ing.Carlos-Cicconi/Trabajo_Final_MCD/data/raw/consolidado/ofertas_consolidadas.db
2026-09-01 04:09:36,560 [INFO] 
  📂 Procesando: linkedin (linkedin.db)
2026-09-01 04:09:36,583 [INFO]   Leídas 738 ofertas de linkedin.db
2026-09-01 04:09:36,611 [INFO]   ✅ linkedin: leídas=738 | nuevas=171 | dup=514 | old=53
2026-09-01 04:09:36,611 [INFO] 
  📂 Procesando: computrabajo (computrabajo.db)
2026-09-01 04:09:36,613 [INFO]   Leídas 281 ofertas de computrabajo.db
2026-09-01 04:09:36,622 [INFO]   ✅ computrabajo: leídas=281 | nuevas=77 | dup=204 | old=0
2026-09-01 04:09:36,622 [INFO] 
  📂 Procesando: getonboard (getonboard.db)
2026-09-01 04:09:36,632 [INFO]   Leídas 494 ofertas de getonboard.db
2026-09-01 04:09:36,639 [INFO]   ✅ getonboard: leídas=494 | nuevas=15 | dup=474 | old=5
2026-09-01 04:09:36,639 [INFO] 
  📂 Procesando: bumeran (bumeran.db)
2026-09-01 04:09:36,639 [WARNING]   DB no encontrada: /media/carlos-a-cicconi/Common1/Repositorios-Ing.Carlos-Cicconi/Trabajo_Final_MCD/data/raw/bumeran.db
2026-09-01 04:09:36,640 [INFO]   ✅ bumeran: leídas=0 | nuevas=0 | dup=0 | old=0
2026-09-01 04:09:36,640 [INFO] 
  📂 Procesando: zonajobs (zonajobs.db)
2026-09-01 04:09:36,640 [WARNING]   DB no encontrada: /media/carlos-a-cicconi/Common1/Repositorios-Ing.Carlos-Cicconi/Trabajo_Final_MCD/data/raw/zonajobs.db
2026-09-01 04:09:36,640 [INFO]   ✅ zonajobs: leídas=0 | nuevas=0 | dup=0 | old=0
2026-09-01 04:09:36,641 [INFO] 
  📂 Procesando: workana (workana.db)
2026-09-01 04:09:36,641 [WARNING]   DB no encontrada: /media/carlos-a-cicconi/Common1/Repositorios-Ing.Carlos-Cicconi/Trabajo_Final_MCD/data/raw/workana.db
2026-09-01 04:09:36,641 [INFO]   ✅ workana: leídas=0 | nuevas=0 | dup=0 | old=0
2026-09-01 04:09:36,641 [INFO] 
  📂 Procesando: opcionempleo (opcionempleo.db)
2026-09-01 04:09:36,641 [WARNING]   DB no encontrada: /media/carlos-a-cicconi/Common1/Repositorios-Ing.Carlos-Cicconi/Trabajo_Final_MCD/data/raw/opcionempleo.db
2026-09-01 04:09:36,641 [INFO]   ✅ opcionempleo: leídas=0 | nuevas=0 | dup=0 | old=0
2026-09-01 04:09:36,641 [INFO] 
  📂 Procesando: jobomas (jobomas.db)
2026-09-01 04:09:36,642 [INFO]   Leídas 12 ofertas de jobomas.db
2026-09-01 04:09:36,647 [INFO]   ✅ jobomas: leídas=12 | nuevas=6 | dup=6 | old=0
2026-09-01 04:09:36,648 [INFO] 
  📂 Procesando: jobrapido (jobrapido.db)
2026-09-01 04:09:36,655 [INFO]   Leídas 967 ofertas de jobrapido.db
2026-09-01 04:09:36,668 [INFO]   ✅ jobrapido: leídas=967 | nuevas=61 | dup=906 | old=0
2026-09-01 04:09:36,668 [INFO] 
  📂 Procesando: jobleads (jobleads.db)
2026-09-01 04:09:36,669 [INFO]   Leídas 0 ofertas de jobleads.db
2026-09-01 04:09:36,669 [INFO]   ✅ jobleads: leídas=0 | nuevas=0 | dup=0 | old=0
2026-09-01 04:09:36,697 [INFO]   CSV consolidado actualizado: +330 filas → /media/carlos-a-cicconi/Common1/Repositorios-Ing.Carlos-Cicconi/Trabajo_Final_MCD/data/raw/consolidado/ofertas_consolidadas.csv
2026-09-01 04:09:36,698 [INFO] 
=================================================================
2026-09-01 04:09:36,698 [INFO]   RESUMEN FINAL
2026-09-01 04:09:36,698 [INFO] =================================================================
2026-09-01 04:09:36,698 [INFO]   Ofertas nuevas incorporadas : 330
2026-09-01 04:09:36,698 [INFO]   Descartadas (antigüedad)    : 58
2026-09-01 04:09:36,699 [INFO]   Descartadas (duplicado)     : 2,104
2026-09-01 04:09:36,699 [INFO]   Total acumulado en DB       : 7,754
2026-09-01 04:09:36,699 [INFO]   Ventana temporal aplicada   : últimos 90 días (desde 2026-06-03)
2026-09-01 04:09:36,699 [INFO]   Duración total              : 122m 48s
2026-09-01 04:09:36,699 [INFO] 
  Archivos de salida:
2026-09-01 04:09:36,699 [INFO]     DB : /media/carlos-a-cicconi/Common1/Repositorios-Ing.Carlos-Cicconi/Trabajo_Final_MCD/data/raw/consolidado/ofertas_consolidadas.db
2026-09-01 04:09:36,699 [INFO]     CSV: /media/carlos-a-cicconi/Common1/Repositorios-Ing.Carlos-Cicconi/Trabajo_Final_MCD/data/raw/consolidado/ofertas_consolidadas.csv
2026-09-01 04:09:36,699 [INFO]     Log: /media/carlos-a-cicconi/Common1/Repositorios-Ing.Carlos-Cicconi/Trabajo_Final_MCD/logs/run_scraping_20260901_020648.log
2026-09-01 04:09:36,699 [INFO] 
  Resultado por scraper:
2026-09-01 04:09:36,699 [INFO]     ✅ linkedin        | 🔧mod | ofertas=400 | tiempo=1885s
2026-09-01 04:09:36,699 [INFO]     ✅ computrabajo    | 🔧mod | ofertas=88 | tiempo=535s
2026-09-01 04:09:36,699 [INFO]     ✅ getonboard      | 🔧mod | ofertas=429 | tiempo=199s
2026-09-01 04:09:36,699 [INFO]     ❌ bumeran         | 🔧mod | ofertas=0 | tiempo=0s | error=No module named 'playwright'
2026-09-01 04:09:36,700 [INFO]     ❌ zonajobs        | 🔧mod | ofertas=0 | tiempo=0s | error=No module named 'playwright'
2026-09-01 04:09:36,700 [INFO]     ❌ workana         | 🔧mod | ofertas=0 | tiempo=0s | error=No module named 'playwright'
2026-09-01 04:09:36,700 [INFO]     ❌ opcionempleo    | 🔧mod | ofertas=0 | tiempo=0s | error=No module named 'playwright'
2026-09-01 04:09:36,700 [INFO]     ✅ jobomas         | 🔧mod | ofertas=8 | tiempo=226s
2026-09-01 04:09:36,700 [INFO]     ✅ jobrapido       | 🔧mod | ofertas=665 | tiempo=4514s
2026-09-01 04:09:36,700 [INFO]     ✅ jobleads        | 🔧mod | ofertas=0 | tiempo=8s
2026-09-01 04:09:36,700 [INFO] 
  Por fuente (consolidación):
2026-09-01 04:09:36,700 [INFO]     linkedin       : nuevas=171 | dup=514 | old=53
2026-09-01 04:09:36,700 [INFO]     computrabajo   : nuevas=77 | dup=204 | old=0
2026-09-01 04:09:36,700 [INFO]     getonboard     : nuevas=15 | dup=474 | old=5
2026-09-01 04:09:36,700 [INFO]     bumeran        : nuevas=0 | dup=0 | old=0
2026-09-01 04:09:36,700 [INFO]     zonajobs       : nuevas=0 | dup=0 | old=0
2026-09-01 04:09:36,700 [INFO]     workana        : nuevas=0 | dup=0 | old=0
2026-09-01 04:09:36,700 [INFO]     opcionempleo   : nuevas=0 | dup=0 | old=0
2026-09-01 04:09:36,701 [INFO]     jobomas        : nuevas=6 | dup=6 | old=0
2026-09-01 04:09:36,701 [INFO]     jobrapido      : nuevas=61 | dup=906 | old=0
2026-09-01 04:09:36,701 [INFO]     jobleads       : nuevas=0 | dup=0 | old=0
2026-09-01 04:09:36,701 [INFO]     Reporte: /media/carlos-a-cicconi/Common1/Repositorios-Ing.Carlos-Cicconi/Trabajo_Final_MCD/data/raw/consolidado/run_20260901_040936.json
2026-09-01 04:09:36,701 [INFO] =================================================================
