2026-08-25 20:10:46,765 [INFO] 
=================================================================
2026-08-25 20:10:46,765 [INFO]   ORQUESTADOR DE SCRAPING — Tesis MCD
2026-08-25 20:10:46,765 [INFO]   Alumno: Cicconi, Carlos Alberto
2026-08-25 20:10:46,766 [INFO]   Universidad Austral — Maestría en Explotación de Datos
2026-08-25 20:10:46,766 [INFO] =================================================================
2026-08-25 20:10:46,766 [INFO]   Fecha/hora inicio : 2026-08-25 20:10:46
2026-08-25 20:10:46,766 [INFO]   Ventana temporal  : 90 días
2026-08-25 20:10:46,767 [INFO]   Scrapers activos  : 10
2026-08-25 20:10:46,767 [INFO]   Solo consolidar   : False
2026-08-25 20:10:46,768 [INFO]   Origen de queries : módulos (por defecto)
2026-08-25 20:10:46,768 [INFO] 
  Scrapers a ejecutar: ['linkedin', 'computrabajo', 'getonboard', 'bumeran', 'zonajobs', 'workana', 'opcionempleo', 'jobomas', 'jobrapido', 'jobleads']
2026-08-25 20:10:46,769 [INFO] 
============================================================
2026-08-25 20:10:46,769 [INFO]   EJECUTANDO: linkedin (LinkedInScraper)
2026-08-25 20:10:46,769 [INFO]   Queries: definidas en el módulo
2026-08-25 20:10:46,770 [INFO] ============================================================
2026-08-25 20:10:47,434 [INFO] Base de datos lista: /media/carlos-a-cicconi/Common1/Repositorios-Ing.Carlos-Cicconi/Trabajo_Final_MCD/data/raw/ofertas_linkedin.db
2026-08-25 20:10:47,434 [INFO] LinkedInScraper inicializado correctamente
2026-08-25 20:10:47,434 [INFO] ============================================================
2026-08-25 20:10:47,434 [INFO] INICIO DEL SCRAPING - LinkedIn Jobs
2026-08-25 20:10:47,434 [INFO] Búsquedas: 10 | Páginas por búsqueda: 5
2026-08-25 20:10:47,434 [INFO] ============================================================
2026-08-25 20:10:47,434 [INFO] 
🔍 Buscando: 'Data Scientist' en 'Argentina'
2026-08-25 20:10:47,434 [INFO]    Página 1/5 → https://www.linkedin.com/jobs-guest/jobs/api/seeMoreJobPostings/search?keywords=Data%20Scientist&location=Argentina&start=0&f_WT=2
2026-08-25 20:10:51,416 [INFO]    → 10 ofertas nuevas encontradas
2026-08-25 20:11:34,028 [INFO]    Página 2/5 → https://www.linkedin.com/jobs-guest/jobs/api/seeMoreJobPostings/search?keywords=Data%20Scientist&location=Argentina&start=25&f_WT=2
2026-08-25 20:11:38,450 [INFO]    → 10 ofertas nuevas encontradas
2026-08-25 20:12:24,316 [INFO]    Página 3/5 → https://www.linkedin.com/jobs-guest/jobs/api/seeMoreJobPostings/search?keywords=Data%20Scientist&location=Argentina&start=50&f_WT=2
2026-08-25 20:12:29,192 [INFO]    → 10 ofertas nuevas encontradas
2026-08-25 20:13:11,333 [INFO]    Página 4/5 → https://www.linkedin.com/jobs-guest/jobs/api/seeMoreJobPostings/search?keywords=Data%20Scientist&location=Argentina&start=75&f_WT=2
2026-08-25 20:13:15,225 [INFO]    → 10 ofertas nuevas encontradas
2026-08-25 20:13:54,536 [INFO]    Página 5/5 → https://www.linkedin.com/jobs-guest/jobs/api/seeMoreJobPostings/search?keywords=Data%20Scientist&location=Argentina&start=100&f_WT=2
2026-08-25 20:13:59,225 [INFO]    → 10 ofertas nuevas encontradas
2026-08-25 20:14:37,957 [INFO] Exportadas 50 ofertas a CSV: /media/carlos-a-cicconi/Common1/Repositorios-Ing.Carlos-Cicconi/Trabajo_Final_MCD/data/raw/ofertas_linkedin_20260825.csv
2026-08-25 20:14:37,957 [INFO] ✅ 'Data Scientist': 50 ofertas guardadas
2026-08-25 20:14:37,957 [INFO] 
🔍 Buscando: 'Data Analyst' en 'Argentina'
2026-08-25 20:14:37,957 [INFO]    Página 1/5 → https://www.linkedin.com/jobs-guest/jobs/api/seeMoreJobPostings/search?keywords=Data%20Analyst&location=Argentina&start=0&f_WT=2
2026-08-25 20:14:41,671 [INFO]    → 8 ofertas nuevas encontradas
2026-08-25 20:15:16,255 [INFO]    Página 2/5 → https://www.linkedin.com/jobs-guest/jobs/api/seeMoreJobPostings/search?keywords=Data%20Analyst&location=Argentina&start=25&f_WT=2
2026-08-25 20:15:21,660 [INFO]    → 9 ofertas nuevas encontradas
2026-08-25 20:16:02,680 [INFO]    Página 3/5 → https://www.linkedin.com/jobs-guest/jobs/api/seeMoreJobPostings/search?keywords=Data%20Analyst&location=Argentina&start=50&f_WT=2
2026-08-25 20:16:06,345 [INFO]    → 9 ofertas nuevas encontradas
2026-08-25 20:16:45,971 [INFO]    Página 4/5 → https://www.linkedin.com/jobs-guest/jobs/api/seeMoreJobPostings/search?keywords=Data%20Analyst&location=Argentina&start=75&f_WT=2
2026-08-25 20:16:49,762 [INFO]    → 9 ofertas nuevas encontradas
2026-08-25 20:17:28,741 [INFO]    Página 5/5 → https://www.linkedin.com/jobs-guest/jobs/api/seeMoreJobPostings/search?keywords=Data%20Analyst&location=Argentina&start=100&f_WT=2
2026-08-25 20:17:33,173 [INFO]    → 10 ofertas nuevas encontradas
2026-08-25 20:18:15,060 [INFO] Exportadas 45 ofertas a CSV: /media/carlos-a-cicconi/Common1/Repositorios-Ing.Carlos-Cicconi/Trabajo_Final_MCD/data/raw/ofertas_linkedin_20260825.csv
2026-08-25 20:18:15,060 [INFO] ✅ 'Data Analyst': 45 ofertas guardadas
2026-08-25 20:18:15,060 [INFO] 
🔍 Buscando: 'Machine Learning Engineer' en 'Argentina'
2026-08-25 20:18:15,060 [INFO]    Página 1/5 → https://www.linkedin.com/jobs-guest/jobs/api/seeMoreJobPostings/search?keywords=Machine%20Learning%20Engineer&location=Argentina&start=0&f_WT=2
2026-08-25 20:18:19,900 [INFO]    → 8 ofertas nuevas encontradas
2026-08-25 20:18:57,901 [INFO]    Página 2/5 → https://www.linkedin.com/jobs-guest/jobs/api/seeMoreJobPostings/search?keywords=Machine%20Learning%20Engineer&location=Argentina&start=25&f_WT=2
2026-08-25 20:19:02,756 [INFO]    → 8 ofertas nuevas encontradas
2026-08-25 20:19:38,330 [INFO]    Página 3/5 → https://www.linkedin.com/jobs-guest/jobs/api/seeMoreJobPostings/search?keywords=Machine%20Learning%20Engineer&location=Argentina&start=50&f_WT=2
2026-08-25 20:19:41,591 [INFO]    → 10 ofertas nuevas encontradas
2026-08-25 20:20:24,008 [INFO]    Página 4/5 → https://www.linkedin.com/jobs-guest/jobs/api/seeMoreJobPostings/search?keywords=Machine%20Learning%20Engineer&location=Argentina&start=75&f_WT=2
2026-08-25 20:20:28,733 [INFO]    → 10 ofertas nuevas encontradas
2026-08-25 20:21:06,870 [INFO]    Página 5/5 → https://www.linkedin.com/jobs-guest/jobs/api/seeMoreJobPostings/search?keywords=Machine%20Learning%20Engineer&location=Argentina&start=100&f_WT=2
2026-08-25 20:21:12,076 [INFO]    → 9 ofertas nuevas encontradas
2026-08-25 20:21:50,723 [INFO] Exportadas 45 ofertas a CSV: /media/carlos-a-cicconi/Common1/Repositorios-Ing.Carlos-Cicconi/Trabajo_Final_MCD/data/raw/ofertas_linkedin_20260825.csv
2026-08-25 20:21:50,724 [INFO] ✅ 'Machine Learning Engineer': 45 ofertas guardadas
2026-08-25 20:21:50,724 [INFO] 
🔍 Buscando: 'NLP Engineer' en 'Argentina'
2026-08-25 20:21:50,724 [INFO]    Página 1/5 → https://www.linkedin.com/jobs-guest/jobs/api/seeMoreJobPostings/search?keywords=NLP%20Engineer&location=Argentina&start=0&f_WT=2
2026-08-25 20:21:54,660 [INFO]    → 8 ofertas nuevas encontradas
2026-08-25 20:22:24,465 [INFO]    Página 2/5 → https://www.linkedin.com/jobs-guest/jobs/api/seeMoreJobPostings/search?keywords=NLP%20Engineer&location=Argentina&start=25&f_WT=2
2026-08-25 20:22:29,811 [INFO]    → 7 ofertas nuevas encontradas
2026-08-25 20:22:57,410 [INFO]    Página 3/5 → https://www.linkedin.com/jobs-guest/jobs/api/seeMoreJobPostings/search?keywords=NLP%20Engineer&location=Argentina&start=50&f_WT=2
2026-08-25 20:23:03,133 [INFO]    → 5 ofertas nuevas encontradas
2026-08-25 20:23:22,016 [INFO]    Página 4/5 → https://www.linkedin.com/jobs-guest/jobs/api/seeMoreJobPostings/search?keywords=NLP%20Engineer&location=Argentina&start=75&f_WT=2
2026-08-25 20:23:26,626 [INFO]    → 7 ofertas nuevas encontradas
2026-08-25 20:23:53,031 [INFO]    Página 5/5 → https://www.linkedin.com/jobs-guest/jobs/api/seeMoreJobPostings/search?keywords=NLP%20Engineer&location=Argentina&start=100&f_WT=2
2026-08-25 20:23:56,612 [INFO]    → 9 ofertas nuevas encontradas
2026-08-25 20:24:32,261 [INFO] Exportadas 36 ofertas a CSV: /media/carlos-a-cicconi/Common1/Repositorios-Ing.Carlos-Cicconi/Trabajo_Final_MCD/data/raw/ofertas_linkedin_20260825.csv
2026-08-25 20:24:32,261 [INFO] ✅ 'NLP Engineer': 36 ofertas guardadas
2026-08-25 20:24:32,261 [INFO] 
🔍 Buscando: 'Data Engineer' en 'Argentina'
2026-08-25 20:24:32,262 [INFO]    Página 1/5 → https://www.linkedin.com/jobs-guest/jobs/api/seeMoreJobPostings/search?keywords=Data%20Engineer&location=Argentina&start=0&f_WT=2
2026-08-25 20:24:37,412 [INFO]    → 10 ofertas nuevas encontradas
2026-08-25 20:25:20,326 [INFO]    Página 2/5 → https://www.linkedin.com/jobs-guest/jobs/api/seeMoreJobPostings/search?keywords=Data%20Engineer&location=Argentina&start=25&f_WT=2
2026-08-25 20:25:24,177 [INFO]    → 10 ofertas nuevas encontradas
2026-08-25 20:26:09,090 [INFO]    Página 3/5 → https://www.linkedin.com/jobs-guest/jobs/api/seeMoreJobPostings/search?keywords=Data%20Engineer&location=Argentina&start=50&f_WT=2
2026-08-25 20:26:13,936 [INFO]    → 10 ofertas nuevas encontradas
2026-08-25 20:26:54,599 [INFO]    Página 4/5 → https://www.linkedin.com/jobs-guest/jobs/api/seeMoreJobPostings/search?keywords=Data%20Engineer&location=Argentina&start=75&f_WT=2
2026-08-25 20:26:59,623 [INFO]    → 10 ofertas nuevas encontradas
2026-08-25 20:27:40,510 [INFO]    Página 5/5 → https://www.linkedin.com/jobs-guest/jobs/api/seeMoreJobPostings/search?keywords=Data%20Engineer&location=Argentina&start=100&f_WT=2
2026-08-25 20:27:44,339 [INFO]    → 9 ofertas nuevas encontradas
2026-08-25 20:28:22,685 [INFO] Exportadas 49 ofertas a CSV: /media/carlos-a-cicconi/Common1/Repositorios-Ing.Carlos-Cicconi/Trabajo_Final_MCD/data/raw/ofertas_linkedin_20260825.csv
2026-08-25 20:28:22,685 [INFO] ✅ 'Data Engineer': 49 ofertas guardadas
2026-08-25 20:28:22,685 [INFO] 
🔍 Buscando: 'Software Engineer' en 'Argentina'
2026-08-25 20:28:22,685 [INFO]    Página 1/5 → https://www.linkedin.com/jobs-guest/jobs/api/seeMoreJobPostings/search?keywords=Software%20Engineer&location=Argentina&start=0&f_WT=2
2026-08-25 20:28:28,014 [INFO]    → 10 ofertas nuevas encontradas
2026-08-25 20:29:12,319 [INFO]    Página 2/5 → https://www.linkedin.com/jobs-guest/jobs/api/seeMoreJobPostings/search?keywords=Software%20Engineer&location=Argentina&start=25&f_WT=2
2026-08-25 20:29:16,363 [INFO]    → 10 ofertas nuevas encontradas
2026-08-25 20:29:58,636 [INFO]    Página 3/5 → https://www.linkedin.com/jobs-guest/jobs/api/seeMoreJobPostings/search?keywords=Software%20Engineer&location=Argentina&start=50&f_WT=2
2026-08-25 20:30:03,044 [INFO]    → 10 ofertas nuevas encontradas
2026-08-25 20:30:41,835 [INFO]    Página 4/5 → https://www.linkedin.com/jobs-guest/jobs/api/seeMoreJobPostings/search?keywords=Software%20Engineer&location=Argentina&start=75&f_WT=2
2026-08-25 20:30:46,241 [INFO]    → 10 ofertas nuevas encontradas
2026-08-25 20:31:26,877 [INFO]    Página 5/5 → https://www.linkedin.com/jobs-guest/jobs/api/seeMoreJobPostings/search?keywords=Software%20Engineer&location=Argentina&start=100&f_WT=2
2026-08-25 20:31:31,097 [INFO]    → 9 ofertas nuevas encontradas
2026-08-25 20:32:09,089 [INFO] Exportadas 49 ofertas a CSV: /media/carlos-a-cicconi/Common1/Repositorios-Ing.Carlos-Cicconi/Trabajo_Final_MCD/data/raw/ofertas_linkedin_20260825.csv
2026-08-25 20:32:09,089 [INFO] ✅ 'Software Engineer': 49 ofertas guardadas
2026-08-25 20:32:09,089 [INFO] 
🔍 Buscando: 'Python Developer' en 'Argentina'
2026-08-25 20:32:09,089 [INFO]    Página 1/5 → https://www.linkedin.com/jobs-guest/jobs/api/seeMoreJobPostings/search?keywords=Python%20Developer&location=Argentina&start=0&f_WT=2
2026-08-25 20:32:14,269 [INFO]    → 10 ofertas nuevas encontradas
2026-08-25 20:32:53,871 [INFO]    Página 2/5 → https://www.linkedin.com/jobs-guest/jobs/api/seeMoreJobPostings/search?keywords=Python%20Developer&location=Argentina&start=25&f_WT=2
2026-08-25 20:32:59,086 [INFO]    → 8 ofertas nuevas encontradas
2026-08-25 20:33:32,895 [INFO]    Página 3/5 → https://www.linkedin.com/jobs-guest/jobs/api/seeMoreJobPostings/search?keywords=Python%20Developer&location=Argentina&start=50&f_WT=2
2026-08-25 20:33:36,584 [INFO]    → 5 ofertas nuevas encontradas
2026-08-25 20:33:55,485 [INFO]    Página 4/5 → https://www.linkedin.com/jobs-guest/jobs/api/seeMoreJobPostings/search?keywords=Python%20Developer&location=Argentina&start=75&f_WT=2
2026-08-25 20:33:59,139 [INFO]    → 6 ofertas nuevas encontradas
2026-08-25 20:34:23,576 [INFO]    Página 5/5 → https://www.linkedin.com/jobs-guest/jobs/api/seeMoreJobPostings/search?keywords=Python%20Developer&location=Argentina&start=100&f_WT=2
2026-08-25 20:34:26,793 [INFO]    → 7 ofertas nuevas encontradas
2026-08-25 20:34:56,903 [INFO] Exportadas 36 ofertas a CSV: /media/carlos-a-cicconi/Common1/Repositorios-Ing.Carlos-Cicconi/Trabajo_Final_MCD/data/raw/ofertas_linkedin_20260825.csv
2026-08-25 20:34:56,904 [INFO] ✅ 'Python Developer': 36 ofertas guardadas
2026-08-25 20:34:56,904 [INFO] 
🔍 Buscando: 'Desarrollador Backend' en 'Argentina'
2026-08-25 20:34:56,904 [INFO]    Página 1/5 → https://www.linkedin.com/jobs-guest/jobs/api/seeMoreJobPostings/search?keywords=Desarrollador%20Backend&location=Argentina&start=0&f_WT=2
2026-08-25 20:35:00,722 [INFO]    → 8 ofertas nuevas encontradas
2026-08-25 20:35:33,790 [INFO]    Página 2/5 → https://www.linkedin.com/jobs-guest/jobs/api/seeMoreJobPostings/search?keywords=Desarrollador%20Backend&location=Argentina&start=25&f_WT=2
2026-08-25 20:35:38,648 [INFO]    → 7 ofertas nuevas encontradas
2026-08-25 20:36:03,090 [WARNING] Rate limit (429). Esperando 60s antes de reintentar...
2026-08-25 20:37:10,815 [INFO]    Página 3/5 → https://www.linkedin.com/jobs-guest/jobs/api/seeMoreJobPostings/search?keywords=Desarrollador%20Backend&location=Argentina&start=50&f_WT=2
2026-08-25 20:37:15,459 [INFO]    → 9 ofertas nuevas encontradas
2026-08-25 20:37:52,367 [INFO]    Página 4/5 → https://www.linkedin.com/jobs-guest/jobs/api/seeMoreJobPostings/search?keywords=Desarrollador%20Backend&location=Argentina&start=75&f_WT=2
2026-08-25 20:37:55,533 [INFO]    → 8 ofertas nuevas encontradas
2026-08-25 20:38:28,276 [INFO]    Página 5/5 → https://www.linkedin.com/jobs-guest/jobs/api/seeMoreJobPostings/search?keywords=Desarrollador%20Backend&location=Argentina&start=100&f_WT=2
2026-08-25 20:38:33,175 [INFO]    → 7 ofertas nuevas encontradas
2026-08-25 20:39:01,303 [INFO] Exportadas 39 ofertas a CSV: /media/carlos-a-cicconi/Common1/Repositorios-Ing.Carlos-Cicconi/Trabajo_Final_MCD/data/raw/ofertas_linkedin_20260825.csv
2026-08-25 20:39:01,304 [INFO] ✅ 'Desarrollador Backend': 39 ofertas guardadas
2026-08-25 20:39:01,304 [INFO] 
🔍 Buscando: 'Desarrollador Full Stack' en 'Argentina'
2026-08-25 20:39:01,304 [INFO]    Página 1/5 → https://www.linkedin.com/jobs-guest/jobs/api/seeMoreJobPostings/search?keywords=Desarrollador%20Full%20Stack&location=Argentina&start=0&f_WT=2
2026-08-25 20:39:05,306 [INFO]    → 7 ofertas nuevas encontradas
2026-08-25 20:39:32,687 [INFO]    Página 2/5 → https://www.linkedin.com/jobs-guest/jobs/api/seeMoreJobPostings/search?keywords=Desarrollador%20Full%20Stack&location=Argentina&start=25&f_WT=2
2026-08-25 20:39:35,799 [INFO]    → 8 ofertas nuevas encontradas
2026-08-25 20:40:08,214 [INFO]    Página 3/5 → https://www.linkedin.com/jobs-guest/jobs/api/seeMoreJobPostings/search?keywords=Desarrollador%20Full%20Stack&location=Argentina&start=50&f_WT=2
2026-08-25 20:40:11,209 [INFO]    → 8 ofertas nuevas encontradas
2026-08-25 20:40:38,873 [INFO]    Página 4/5 → https://www.linkedin.com/jobs-guest/jobs/api/seeMoreJobPostings/search?keywords=Desarrollador%20Full%20Stack&location=Argentina&start=75&f_WT=2
2026-08-25 20:40:42,958 [INFO]    → 9 ofertas nuevas encontradas
2026-08-25 20:41:19,968 [INFO]    Página 5/5 → https://www.linkedin.com/jobs-guest/jobs/api/seeMoreJobPostings/search?keywords=Desarrollador%20Full%20Stack&location=Argentina&start=100&f_WT=2
2026-08-25 20:41:24,997 [INFO]    → 8 ofertas nuevas encontradas
2026-08-25 20:41:56,174 [INFO] Exportadas 40 ofertas a CSV: /media/carlos-a-cicconi/Common1/Repositorios-Ing.Carlos-Cicconi/Trabajo_Final_MCD/data/raw/ofertas_linkedin_20260825.csv
2026-08-25 20:41:56,174 [INFO] ✅ 'Desarrollador Full Stack': 40 ofertas guardadas
2026-08-25 20:41:56,174 [INFO] 
🔍 Buscando: 'Ingeniero de Datos' en 'Argentina'
2026-08-25 20:41:56,174 [INFO]    Página 1/5 → https://www.linkedin.com/jobs-guest/jobs/api/seeMoreJobPostings/search?keywords=Ingeniero%20de%20Datos&location=Argentina&start=0&f_WT=2
2026-08-25 20:42:01,573 [INFO]    → 4 ofertas nuevas encontradas
2026-08-25 20:42:17,371 [INFO]    Página 2/5 → https://www.linkedin.com/jobs-guest/jobs/api/seeMoreJobPostings/search?keywords=Ingeniero%20de%20Datos&location=Argentina&start=25&f_WT=2
2026-08-25 20:42:20,428 [INFO]    → 7 ofertas nuevas encontradas
2026-08-25 20:42:50,207 [INFO]    Página 3/5 → https://www.linkedin.com/jobs-guest/jobs/api/seeMoreJobPostings/search?keywords=Ingeniero%20de%20Datos&location=Argentina&start=50&f_WT=2
2026-08-25 20:42:53,388 [INFO]    → 8 ofertas nuevas encontradas
2026-08-25 20:43:22,924 [INFO]    Página 4/5 → https://www.linkedin.com/jobs-guest/jobs/api/seeMoreJobPostings/search?keywords=Ingeniero%20de%20Datos&location=Argentina&start=75&f_WT=2
2026-08-25 20:43:26,754 [INFO]    → 4 ofertas nuevas encontradas
2026-08-25 20:43:41,611 [INFO]    Página 5/5 → https://www.linkedin.com/jobs-guest/jobs/api/seeMoreJobPostings/search?keywords=Ingeniero%20de%20Datos&location=Argentina&start=100&f_WT=2
2026-08-25 20:43:46,218 [INFO]    → 4 ofertas nuevas encontradas
2026-08-25 20:44:02,706 [INFO] Exportadas 27 ofertas a CSV: /media/carlos-a-cicconi/Common1/Repositorios-Ing.Carlos-Cicconi/Trabajo_Final_MCD/data/raw/ofertas_linkedin_20260825.csv
2026-08-25 20:44:02,707 [INFO] ✅ 'Ingeniero de Datos': 27 ofertas guardadas
2026-08-25 20:44:02,707 [INFO] 
============================================================
2026-08-25 20:44:02,707 [INFO] SCRAPING FINALIZADO
2026-08-25 20:44:02,707 [INFO] Total de ofertas únicas recopiladas: 416
2026-08-25 20:44:02,707 [INFO] Base de datos: /media/carlos-a-cicconi/Common1/Repositorios-Ing.Carlos-Cicconi/Trabajo_Final_MCD/data/raw/ofertas_linkedin.db
2026-08-25 20:44:02,707 [INFO] CSV exportado: /media/carlos-a-cicconi/Common1/Repositorios-Ing.Carlos-Cicconi/Trabajo_Final_MCD/data/raw/ofertas_linkedin_20260825.csv
2026-08-25 20:44:02,707 [INFO] Log guardado:  /media/carlos-a-cicconi/Common1/Repositorios-Ing.Carlos-Cicconi/Trabajo_Final_MCD/logs/scraper_20260825_201047.log
2026-08-25 20:44:02,707 [INFO] ============================================================
2026-08-25 20:44:02,707 [INFO] Estadísticas guardadas: /media/carlos-a-cicconi/Common1/Repositorios-Ing.Carlos-Cicconi/Trabajo_Final_MCD/data/raw/stats_20260825_204402.json
2026-08-25 20:44:02,708 [INFO]   ✅ linkedin: 416 ofertas recopiladas
2026-08-25 20:44:02,711 [INFO] 
============================================================
2026-08-25 20:44:02,711 [INFO]   EJECUTANDO: computrabajo (ComputrabajoScraper)
2026-08-25 20:44:02,711 [INFO]   Queries: definidas en el módulo
2026-08-25 20:44:02,711 [INFO] ============================================================
2026-08-25 20:44:02,755 [INFO] Base de datos lista: /media/carlos-a-cicconi/Common1/Repositorios-Ing.Carlos-Cicconi/Trabajo_Final_MCD/data/raw/ofertas_computrabajo.db
2026-08-25 20:44:02,756 [INFO] ComputrabajoScraper inicializado correctamente
2026-08-25 20:44:02,756 [INFO] ============================================================
2026-08-25 20:44:02,756 [INFO] INICIO DEL SCRAPING - Computrabajo Argentina
2026-08-25 20:44:02,756 [INFO] Búsquedas: 10 | Páginas por búsqueda: 5
2026-08-25 20:44:02,756 [INFO] ============================================================
2026-08-25 20:44:02,756 [INFO] 
🔍 Buscando: 'Data Scientist'
2026-08-25 20:44:02,756 [INFO]    Página 1/5 → https://www.computrabajo.com.ar/trabajo-de-data-scientist
2026-08-25 20:44:10,240 [INFO]    → 0 ofertas nuevas encontradas
2026-08-25 20:44:10,240 [INFO]    → Sin más resultados para esta búsqueda.
2026-08-25 20:44:10,240 [INFO] ✅ 'Data Scientist': 0 ofertas guardadas
2026-08-25 20:44:10,240 [INFO] 
🔍 Buscando: 'Data Analyst'
2026-08-25 20:44:10,240 [INFO]    Página 1/5 → https://www.computrabajo.com.ar/trabajo-de-data-analyst
2026-08-25 20:44:14,600 [INFO]    → 20 ofertas nuevas encontradas
2026-08-25 20:45:47,639 [INFO]    Página 2/5 → https://www.computrabajo.com.ar/trabajo-de-data-analyst?p=2
2026-08-25 20:45:51,143 [INFO]    → 20 ofertas nuevas encontradas
2026-08-25 20:47:37,510 [INFO]    Página 3/5 → https://www.computrabajo.com.ar/trabajo-de-data-analyst?p=3
2026-08-25 20:47:42,337 [INFO]    → 0 ofertas nuevas encontradas
2026-08-25 20:47:42,338 [INFO]    → Sin más resultados para esta búsqueda.
2026-08-25 20:47:42,339 [INFO] Exportadas 40 ofertas a CSV: /media/carlos-a-cicconi/Common1/Repositorios-Ing.Carlos-Cicconi/Trabajo_Final_MCD/data/raw/computrabajo_20260825.csv
2026-08-25 20:47:42,339 [INFO] ✅ 'Data Analyst': 40 ofertas guardadas
2026-08-25 20:47:42,339 [INFO] 
🔍 Buscando: 'Machine Learning Engineer'
2026-08-25 20:47:42,339 [INFO]    Página 1/5 → https://www.computrabajo.com.ar/trabajo-de-machine-learning
2026-08-25 20:47:46,089 [INFO]    → 0 ofertas nuevas encontradas
2026-08-25 20:47:46,089 [INFO]    → Sin más resultados para esta búsqueda.
2026-08-25 20:47:46,089 [INFO] ✅ 'Machine Learning Engineer': 0 ofertas guardadas
2026-08-25 20:47:46,089 [INFO] 
🔍 Buscando: 'NLP Engineer'
2026-08-25 20:47:46,090 [INFO]    Página 1/5 → https://www.computrabajo.com.ar/trabajo-de-nlp-engineer
2026-08-25 20:47:50,659 [INFO]    → 0 ofertas nuevas encontradas
2026-08-25 20:47:50,660 [INFO]    → Sin más resultados para esta búsqueda.
2026-08-25 20:47:50,660 [INFO] ✅ 'NLP Engineer': 0 ofertas guardadas
2026-08-25 20:47:50,660 [INFO] 
🔍 Buscando: 'Data Engineer'
2026-08-25 20:47:50,660 [INFO]    Página 1/5 → https://www.computrabajo.com.ar/trabajo-de-data-engineer
2026-08-25 20:47:54,661 [INFO]    → 0 ofertas nuevas encontradas
2026-08-25 20:47:54,662 [INFO]    → Sin más resultados para esta búsqueda.
2026-08-25 20:47:54,662 [INFO] ✅ 'Data Engineer': 0 ofertas guardadas
2026-08-25 20:47:54,662 [INFO] 
🔍 Buscando: 'Software Engineer'
2026-08-25 20:47:54,662 [INFO]    Página 1/5 → https://www.computrabajo.com.ar/trabajo-de-software-engineer
2026-08-25 20:48:00,802 [INFO]    → 20 ofertas nuevas encontradas
2026-08-25 20:49:43,994 [INFO]    Página 2/5 → https://www.computrabajo.com.ar/trabajo-de-software-engineer?p=2
2026-08-25 20:49:49,421 [INFO]    → 0 ofertas nuevas encontradas
2026-08-25 20:49:49,421 [INFO]    → Sin más resultados para esta búsqueda.
2026-08-25 20:49:49,422 [INFO] Exportadas 20 ofertas a CSV: /media/carlos-a-cicconi/Common1/Repositorios-Ing.Carlos-Cicconi/Trabajo_Final_MCD/data/raw/computrabajo_20260825.csv
2026-08-25 20:49:49,422 [INFO] ✅ 'Software Engineer': 20 ofertas guardadas
2026-08-25 20:49:49,422 [INFO] 
🔍 Buscando: 'Python Developer'
2026-08-25 20:49:49,422 [INFO]    Página 1/5 → https://www.computrabajo.com.ar/trabajo-de-python
2026-08-25 20:49:54,274 [INFO]    → 0 ofertas nuevas encontradas
2026-08-25 20:49:54,275 [INFO]    → Sin más resultados para esta búsqueda.
2026-08-25 20:49:54,275 [INFO] ✅ 'Python Developer': 0 ofertas guardadas
2026-08-25 20:49:54,275 [INFO] 
🔍 Buscando: 'Desarrollador Backend'
2026-08-25 20:49:54,275 [INFO]    Página 1/5 → https://www.computrabajo.com.ar/trabajo-de-desarrollador-backend
2026-08-25 20:49:58,010 [INFO]    → 20 ofertas nuevas encontradas
2026-08-25 20:51:39,056 [INFO]    Página 2/5 → https://www.computrabajo.com.ar/trabajo-de-desarrollador-backend?p=2
2026-08-25 20:51:43,362 [INFO]    → 20 ofertas nuevas encontradas
2026-08-25 20:53:04,482 [ERROR] Error de conexión (intento 1/3): HTTPSConnectionPool(host='www.computrabajo.com.ar', port=443): Read timed out. (read timeout=20)
2026-08-25 20:53:57,170 [INFO]    Página 3/5 → https://www.computrabajo.com.ar/trabajo-de-desarrollador-backend?p=3
2026-08-25 20:54:02,903 [INFO]    → 20 ofertas nuevas encontradas
2026-08-25 20:55:38,064 [INFO]    Página 4/5 → https://www.computrabajo.com.ar/trabajo-de-desarrollador-backend?p=4
2026-08-25 20:55:42,890 [INFO]    → 20 ofertas nuevas encontradas
2026-08-25 20:57:23,996 [INFO]    Página 5/5 → https://www.computrabajo.com.ar/trabajo-de-desarrollador-backend?p=5
2026-08-25 20:57:28,538 [INFO]    → 0 ofertas nuevas encontradas
2026-08-25 20:57:28,538 [INFO]    → Sin más resultados para esta búsqueda.
2026-08-25 20:57:28,540 [INFO] Exportadas 80 ofertas a CSV: /media/carlos-a-cicconi/Common1/Repositorios-Ing.Carlos-Cicconi/Trabajo_Final_MCD/data/raw/computrabajo_20260825.csv
2026-08-25 20:57:28,540 [INFO] ✅ 'Desarrollador Backend': 80 ofertas guardadas
2026-08-25 20:57:28,540 [INFO] 
🔍 Buscando: 'Desarrollador Full Stack'
2026-08-25 20:57:28,540 [INFO]    Página 1/5 → https://www.computrabajo.com.ar/trabajo-de-desarrollador-full-stack
2026-08-25 20:57:33,874 [INFO]    → 0 ofertas nuevas encontradas
2026-08-25 20:57:33,874 [INFO]    → Sin más resultados para esta búsqueda.
2026-08-25 20:57:33,874 [INFO] ✅ 'Desarrollador Full Stack': 0 ofertas guardadas
2026-08-25 20:57:33,874 [INFO] 
🔍 Buscando: 'Ingeniero de Datos'
2026-08-25 20:57:33,874 [INFO]    Página 1/5 → https://www.computrabajo.com.ar/trabajo-de-ingeniero-de-datos
2026-08-25 20:57:38,768 [INFO]    → 0 ofertas nuevas encontradas
2026-08-25 20:57:38,769 [INFO]    → Sin más resultados para esta búsqueda.
2026-08-25 20:57:38,769 [INFO] ✅ 'Ingeniero de Datos': 0 ofertas guardadas
2026-08-25 20:57:38,769 [INFO] 
============================================================
2026-08-25 20:57:38,769 [INFO] SCRAPING FINALIZADO - Computrabajo
2026-08-25 20:57:38,769 [INFO] Total de ofertas únicas recopiladas: 140
2026-08-25 20:57:38,769 [INFO] Base de datos : /media/carlos-a-cicconi/Common1/Repositorios-Ing.Carlos-Cicconi/Trabajo_Final_MCD/data/raw/ofertas_computrabajo.db
2026-08-25 20:57:38,769 [INFO] CSV exportado : /media/carlos-a-cicconi/Common1/Repositorios-Ing.Carlos-Cicconi/Trabajo_Final_MCD/data/raw/computrabajo_20260825.csv
2026-08-25 20:57:38,769 [INFO] Log guardado  : /media/carlos-a-cicconi/Common1/Repositorios-Ing.Carlos-Cicconi/Trabajo_Final_MCD/logs/computrabajo_scraper_20260825_204402.log
2026-08-25 20:57:38,769 [INFO] ============================================================
2026-08-25 20:57:38,770 [INFO] Estadísticas guardadas: /media/carlos-a-cicconi/Common1/Repositorios-Ing.Carlos-Cicconi/Trabajo_Final_MCD/data/raw/stats_computrabajo_20260825_205738.json
2026-08-25 20:57:38,770 [INFO]   ✅ computrabajo: 140 ofertas recopiladas
2026-08-25 20:57:38,772 [INFO] 
============================================================
2026-08-25 20:57:38,773 [INFO]   EJECUTANDO: getonboard (GetOnBoardScraper)
2026-08-25 20:57:38,773 [INFO]   Queries: definidas en el módulo
2026-08-25 20:57:38,773 [INFO] ============================================================
2026-08-25 20:57:38,787 [INFO] Base de datos lista: /media/carlos-a-cicconi/Common1/Repositorios-Ing.Carlos-Cicconi/Trabajo_Final_MCD/data/raw/ofertas_getonboard.db
2026-08-25 20:57:38,787 [INFO] GetOnBoardScraper inicializado
2026-08-25 20:57:38,787 [INFO] ============================================================
2026-08-25 20:57:38,787 [INFO] INICIO DEL SCRAPING - GetOnBoard (API JSON)
2026-08-25 20:57:38,787 [INFO] Búsquedas: 10 | Páginas: 5
2026-08-25 20:57:38,788 [INFO] ============================================================
2026-08-25 20:57:38,788 [INFO] 
🔍 Buscando: 'Data Scientist'
2026-08-25 20:57:38,788 [INFO]    Página 1/5
2026-08-25 20:57:41,986 [INFO]    → 20 items recibidos
2026-08-25 20:57:42,110 [INFO]    → 20 ofertas nuevas guardadas en esta página
2026-08-25 20:57:42,110 [INFO]    Página 2/5
2026-08-25 20:57:45,371 [INFO]    → 4 items recibidos
2026-08-25 20:57:45,398 [INFO]    → 4 ofertas nuevas guardadas en esta página
2026-08-25 20:57:45,398 [INFO]    Página 3/5
2026-08-25 20:57:48,399 [INFO]    → 0 items recibidos
2026-08-25 20:57:48,399 [INFO]    → Sin más resultados.
2026-08-25 20:57:48,401 [INFO] Exportadas 24 ofertas a CSV: /media/carlos-a-cicconi/Common1/Repositorios-Ing.Carlos-Cicconi/Trabajo_Final_MCD/data/raw/getonboard_20260825.csv
2026-08-25 20:57:48,402 [INFO] ✅ 'Data Scientist': 24 ofertas guardadas
2026-08-25 20:57:48,402 [INFO]    💤 Pausa: 5.6s
2026-08-25 20:57:53,956 [INFO] 
🔍 Buscando: 'Data Analyst'
2026-08-25 20:57:53,957 [INFO]    Página 1/5
2026-08-25 20:57:57,336 [INFO]    → 20 items recibidos
2026-08-25 20:57:57,441 [INFO]    → 20 ofertas nuevas guardadas en esta página
2026-08-25 20:57:57,441 [INFO]    Página 2/5
2026-08-25 20:58:00,372 [INFO]    → 20 items recibidos
2026-08-25 20:58:00,473 [INFO]    → 17 ofertas nuevas guardadas en esta página
2026-08-25 20:58:00,474 [INFO]    Página 3/5
2026-08-25 20:58:02,451 [INFO]    → 20 items recibidos
2026-08-25 20:58:02,528 [INFO]    → 16 ofertas nuevas guardadas en esta página
2026-08-25 20:58:02,528 [INFO]    Página 4/5
2026-08-25 20:58:05,460 [INFO]    → 20 items recibidos
2026-08-25 20:58:05,536 [INFO]    → 16 ofertas nuevas guardadas en esta página
2026-08-25 20:58:05,536 [INFO]    Página 5/5
2026-08-25 20:58:08,810 [INFO]    → 20 items recibidos
2026-08-25 20:58:08,903 [INFO]    → 19 ofertas nuevas guardadas en esta página
2026-08-25 20:58:08,913 [INFO] Exportadas 88 ofertas a CSV: /media/carlos-a-cicconi/Common1/Repositorios-Ing.Carlos-Cicconi/Trabajo_Final_MCD/data/raw/getonboard_20260825.csv
2026-08-25 20:58:08,913 [INFO] ✅ 'Data Analyst': 88 ofertas guardadas
2026-08-25 20:58:08,914 [INFO]    💤 Pausa: 6.9s
2026-08-25 20:58:15,804 [INFO] 
🔍 Buscando: 'Machine Learning'
2026-08-25 20:58:15,804 [INFO]    Página 1/5
2026-08-25 20:58:19,744 [INFO]    → 20 items recibidos
2026-08-25 20:58:19,795 [INFO]    → 10 ofertas nuevas guardadas en esta página
2026-08-25 20:58:19,796 [INFO]    Página 2/5
2026-08-25 20:58:22,472 [INFO]    → 20 items recibidos
2026-08-25 20:58:22,528 [INFO]    → 12 ofertas nuevas guardadas en esta página
2026-08-25 20:58:22,529 [INFO]    Página 3/5
2026-08-25 20:58:24,654 [INFO]    → 20 items recibidos
2026-08-25 20:58:24,730 [INFO]    → 15 ofertas nuevas guardadas en esta página
2026-08-25 20:58:24,730 [INFO]    Página 4/5
2026-08-25 20:58:27,868 [INFO]    → 10 items recibidos
2026-08-25 20:58:27,912 [INFO]    → 8 ofertas nuevas guardadas en esta página
2026-08-25 20:58:27,912 [INFO]    Página 5/5
2026-08-25 20:58:31,508 [INFO]    → 0 items recibidos
2026-08-25 20:58:31,508 [INFO]    → Sin más resultados.
2026-08-25 20:58:31,511 [INFO] Exportadas 45 ofertas a CSV: /media/carlos-a-cicconi/Common1/Repositorios-Ing.Carlos-Cicconi/Trabajo_Final_MCD/data/raw/getonboard_20260825.csv
2026-08-25 20:58:31,511 [INFO] ✅ 'Machine Learning': 45 ofertas guardadas
2026-08-25 20:58:31,511 [INFO]    💤 Pausa: 7.6s
2026-08-25 20:58:39,084 [INFO] 
🔍 Buscando: 'NLP'
2026-08-25 20:58:39,084 [INFO]    Página 1/5
2026-08-25 20:58:41,605 [INFO]    → 20 items recibidos
2026-08-25 20:58:41,665 [INFO]    → 12 ofertas nuevas guardadas en esta página
2026-08-25 20:58:41,666 [INFO]    Página 2/5
2026-08-25 20:58:45,272 [INFO]    → 20 items recibidos
2026-08-25 20:58:45,337 [INFO]    → 13 ofertas nuevas guardadas en esta página
2026-08-25 20:58:45,338 [INFO]    Página 3/5
2026-08-25 20:58:48,726 [INFO]    → 20 items recibidos
2026-08-25 20:58:48,798 [INFO]    → 15 ofertas nuevas guardadas en esta página
2026-08-25 20:58:48,798 [INFO]    Página 4/5
2026-08-25 20:58:52,588 [INFO]    → 20 items recibidos
2026-08-25 20:58:52,654 [INFO]    → 13 ofertas nuevas guardadas en esta página
2026-08-25 20:58:52,654 [INFO]    Página 5/5
2026-08-25 20:58:56,238 [INFO]    → 20 items recibidos
2026-08-25 20:58:56,317 [INFO]    → 16 ofertas nuevas guardadas en esta página
2026-08-25 20:58:56,323 [INFO] Exportadas 69 ofertas a CSV: /media/carlos-a-cicconi/Common1/Repositorios-Ing.Carlos-Cicconi/Trabajo_Final_MCD/data/raw/getonboard_20260825.csv
2026-08-25 20:58:56,324 [INFO] ✅ 'NLP': 69 ofertas guardadas
2026-08-25 20:58:56,324 [INFO]    💤 Pausa: 4.3s
2026-08-25 20:59:00,639 [INFO] 
🔍 Buscando: 'Data Engineer'
2026-08-25 20:59:00,639 [INFO]    Página 1/5
2026-08-25 20:59:03,292 [INFO]    → 20 items recibidos
2026-08-25 20:59:03,312 [INFO]    → 4 ofertas nuevas guardadas en esta página
2026-08-25 20:59:03,312 [INFO]    Página 2/5
2026-08-25 20:59:06,353 [INFO]    → 20 items recibidos
2026-08-25 20:59:06,373 [INFO]    → 3 ofertas nuevas guardadas en esta página
2026-08-25 20:59:06,373 [INFO]    Página 3/5
2026-08-25 20:59:09,890 [INFO]    → 20 items recibidos
2026-08-25 20:59:09,915 [INFO]    → 4 ofertas nuevas guardadas en esta página
2026-08-25 20:59:09,915 [INFO]    Página 4/5
2026-08-25 20:59:12,108 [INFO]    → 20 items recibidos
2026-08-25 20:59:12,179 [INFO]    → 11 ofertas nuevas guardadas en esta página
2026-08-25 20:59:12,179 [INFO]    Página 5/5
2026-08-25 20:59:14,706 [INFO]    → 20 items recibidos
2026-08-25 20:59:14,796 [INFO]    → 14 ofertas nuevas guardadas en esta página
2026-08-25 20:59:14,806 [INFO] Exportadas 36 ofertas a CSV: /media/carlos-a-cicconi/Common1/Repositorios-Ing.Carlos-Cicconi/Trabajo_Final_MCD/data/raw/getonboard_20260825.csv
2026-08-25 20:59:14,806 [INFO] ✅ 'Data Engineer': 36 ofertas guardadas
2026-08-25 20:59:14,806 [INFO]    💤 Pausa: 6.2s
2026-08-25 20:59:21,017 [INFO] 
🔍 Buscando: 'Software Engineer'
2026-08-25 20:59:21,017 [INFO]    Página 1/5
2026-08-25 20:59:24,237 [INFO]    → 20 items recibidos
2026-08-25 20:59:24,280 [INFO]    → 8 ofertas nuevas guardadas en esta página
2026-08-25 20:59:24,280 [INFO]    Página 2/5
2026-08-25 20:59:28,075 [INFO]    → 20 items recibidos
2026-08-25 20:59:28,101 [INFO]    → 4 ofertas nuevas guardadas en esta página
2026-08-25 20:59:28,101 [INFO]    Página 3/5
2026-08-25 20:59:31,663 [INFO]    → 20 items recibidos
2026-08-25 20:59:31,694 [INFO]    → 5 ofertas nuevas guardadas en esta página
2026-08-25 20:59:31,694 [INFO]    Página 4/5
2026-08-25 20:59:35,161 [INFO]    → 20 items recibidos
2026-08-25 20:59:35,226 [INFO]    → 13 ofertas nuevas guardadas en esta página
2026-08-25 20:59:35,226 [INFO]    Página 5/5
2026-08-25 20:59:38,036 [INFO]    → 20 items recibidos
2026-08-25 20:59:38,103 [INFO]    → 13 ofertas nuevas guardadas en esta página
2026-08-25 20:59:38,106 [INFO] Exportadas 43 ofertas a CSV: /media/carlos-a-cicconi/Common1/Repositorios-Ing.Carlos-Cicconi/Trabajo_Final_MCD/data/raw/getonboard_20260825.csv
2026-08-25 20:59:38,106 [INFO] ✅ 'Software Engineer': 43 ofertas guardadas
2026-08-25 20:59:38,106 [INFO]    💤 Pausa: 4.0s
2026-08-25 20:59:42,126 [INFO] 
🔍 Buscando: 'Python'
2026-08-25 20:59:42,126 [INFO]    Página 1/5
2026-08-25 20:59:45,084 [INFO]    → 20 items recibidos
2026-08-25 20:59:45,119 [INFO]    → 6 ofertas nuevas guardadas en esta página
2026-08-25 20:59:45,119 [INFO]    Página 2/5
2026-08-25 20:59:47,279 [INFO]    → 20 items recibidos
2026-08-25 20:59:47,331 [INFO]    → 7 ofertas nuevas guardadas en esta página
2026-08-25 20:59:47,331 [INFO]    Página 3/5
2026-08-25 20:59:49,555 [INFO]    → 20 items recibidos
2026-08-25 20:59:49,584 [INFO]    → 4 ofertas nuevas guardadas en esta página
2026-08-25 20:59:49,584 [INFO]    Página 4/5
2026-08-25 20:59:51,978 [INFO]    → 20 items recibidos
2026-08-25 20:59:52,003 [INFO]    → 4 ofertas nuevas guardadas en esta página
2026-08-25 20:59:52,003 [INFO]    Página 5/5
2026-08-25 20:59:55,751 [INFO]    → 20 items recibidos
2026-08-25 20:59:55,787 [INFO]    → 6 ofertas nuevas guardadas en esta página
2026-08-25 20:59:55,790 [INFO] Exportadas 27 ofertas a CSV: /media/carlos-a-cicconi/Common1/Repositorios-Ing.Carlos-Cicconi/Trabajo_Final_MCD/data/raw/getonboard_20260825.csv
2026-08-25 20:59:55,790 [INFO] ✅ 'Python': 27 ofertas guardadas
2026-08-25 20:59:55,790 [INFO]    💤 Pausa: 4.3s
2026-08-25 21:00:00,076 [INFO] 
🔍 Buscando: 'Backend'
2026-08-25 21:00:00,076 [INFO]    Página 1/5
2026-08-25 21:00:02,806 [INFO]    → 20 items recibidos
2026-08-25 21:00:02,843 [INFO]    → 8 ofertas nuevas guardadas en esta página
2026-08-25 21:00:02,843 [INFO]    Página 2/5
2026-08-25 21:00:06,228 [INFO]    → 20 items recibidos
2026-08-25 21:00:06,269 [INFO]    → 7 ofertas nuevas guardadas en esta página
2026-08-25 21:00:06,269 [INFO]    Página 3/5
2026-08-25 21:00:08,361 [INFO]    → 20 items recibidos
2026-08-25 21:00:08,416 [INFO]    → 10 ofertas nuevas guardadas en esta página
2026-08-25 21:00:08,416 [INFO]    Página 4/5
2026-08-25 21:00:11,310 [INFO]    → 20 items recibidos
2026-08-25 21:00:11,340 [INFO]    → 5 ofertas nuevas guardadas en esta página
2026-08-25 21:00:11,340 [INFO]    Página 5/5
2026-08-25 21:00:15,188 [INFO]    → 20 items recibidos
2026-08-25 21:00:15,222 [INFO]    → 6 ofertas nuevas guardadas en esta página
2026-08-25 21:00:15,226 [INFO] Exportadas 36 ofertas a CSV: /media/carlos-a-cicconi/Common1/Repositorios-Ing.Carlos-Cicconi/Trabajo_Final_MCD/data/raw/getonboard_20260825.csv
2026-08-25 21:00:15,227 [INFO] ✅ 'Backend': 36 ofertas guardadas
2026-08-25 21:00:15,227 [INFO]    💤 Pausa: 6.8s
2026-08-25 21:00:22,004 [INFO] 
🔍 Buscando: 'Full Stack'
2026-08-25 21:00:22,004 [INFO]    Página 1/5
2026-08-25 21:00:25,003 [INFO]    → 20 items recibidos
2026-08-25 21:00:25,033 [INFO]    → 3 ofertas nuevas guardadas en esta página
2026-08-25 21:00:25,033 [INFO]    Página 2/5
2026-08-25 21:00:28,857 [INFO]    → 20 items recibidos
2026-08-25 21:00:28,857 [INFO]    → 0 ofertas nuevas guardadas en esta página
2026-08-25 21:00:28,857 [INFO]    Página 3/5
2026-08-25 21:00:31,613 [INFO]    → 20 items recibidos
2026-08-25 21:00:31,624 [INFO]    → 1 ofertas nuevas guardadas en esta página
2026-08-25 21:00:31,625 [INFO]    Página 4/5
2026-08-25 21:00:34,926 [INFO]    → 20 items recibidos
2026-08-25 21:00:34,984 [INFO]    → 11 ofertas nuevas guardadas en esta página
2026-08-25 21:00:34,985 [INFO]    Página 5/5
2026-08-25 21:00:37,062 [INFO]    → 20 items recibidos
2026-08-25 21:00:37,150 [INFO]    → 16 ofertas nuevas guardadas en esta página
2026-08-25 21:00:37,153 [INFO] Exportadas 31 ofertas a CSV: /media/carlos-a-cicconi/Common1/Repositorios-Ing.Carlos-Cicconi/Trabajo_Final_MCD/data/raw/getonboard_20260825.csv
2026-08-25 21:00:37,153 [INFO] ✅ 'Full Stack': 31 ofertas guardadas
2026-08-25 21:00:37,153 [INFO]    💤 Pausa: 7.5s
2026-08-25 21:00:44,701 [INFO] 
🔍 Buscando: 'Ingeniero de Datos'
2026-08-25 21:00:44,701 [INFO]    Página 1/5
2026-08-25 21:00:47,482 [INFO]    → 20 items recibidos
2026-08-25 21:00:47,498 [INFO]    → 2 ofertas nuevas guardadas en esta página
2026-08-25 21:00:47,498 [INFO]    Página 2/5
2026-08-25 21:00:49,851 [INFO]    → 20 items recibidos
2026-08-25 21:00:49,897 [INFO]    → 9 ofertas nuevas guardadas en esta página
2026-08-25 21:00:49,897 [INFO]    Página 3/5
2026-08-25 21:00:53,231 [INFO]    → 11 items recibidos
2026-08-25 21:00:53,303 [INFO]    → 10 ofertas nuevas guardadas en esta página
2026-08-25 21:00:53,304 [INFO]    Página 4/5
2026-08-25 21:00:55,285 [INFO]    → 0 items recibidos
2026-08-25 21:00:55,285 [INFO]    → Sin más resultados.
2026-08-25 21:00:55,288 [INFO] Exportadas 21 ofertas a CSV: /media/carlos-a-cicconi/Common1/Repositorios-Ing.Carlos-Cicconi/Trabajo_Final_MCD/data/raw/getonboard_20260825.csv
2026-08-25 21:00:55,288 [INFO] ✅ 'Ingeniero de Datos': 21 ofertas guardadas
2026-08-25 21:00:55,288 [INFO]    💤 Pausa: 5.6s
2026-08-25 21:01:00,852 [INFO] 
============================================================
2026-08-25 21:01:00,852 [INFO] SCRAPING FINALIZADO - GetOnBoard
2026-08-25 21:01:00,852 [INFO] Total ofertas únicas: 420
2026-08-25 21:01:00,852 [INFO] DB : /media/carlos-a-cicconi/Common1/Repositorios-Ing.Carlos-Cicconi/Trabajo_Final_MCD/data/raw/ofertas_getonboard.db
2026-08-25 21:01:00,852 [INFO] CSV: /media/carlos-a-cicconi/Common1/Repositorios-Ing.Carlos-Cicconi/Trabajo_Final_MCD/data/raw/getonboard_20260825.csv
2026-08-25 21:01:00,852 [INFO] Log: /media/carlos-a-cicconi/Common1/Repositorios-Ing.Carlos-Cicconi/Trabajo_Final_MCD/logs/getonboard_scraper_20260825_205738.log
2026-08-25 21:01:00,853 [INFO] ============================================================
2026-08-25 21:01:00,853 [INFO]   ✅ getonboard: 420 ofertas recopiladas
2026-08-25 21:01:00,854 [INFO] 
============================================================
2026-08-25 21:01:00,854 [INFO]   EJECUTANDO: bumeran (BumeranScraper)
2026-08-25 21:01:00,854 [INFO]   Queries: definidas en el módulo
2026-08-25 21:01:00,854 [INFO] ============================================================
2026-08-25 21:01:00,927 [INFO] Base de datos lista: /media/carlos-a-cicconi/Common1/Repositorios-Ing.Carlos-Cicconi/Trabajo_Final_MCD/data/raw/ofertas_bumeran.db
2026-08-25 21:01:00,927 [INFO] BumeranScraper (Playwright) inicializado
2026-08-25 21:01:01,959 [INFO] Inicializando sesión en Bumeran...
2026-08-25 21:01:19,173 [INFO] 
🔍 Buscando: 'Data Scientist'
2026-08-25 21:01:19,173 [INFO]    Página 1/5 → https://www.bumeran.com.ar/empleos-busqueda-data-scientist.html
2026-08-25 21:01:40,699 [INFO]    → 0 ofertas encontradas
2026-08-25 21:01:40,699 [INFO]    → Sin más resultados.
2026-08-25 21:01:40,699 [INFO] ✅ 'Data Scientist': 0 ofertas guardadas
2026-08-25 21:01:40,699 [INFO]    💤 Pausa: 8.9s
2026-08-25 21:01:49,572 [INFO] 
🔍 Buscando: 'Data Analyst'
2026-08-25 21:01:49,573 [INFO]    Página 1/5 → https://www.bumeran.com.ar/empleos-busqueda-data-analyst.html
2026-08-25 21:02:11,261 [INFO]    → 0 ofertas encontradas
2026-08-25 21:02:11,262 [INFO]    → Sin más resultados.
2026-08-25 21:02:11,262 [INFO] ✅ 'Data Analyst': 0 ofertas guardadas
2026-08-25 21:02:11,262 [INFO]    💤 Pausa: 9.6s
2026-08-25 21:02:20,863 [INFO] 
🔍 Buscando: 'Machine Learning Engineer'
2026-08-25 21:02:20,864 [INFO]    Página 1/5 → https://www.bumeran.com.ar/empleos-busqueda-machine-learning.html
2026-08-25 21:02:41,343 [INFO]    → 0 ofertas encontradas
2026-08-25 21:02:41,343 [INFO]    → Sin más resultados.
2026-08-25 21:02:41,343 [INFO] ✅ 'Machine Learning Engineer': 0 ofertas guardadas
2026-08-25 21:02:41,343 [INFO]    💤 Pausa: 10.9s
2026-08-25 21:02:52,263 [INFO] 
🔍 Buscando: 'NLP Engineer'
2026-08-25 21:02:52,263 [INFO]    Página 1/5 → https://www.bumeran.com.ar/empleos-busqueda-nlp.html
2026-08-25 21:03:14,507 [INFO]    → 0 ofertas encontradas
2026-08-25 21:03:14,507 [INFO]    → Sin más resultados.
2026-08-25 21:03:14,507 [INFO] ✅ 'NLP Engineer': 0 ofertas guardadas
2026-08-25 21:03:14,507 [INFO]    💤 Pausa: 12.2s
2026-08-25 21:03:26,742 [INFO] 
🔍 Buscando: 'Data Engineer'
2026-08-25 21:03:26,742 [INFO]    Página 1/5 → https://www.bumeran.com.ar/empleos-busqueda-data-engineer.html
2026-08-25 21:03:46,323 [INFO]    → 0 ofertas encontradas
2026-08-25 21:03:46,323 [INFO]    → Sin más resultados.
2026-08-25 21:03:46,323 [INFO] ✅ 'Data Engineer': 0 ofertas guardadas
2026-08-25 21:03:46,323 [INFO]    💤 Pausa: 12.0s
2026-08-25 21:03:58,327 [INFO] 
🔍 Buscando: 'Software Engineer'
2026-08-25 21:03:58,327 [INFO]    Página 1/5 → https://www.bumeran.com.ar/empleos-busqueda-software-engineer.html
2026-08-25 21:04:19,908 [INFO]    → 0 ofertas encontradas
2026-08-25 21:04:19,908 [INFO]    → Sin más resultados.
2026-08-25 21:04:19,908 [INFO] ✅ 'Software Engineer': 0 ofertas guardadas
2026-08-25 21:04:19,908 [INFO]    💤 Pausa: 12.2s
2026-08-25 21:04:32,126 [INFO] 
🔍 Buscando: 'Python Developer'
2026-08-25 21:04:32,126 [INFO]    Página 1/5 → https://www.bumeran.com.ar/empleos-busqueda-python.html
2026-08-25 21:04:53,247 [INFO]    → 0 ofertas encontradas
2026-08-25 21:04:53,247 [INFO]    → Sin más resultados.
2026-08-25 21:04:53,247 [INFO] ✅ 'Python Developer': 0 ofertas guardadas
2026-08-25 21:04:53,248 [INFO]    💤 Pausa: 11.1s
2026-08-25 21:05:04,379 [INFO] 
🔍 Buscando: 'Desarrollador Backend'
2026-08-25 21:05:04,380 [INFO]    Página 1/5 → https://www.bumeran.com.ar/empleos-busqueda-desarrollador-backend.html
2026-08-25 21:05:27,341 [INFO]    → 0 ofertas encontradas
2026-08-25 21:05:27,341 [INFO]    → Sin más resultados.
2026-08-25 21:05:27,341 [INFO] ✅ 'Desarrollador Backend': 0 ofertas guardadas
2026-08-25 21:05:27,341 [INFO]    💤 Pausa: 9.8s
2026-08-25 21:05:37,103 [INFO] 
🔍 Buscando: 'Desarrollador Full Stack'
2026-08-25 21:05:37,103 [INFO]    Página 1/5 → https://www.bumeran.com.ar/empleos-busqueda-desarrollador-full-stack.html
2026-08-25 21:05:57,491 [INFO]    → 0 ofertas encontradas
2026-08-25 21:05:57,491 [INFO]    → Sin más resultados.
2026-08-25 21:05:57,491 [INFO] ✅ 'Desarrollador Full Stack': 0 ofertas guardadas
2026-08-25 21:05:57,492 [INFO]    💤 Pausa: 12.7s
2026-08-25 21:06:10,196 [INFO] 
🔍 Buscando: 'Ingeniero de Datos'
2026-08-25 21:06:10,196 [INFO]    Página 1/5 → https://www.bumeran.com.ar/empleos-busqueda-ingeniero-de-datos.html
2026-08-25 21:06:32,191 [INFO]    → 0 ofertas encontradas
2026-08-25 21:06:32,192 [INFO]    → Sin más resultados.
2026-08-25 21:06:32,192 [INFO] ✅ 'Ingeniero de Datos': 0 ofertas guardadas
2026-08-25 21:06:32,192 [INFO]    💤 Pausa: 9.1s
2026-08-25 21:06:41,364 [INFO] 
============================================================
2026-08-25 21:06:41,364 [INFO] SCRAPING FINALIZADO - Bumeran Argentina
2026-08-25 21:06:41,364 [INFO] Total ofertas únicas: 0
2026-08-25 21:06:41,364 [INFO] DB : /media/carlos-a-cicconi/Common1/Repositorios-Ing.Carlos-Cicconi/Trabajo_Final_MCD/data/raw/ofertas_bumeran.db
2026-08-25 21:06:41,364 [INFO] CSV: /media/carlos-a-cicconi/Common1/Repositorios-Ing.Carlos-Cicconi/Trabajo_Final_MCD/data/raw/bumeran_20260825.csv
2026-08-25 21:06:41,364 [INFO] Log: /media/carlos-a-cicconi/Common1/Repositorios-Ing.Carlos-Cicconi/Trabajo_Final_MCD/logs/bumeran_scraper_20260825_210100.log
2026-08-25 21:06:41,364 [INFO] ============================================================
2026-08-25 21:06:41,365 [INFO]   ✅ bumeran: 0 ofertas recopiladas
2026-08-25 21:06:41,365 [INFO] 
============================================================
2026-08-25 21:06:41,365 [INFO]   EJECUTANDO: zonajobs (ZonaJobsScraper)
2026-08-25 21:06:41,365 [INFO]   Queries: definidas en el módulo
2026-08-25 21:06:41,365 [INFO] ============================================================
2026-08-25 21:06:41,368 [INFO] Base de datos lista: /media/carlos-a-cicconi/Common1/Repositorios-Ing.Carlos-Cicconi/Trabajo_Final_MCD/data/raw/ofertas_zonajobs.db
2026-08-25 21:06:41,368 [INFO] ZonaJobsScraper (Playwright) inicializado
2026-08-25 21:06:42,079 [INFO] Inicializando sesión en ZonaJobs...
2026-08-25 21:06:59,583 [INFO] 
🔍 Buscando: 'Data Scientist'
2026-08-25 21:06:59,583 [INFO]    Página 1/5 → https://www.zonajobs.com.ar/empleos-busqueda-data-scientist.html
2026-08-25 21:07:19,949 [WARNING]    ⚠️  Sin ofertas. HTML guardado: zonajobs_rendered_Data_Scientist.html
2026-08-25 21:07:19,949 [INFO]    → 0 ofertas encontradas
2026-08-25 21:07:19,950 [INFO]    → Sin más resultados.
2026-08-25 21:07:19,950 [INFO] ✅ 'Data Scientist': 0 ofertas guardadas
2026-08-25 21:07:19,950 [INFO]    💤 Pausa: 12.2s
2026-08-25 21:07:32,198 [INFO] 
🔍 Buscando: 'Data Analyst'
2026-08-25 21:07:32,198 [INFO]    Página 1/5 → https://www.zonajobs.com.ar/empleos-busqueda-data-analyst.html
2026-08-25 21:07:53,446 [WARNING]    ⚠️  Sin ofertas. HTML guardado: zonajobs_rendered_Data_Analyst.html
2026-08-25 21:07:53,446 [INFO]    → 0 ofertas encontradas
2026-08-25 21:07:53,446 [INFO]    → Sin más resultados.
2026-08-25 21:07:53,446 [INFO] ✅ 'Data Analyst': 0 ofertas guardadas
2026-08-25 21:07:53,447 [INFO]    💤 Pausa: 13.0s
2026-08-25 21:08:06,440 [INFO] 
🔍 Buscando: 'Machine Learning Engineer'
2026-08-25 21:08:06,440 [INFO]    Página 1/5 → https://www.zonajobs.com.ar/empleos-busqueda-machine-learning.html
2026-08-25 21:08:27,212 [WARNING]    ⚠️  Sin ofertas. HTML guardado: zonajobs_rendered_Machine_Learning_Engineer.html
2026-08-25 21:08:27,212 [INFO]    → 0 ofertas encontradas
2026-08-25 21:08:27,212 [INFO]    → Sin más resultados.
2026-08-25 21:08:27,212 [INFO] ✅ 'Machine Learning Engineer': 0 ofertas guardadas
2026-08-25 21:08:27,212 [INFO]    💤 Pausa: 12.1s
2026-08-25 21:08:39,336 [INFO] 
🔍 Buscando: 'NLP Engineer'
2026-08-25 21:08:39,336 [INFO]    Página 1/5 → https://www.zonajobs.com.ar/empleos-busqueda-nlp.html
2026-08-25 21:09:00,443 [WARNING]    ⚠️  Sin ofertas. HTML guardado: zonajobs_rendered_NLP_Engineer.html
2026-08-25 21:09:00,444 [INFO]    → 0 ofertas encontradas
2026-08-25 21:09:00,444 [INFO]    → Sin más resultados.
2026-08-25 21:09:00,444 [INFO] ✅ 'NLP Engineer': 0 ofertas guardadas
2026-08-25 21:09:00,444 [INFO]    💤 Pausa: 7.4s
2026-08-25 21:09:07,878 [INFO] 
🔍 Buscando: 'Data Engineer'
2026-08-25 21:09:07,878 [INFO]    Página 1/5 → https://www.zonajobs.com.ar/empleos-busqueda-data-engineer.html
2026-08-25 21:09:29,707 [WARNING]    ⚠️  Sin ofertas. HTML guardado: zonajobs_rendered_Data_Engineer.html
2026-08-25 21:09:29,708 [INFO]    → 0 ofertas encontradas
2026-08-25 21:09:29,708 [INFO]    → Sin más resultados.
2026-08-25 21:09:29,708 [INFO] ✅ 'Data Engineer': 0 ofertas guardadas
2026-08-25 21:09:29,708 [INFO]    💤 Pausa: 12.4s
2026-08-25 21:09:42,133 [INFO] 
🔍 Buscando: 'Software Engineer'
2026-08-25 21:09:42,133 [INFO]    Página 1/5 → https://www.zonajobs.com.ar/empleos-busqueda-software-engineer.html
2026-08-25 21:10:02,672 [WARNING]    ⚠️  Sin ofertas. HTML guardado: zonajobs_rendered_Software_Engineer.html
2026-08-25 21:10:02,672 [INFO]    → 0 ofertas encontradas
2026-08-25 21:10:02,672 [INFO]    → Sin más resultados.
2026-08-25 21:10:02,672 [INFO] ✅ 'Software Engineer': 0 ofertas guardadas
2026-08-25 21:10:02,672 [INFO]    💤 Pausa: 11.2s
2026-08-25 21:10:13,853 [INFO] 
🔍 Buscando: 'Python Developer'
2026-08-25 21:10:13,853 [INFO]    Página 1/5 → https://www.zonajobs.com.ar/empleos-busqueda-python.html
2026-08-25 21:10:36,489 [WARNING]    ⚠️  Sin ofertas. HTML guardado: zonajobs_rendered_Python_Developer.html
2026-08-25 21:10:36,489 [INFO]    → 0 ofertas encontradas
2026-08-25 21:10:36,489 [INFO]    → Sin más resultados.
2026-08-25 21:10:36,489 [INFO] ✅ 'Python Developer': 0 ofertas guardadas
2026-08-25 21:10:36,489 [INFO]    💤 Pausa: 9.9s
2026-08-25 21:10:46,404 [INFO] 
🔍 Buscando: 'Desarrollador Backend'
2026-08-25 21:10:46,405 [INFO]    Página 1/5 → https://www.zonajobs.com.ar/empleos-busqueda-desarrollador-backend.html
2026-08-25 21:11:07,642 [WARNING]    ⚠️  Sin ofertas. HTML guardado: zonajobs_rendered_Desarrollador_Backend.html
2026-08-25 21:11:07,642 [INFO]    → 0 ofertas encontradas
2026-08-25 21:11:07,642 [INFO]    → Sin más resultados.
2026-08-25 21:11:07,642 [INFO] ✅ 'Desarrollador Backend': 0 ofertas guardadas
2026-08-25 21:11:07,642 [INFO]    💤 Pausa: 12.1s
2026-08-25 21:11:19,786 [INFO] 
🔍 Buscando: 'Desarrollador Full Stack'
2026-08-25 21:11:19,787 [INFO]    Página 1/5 → https://www.zonajobs.com.ar/empleos-busqueda-desarrollador-full-stack.html
2026-08-25 21:11:41,288 [WARNING]    ⚠️  Sin ofertas. HTML guardado: zonajobs_rendered_Desarrollador_Full_Stack.html
2026-08-25 21:11:41,288 [INFO]    → 0 ofertas encontradas
2026-08-25 21:11:41,288 [INFO]    → Sin más resultados.
2026-08-25 21:11:41,288 [INFO] ✅ 'Desarrollador Full Stack': 0 ofertas guardadas
2026-08-25 21:11:41,289 [INFO]    💤 Pausa: 9.6s
2026-08-25 21:11:50,870 [INFO] 
🔍 Buscando: 'Ingeniero de Datos'
2026-08-25 21:11:50,871 [INFO]    Página 1/5 → https://www.zonajobs.com.ar/empleos-busqueda-ingeniero-de-datos.html
2026-08-25 21:12:12,602 [WARNING]    ⚠️  Sin ofertas. HTML guardado: zonajobs_rendered_Ingeniero_de_Datos.html
2026-08-25 21:12:12,602 [INFO]    → 0 ofertas encontradas
2026-08-25 21:12:12,602 [INFO]    → Sin más resultados.
2026-08-25 21:12:12,602 [INFO] ✅ 'Ingeniero de Datos': 0 ofertas guardadas
2026-08-25 21:12:12,602 [INFO]    💤 Pausa: 8.9s
2026-08-25 21:12:21,577 [INFO] 
============================================================
2026-08-25 21:12:21,577 [INFO] SCRAPING FINALIZADO - ZonaJobs Argentina
2026-08-25 21:12:21,577 [INFO] Total ofertas únicas: 0
2026-08-25 21:12:21,577 [INFO] DB : /media/carlos-a-cicconi/Common1/Repositorios-Ing.Carlos-Cicconi/Trabajo_Final_MCD/data/raw/ofertas_zonajobs.db
2026-08-25 21:12:21,577 [INFO] CSV: /media/carlos-a-cicconi/Common1/Repositorios-Ing.Carlos-Cicconi/Trabajo_Final_MCD/data/raw/zonajobs_20260825.csv
2026-08-25 21:12:21,578 [INFO] Log: /media/carlos-a-cicconi/Common1/Repositorios-Ing.Carlos-Cicconi/Trabajo_Final_MCD/logs/zonajobs_scraper_20260825_210641.log
2026-08-25 21:12:21,578 [INFO] ============================================================
2026-08-25 21:12:21,585 [INFO]   ✅ zonajobs: 0 ofertas recopiladas
2026-08-25 21:12:21,585 [INFO] 
============================================================
2026-08-25 21:12:21,585 [INFO]   EJECUTANDO: workana (WorkanaScraper)
2026-08-25 21:12:21,585 [INFO]   Queries: definidas en el módulo
2026-08-25 21:12:21,585 [INFO] ============================================================
2026-08-25 21:12:21,589 [INFO] Base de datos lista: /media/carlos-a-cicconi/Common1/Repositorios-Ing.Carlos-Cicconi/Trabajo_Final_MCD/data/raw/ofertas_workana.db
2026-08-25 21:12:21,589 [INFO] WorkanaScraper (Playwright) inicializado
2026-08-25 21:12:22,198 [INFO] Inicializando sesión en Workana...
2026-08-25 21:12:38,860 [INFO] 
🔍 Buscando: 'Data Scientist'
2026-08-25 21:12:38,860 [INFO]    Página 1/5 → https://www.workana.com/jobs?category=it-programming&language=es&country=AR&search=data+scientist&page=1
2026-08-25 21:12:58,802 [WARNING]    ⚠️  Sin ofertas parseadas.
2026-08-25 21:12:58,803 [INFO]    → 0 ofertas nuevas encontradas
2026-08-25 21:12:58,803 [INFO]    → Sin más resultados.
2026-08-25 21:12:58,803 [INFO] ✅ 'Data Scientist': 0 ofertas guardadas
2026-08-25 21:12:58,804 [INFO]    💤 Pausa: 8.6s
2026-08-25 21:13:07,389 [INFO] 
🔍 Buscando: 'Data Analyst'
2026-08-25 21:13:07,390 [INFO]    Página 1/5 → https://www.workana.com/jobs?category=it-programming&language=es&country=AR&search=data+analyst&page=1
2026-08-25 21:13:26,962 [WARNING]    ⚠️  Sin ofertas parseadas.
2026-08-25 21:13:26,962 [INFO]    → 0 ofertas nuevas encontradas
2026-08-25 21:13:26,962 [INFO]    → Sin más resultados.
2026-08-25 21:13:26,963 [INFO] ✅ 'Data Analyst': 0 ofertas guardadas
2026-08-25 21:13:26,963 [INFO]    💤 Pausa: 10.0s
2026-08-25 21:13:36,967 [INFO] 
🔍 Buscando: 'Machine Learning Engineer'
2026-08-25 21:13:36,968 [INFO]    Página 1/5 → https://www.workana.com/jobs?category=it-programming&language=es&country=AR&search=machine+learning&page=1
2026-08-25 21:13:56,559 [WARNING]    ⚠️  Sin ofertas parseadas.
2026-08-25 21:13:56,560 [INFO]    → 0 ofertas nuevas encontradas
2026-08-25 21:13:56,560 [INFO]    → Sin más resultados.
2026-08-25 21:13:56,560 [INFO] ✅ 'Machine Learning Engineer': 0 ofertas guardadas
2026-08-25 21:13:56,560 [INFO]    💤 Pausa: 7.5s
2026-08-25 21:14:04,076 [INFO] 
🔍 Buscando: 'NLP Engineer'
2026-08-25 21:14:04,077 [INFO]    Página 1/5 → https://www.workana.com/jobs?category=it-programming&language=es&country=AR&search=nlp&page=1
2026-08-25 21:14:23,540 [WARNING]    ⚠️  Sin ofertas parseadas.
2026-08-25 21:14:23,540 [INFO]    → 0 ofertas nuevas encontradas
2026-08-25 21:14:23,541 [INFO]    → Sin más resultados.
2026-08-25 21:14:23,541 [INFO] ✅ 'NLP Engineer': 0 ofertas guardadas
2026-08-25 21:14:23,541 [INFO]    💤 Pausa: 9.7s
2026-08-25 21:14:33,286 [INFO] 
🔍 Buscando: 'Data Engineer'
2026-08-25 21:14:33,286 [INFO]    Página 1/5 → https://www.workana.com/jobs?category=it-programming&language=es&country=AR&search=data+engineer&page=1
2026-08-25 21:14:54,382 [WARNING]    ⚠️  Sin ofertas parseadas.
2026-08-25 21:14:54,382 [INFO]    → 0 ofertas nuevas encontradas
2026-08-25 21:14:54,383 [INFO]    → Sin más resultados.
2026-08-25 21:14:54,383 [INFO] ✅ 'Data Engineer': 0 ofertas guardadas
2026-08-25 21:14:54,384 [INFO]    💤 Pausa: 6.3s
2026-08-25 21:15:00,691 [INFO] 
🔍 Buscando: 'Python Developer'
2026-08-25 21:15:00,691 [INFO]    Página 1/5 → https://www.workana.com/jobs?category=it-programming&language=es&country=AR&search=python&page=1
2026-08-25 21:15:21,686 [WARNING]    ⚠️  Sin ofertas parseadas.
2026-08-25 21:15:21,687 [INFO]    → 0 ofertas nuevas encontradas
2026-08-25 21:15:21,687 [INFO]    → Sin más resultados.
2026-08-25 21:15:21,687 [INFO] ✅ 'Python Developer': 0 ofertas guardadas
2026-08-25 21:15:21,688 [INFO]    💤 Pausa: 7.4s
2026-08-25 21:15:29,106 [INFO] 
🔍 Buscando: 'Desarrollador Backend'
2026-08-25 21:15:29,107 [INFO]    Página 1/5 → https://www.workana.com/jobs?category=it-programming&language=es&country=AR&search=backend&page=1
2026-08-25 21:15:50,048 [WARNING]    ⚠️  Sin ofertas parseadas.
2026-08-25 21:15:50,048 [INFO]    → 0 ofertas nuevas encontradas
2026-08-25 21:15:50,049 [INFO]    → Sin más resultados.
2026-08-25 21:15:50,049 [INFO] ✅ 'Desarrollador Backend': 0 ofertas guardadas
2026-08-25 21:15:50,050 [INFO]    💤 Pausa: 8.3s
2026-08-25 21:15:58,388 [INFO] 
🔍 Buscando: 'Desarrollador Full Stack'
2026-08-25 21:15:58,389 [INFO]    Página 1/5 → https://www.workana.com/jobs?category=it-programming&language=es&country=AR&search=full+stack&page=1
2026-08-25 21:16:17,995 [WARNING]    ⚠️  Sin ofertas parseadas.
2026-08-25 21:16:17,995 [INFO]    → 0 ofertas nuevas encontradas
2026-08-25 21:16:17,995 [INFO]    → Sin más resultados.
2026-08-25 21:16:17,995 [INFO] ✅ 'Desarrollador Full Stack': 0 ofertas guardadas
2026-08-25 21:16:17,995 [INFO]    💤 Pausa: 10.6s
2026-08-25 21:16:28,557 [INFO] 
🔍 Buscando: 'Software Engineer'
2026-08-25 21:16:28,557 [INFO]    Página 1/5 → https://www.workana.com/jobs?category=it-programming&language=es&country=AR&search=software+engineer&page=1
2026-08-25 21:16:48,379 [WARNING]    ⚠️  Sin ofertas parseadas.
2026-08-25 21:16:48,380 [INFO]    → 0 ofertas nuevas encontradas
2026-08-25 21:16:48,380 [INFO]    → Sin más resultados.
2026-08-25 21:16:48,380 [INFO] ✅ 'Software Engineer': 0 ofertas guardadas
2026-08-25 21:16:48,380 [INFO]    💤 Pausa: 9.5s
2026-08-25 21:16:57,930 [INFO] 
🔍 Buscando: 'Ingeniero de Datos'
2026-08-25 21:16:57,931 [INFO]    Página 1/5 → https://www.workana.com/jobs?category=it-programming&language=es&country=AR&search=ingeniero+de+datos&page=1
2026-08-25 21:17:19,403 [WARNING]    ⚠️  Sin ofertas parseadas.
2026-08-25 21:17:19,403 [INFO]    → 0 ofertas nuevas encontradas
2026-08-25 21:17:19,403 [INFO]    → Sin más resultados.
2026-08-25 21:17:19,403 [INFO] ✅ 'Ingeniero de Datos': 0 ofertas guardadas
2026-08-25 21:17:19,403 [INFO]    💤 Pausa: 9.8s
2026-08-25 21:17:29,261 [INFO] 
============================================================
2026-08-25 21:17:29,261 [INFO] SCRAPING FINALIZADO - Workana
2026-08-25 21:17:29,261 [INFO] Total ofertas únicas: 0
2026-08-25 21:17:29,261 [INFO] DB : /media/carlos-a-cicconi/Common1/Repositorios-Ing.Carlos-Cicconi/Trabajo_Final_MCD/data/raw/ofertas_workana.db
2026-08-25 21:17:29,261 [INFO] CSV: /media/carlos-a-cicconi/Common1/Repositorios-Ing.Carlos-Cicconi/Trabajo_Final_MCD/data/raw/workana_20260825.csv
2026-08-25 21:17:29,261 [INFO] Log: /media/carlos-a-cicconi/Common1/Repositorios-Ing.Carlos-Cicconi/Trabajo_Final_MCD/logs/workana_scraper_20260825_211221.log
2026-08-25 21:17:29,261 [INFO] ============================================================
2026-08-25 21:17:29,262 [INFO]   ✅ workana: 0 ofertas recopiladas
2026-08-25 21:17:29,262 [INFO] 
============================================================
2026-08-25 21:17:29,262 [INFO]   EJECUTANDO: opcionempleo (OpcionempleoScraper)
2026-08-25 21:17:29,262 [INFO]   Queries: definidas en el módulo
2026-08-25 21:17:29,262 [INFO] ============================================================
2026-08-25 21:17:29,265 [INFO] Base de datos lista: /media/carlos-a-cicconi/Common1/Repositorios-Ing.Carlos-Cicconi/Trabajo_Final_MCD/data/raw/ofertas_opcionempleo.db
2026-08-25 21:17:29,265 [INFO] OpcionempleoScraper (Playwright) inicializado
2026-08-25 21:17:29,994 [INFO] Inicializando sesión en OpcionEmpleo...
2026-08-25 21:17:29,996 [INFO] (Puede tardar hasta 20s mientras se resuelve el Turnstile)
2026-08-25 21:17:33,883 [INFO]    ⏳ Turnstile detectado — esperando resolución automática...
2026-08-25 21:17:53,895 [WARNING]    ⚠️  Turnstile no se resolvió a tiempo — continuando igual
2026-08-25 21:17:58,442 [INFO] 
🔍 Buscando: 'Data Scientist'
2026-08-25 21:17:58,443 [INFO]    Página 1/5 → https://www.opcionempleo.com.ar/trabajo-data-scientist.html
2026-08-25 21:18:05,659 [INFO]    ⏳ Turnstile detectado — esperando resolución automática...
2026-08-25 21:18:25,666 [WARNING]    ⚠️  Turnstile no se resolvió a tiempo — continuando igual
2026-08-25 21:18:29,832 [WARNING]    ⚠️  Sin cards — HTML renderizado guardado en diagnostico/
2026-08-25 21:18:29,832 [INFO]    <title>: Opcionempleo
2026-08-25 21:18:29,833 [INFO]    Body (300 chars): Opcionempleo Verificación requerida Nuestros sistemas detectaron tráfico inusual desde su red informática. Esta página verifica si realmente es usted quien envía las solicitudes y no un robot. Dirección IP: 190.137.98.96
2026-08-25 21:18:29,833 [INFO]    → 0 ofertas encontradas
2026-08-25 21:18:29,833 [INFO]    → Sin más resultados.
2026-08-25 21:18:29,833 [INFO] ✅ 'Data Scientist': 0 ofertas guardadas
2026-08-25 21:18:29,833 [INFO]    💤 Pausa: 11.0s
2026-08-25 21:18:40,883 [INFO] 
🔍 Buscando: 'Data Analyst'
2026-08-25 21:18:40,883 [INFO]    Página 1/5 → https://www.opcionempleo.com.ar/trabajo-data-analyst.html
2026-08-25 21:18:48,218 [INFO]    ⏳ Turnstile detectado — esperando resolución automática...
2026-08-25 21:19:08,221 [WARNING]    ⚠️  Turnstile no se resolvió a tiempo — continuando igual
2026-08-25 21:19:12,503 [WARNING]    ⚠️  Sin cards — HTML renderizado guardado en diagnostico/
2026-08-25 21:19:12,504 [INFO]    <title>: Opcionempleo
2026-08-25 21:19:12,504 [INFO]    Body (300 chars): Opcionempleo Verificación requerida Nuestros sistemas detectaron tráfico inusual desde su red informática. Esta página verifica si realmente es usted quien envía las solicitudes y no un robot. Dirección IP: 190.137.98.96
2026-08-25 21:19:12,505 [INFO]    → 0 ofertas encontradas
2026-08-25 21:19:12,505 [INFO]    → Sin más resultados.
2026-08-25 21:19:12,505 [INFO] ✅ 'Data Analyst': 0 ofertas guardadas
2026-08-25 21:19:12,506 [INFO]    💤 Pausa: 11.5s
2026-08-25 21:19:23,976 [INFO] 
🔍 Buscando: 'Machine Learning Engineer'
2026-08-25 21:19:23,976 [INFO]    Página 1/5 → https://www.opcionempleo.com.ar/trabajo-machine-learning.html
2026-08-25 21:19:32,996 [INFO]    ⏳ Turnstile detectado — esperando resolución automática...
2026-08-25 21:19:53,003 [WARNING]    ⚠️  Turnstile no se resolvió a tiempo — continuando igual
2026-08-25 21:19:56,573 [WARNING]    ⚠️  Sin cards — HTML renderizado guardado en diagnostico/
2026-08-25 21:19:56,573 [INFO]    <title>: Opcionempleo
2026-08-25 21:19:56,574 [INFO]    Body (300 chars): Opcionempleo Verificación requerida Nuestros sistemas detectaron tráfico inusual desde su red informática. Esta página verifica si realmente es usted quien envía las solicitudes y no un robot. Dirección IP: 190.137.98.96
2026-08-25 21:19:56,574 [INFO]    → 0 ofertas encontradas
2026-08-25 21:19:56,574 [INFO]    → Sin más resultados.
2026-08-25 21:19:56,575 [INFO] ✅ 'Machine Learning Engineer': 0 ofertas guardadas
2026-08-25 21:19:56,575 [INFO]    💤 Pausa: 12.2s
2026-08-25 21:20:08,824 [INFO] 
🔍 Buscando: 'NLP Engineer'
2026-08-25 21:20:08,824 [INFO]    Página 1/5 → https://www.opcionempleo.com.ar/trabajo-nlp.html
2026-08-25 21:20:17,908 [INFO]    ⏳ Turnstile detectado — esperando resolución automática...
2026-08-25 21:20:37,914 [WARNING]    ⚠️  Turnstile no se resolvió a tiempo — continuando igual
2026-08-25 21:20:42,391 [WARNING]    ⚠️  Sin cards — HTML renderizado guardado en diagnostico/
2026-08-25 21:20:42,393 [INFO]    <title>: Opcionempleo
2026-08-25 21:20:42,393 [INFO]    Body (300 chars): Opcionempleo Verificación requerida Nuestros sistemas detectaron tráfico inusual desde su red informática. Esta página verifica si realmente es usted quien envía las solicitudes y no un robot. Dirección IP: 190.137.98.96
2026-08-25 21:20:42,394 [INFO]    → 0 ofertas encontradas
2026-08-25 21:20:42,394 [INFO]    → Sin más resultados.
2026-08-25 21:20:42,395 [INFO] ✅ 'NLP Engineer': 0 ofertas guardadas
2026-08-25 21:20:42,395 [INFO]    💤 Pausa: 11.8s
2026-08-25 21:20:54,208 [INFO] 
🔍 Buscando: 'Data Engineer'
2026-08-25 21:20:54,208 [INFO]    Página 1/5 → https://www.opcionempleo.com.ar/trabajo-data-engineer.html
2026-08-25 21:21:01,538 [INFO]    ⏳ Turnstile detectado — esperando resolución automática...
2026-08-25 21:21:21,544 [WARNING]    ⚠️  Turnstile no se resolvió a tiempo — continuando igual
2026-08-25 21:21:25,957 [WARNING]    ⚠️  Sin cards — HTML renderizado guardado en diagnostico/
2026-08-25 21:21:25,957 [INFO]    <title>: Opcionempleo
2026-08-25 21:21:25,958 [INFO]    Body (300 chars): Opcionempleo Verificación requerida Nuestros sistemas detectaron tráfico inusual desde su red informática. Esta página verifica si realmente es usted quien envía las solicitudes y no un robot. Dirección IP: 190.137.98.96
2026-08-25 21:21:25,958 [INFO]    → 0 ofertas encontradas
2026-08-25 21:21:25,958 [INFO]    → Sin más resultados.
2026-08-25 21:21:25,959 [INFO] ✅ 'Data Engineer': 0 ofertas guardadas
2026-08-25 21:21:25,959 [INFO]    💤 Pausa: 12.1s
2026-08-25 21:21:38,030 [INFO] 
🔍 Buscando: 'Software Engineer'
2026-08-25 21:21:38,030 [INFO]    Página 1/5 → https://www.opcionempleo.com.ar/trabajo-software-engineer.html
2026-08-25 21:21:47,012 [INFO]    ⏳ Turnstile detectado — esperando resolución automática...
2026-08-25 21:22:07,017 [WARNING]    ⚠️  Turnstile no se resolvió a tiempo — continuando igual
2026-08-25 21:22:11,462 [WARNING]    ⚠️  Sin cards — HTML renderizado guardado en diagnostico/
2026-08-25 21:22:11,462 [INFO]    <title>: Opcionempleo
2026-08-25 21:22:11,463 [INFO]    Body (300 chars): Opcionempleo Verificación requerida Nuestros sistemas detectaron tráfico inusual desde su red informática. Esta página verifica si realmente es usted quien envía las solicitudes y no un robot. Dirección IP: 190.137.98.96
2026-08-25 21:22:11,463 [INFO]    → 0 ofertas encontradas
2026-08-25 21:22:11,463 [INFO]    → Sin más resultados.
2026-08-25 21:22:11,464 [INFO] ✅ 'Software Engineer': 0 ofertas guardadas
2026-08-25 21:22:11,464 [INFO]    💤 Pausa: 12.3s
2026-08-25 21:22:23,798 [INFO] 
🔍 Buscando: 'Python Developer'
2026-08-25 21:22:23,798 [INFO]    Página 1/5 → https://www.opcionempleo.com.ar/trabajo-python.html
2026-08-25 21:22:33,137 [INFO]    ⏳ Turnstile detectado — esperando resolución automática...
2026-08-25 21:22:53,143 [WARNING]    ⚠️  Turnstile no se resolvió a tiempo — continuando igual
2026-08-25 21:22:57,270 [WARNING]    ⚠️  Sin cards — HTML renderizado guardado en diagnostico/
2026-08-25 21:22:57,270 [INFO]    <title>: Opcionempleo
2026-08-25 21:22:57,270 [INFO]    Body (300 chars): Opcionempleo Verificación requerida Nuestros sistemas detectaron tráfico inusual desde su red informática. Esta página verifica si realmente es usted quien envía las solicitudes y no un robot. Dirección IP: 190.137.98.96
2026-08-25 21:22:57,270 [INFO]    → 0 ofertas encontradas
2026-08-25 21:22:57,270 [INFO]    → Sin más resultados.
2026-08-25 21:22:57,271 [INFO] ✅ 'Python Developer': 0 ofertas guardadas
2026-08-25 21:22:57,271 [INFO]    💤 Pausa: 10.3s
2026-08-25 21:23:07,582 [INFO] 
🔍 Buscando: 'Desarrollador Backend'
2026-08-25 21:23:07,582 [INFO]    Página 1/5 → https://www.opcionempleo.com.ar/trabajo-desarrollador-backend.html
2026-08-25 21:23:14,955 [INFO]    ⏳ Turnstile detectado — esperando resolución automática...
2026-08-25 21:23:34,958 [WARNING]    ⚠️  Turnstile no se resolvió a tiempo — continuando igual
2026-08-25 21:23:38,652 [WARNING]    ⚠️  Sin cards — HTML renderizado guardado en diagnostico/
2026-08-25 21:23:38,652 [INFO]    <title>: Opcionempleo
2026-08-25 21:23:38,652 [INFO]    Body (300 chars): Opcionempleo Verificación requerida Nuestros sistemas detectaron tráfico inusual desde su red informática. Esta página verifica si realmente es usted quien envía las solicitudes y no un robot. Dirección IP: 190.137.98.96
2026-08-25 21:23:38,652 [INFO]    → 0 ofertas encontradas
2026-08-25 21:23:38,652 [INFO]    → Sin más resultados.
2026-08-25 21:23:38,653 [INFO] ✅ 'Desarrollador Backend': 0 ofertas guardadas
2026-08-25 21:23:38,653 [INFO]    💤 Pausa: 11.9s
2026-08-25 21:23:50,561 [INFO] 
🔍 Buscando: 'Desarrollador Full Stack'
2026-08-25 21:23:50,561 [INFO]    Página 1/5 → https://www.opcionempleo.com.ar/trabajo-desarrollador-full-stack.html
2026-08-25 21:23:59,732 [INFO]    ⏳ Turnstile detectado — esperando resolución automática...
2026-08-25 21:24:19,741 [WARNING]    ⚠️  Turnstile no se resolvió a tiempo — continuando igual
2026-08-25 21:24:23,376 [WARNING]    ⚠️  Sin cards — HTML renderizado guardado en diagnostico/
2026-08-25 21:24:23,377 [INFO]    <title>: Opcionempleo
2026-08-25 21:24:23,377 [INFO]    Body (300 chars): Opcionempleo Verificación requerida Nuestros sistemas detectaron tráfico inusual desde su red informática. Esta página verifica si realmente es usted quien envía las solicitudes y no un robot. Dirección IP: 190.137.98.96
2026-08-25 21:24:23,377 [INFO]    → 0 ofertas encontradas
2026-08-25 21:24:23,377 [INFO]    → Sin más resultados.
2026-08-25 21:24:23,377 [INFO] ✅ 'Desarrollador Full Stack': 0 ofertas guardadas
2026-08-25 21:24:23,377 [INFO]    💤 Pausa: 12.6s
2026-08-25 21:24:36,015 [INFO] 
🔍 Buscando: 'Ingeniero de Datos'
2026-08-25 21:24:36,015 [INFO]    Página 1/5 → https://www.opcionempleo.com.ar/trabajo-ingeniero-de-datos.html
2026-08-25 21:24:43,807 [INFO]    ⏳ Turnstile detectado — esperando resolución automática...
2026-08-25 21:25:03,813 [WARNING]    ⚠️  Turnstile no se resolvió a tiempo — continuando igual
2026-08-25 21:25:07,992 [WARNING]    ⚠️  Sin cards — HTML renderizado guardado en diagnostico/
2026-08-25 21:25:07,993 [INFO]    <title>: Opcionempleo
2026-08-25 21:25:07,993 [INFO]    Body (300 chars): Opcionempleo Verificación requerida Nuestros sistemas detectaron tráfico inusual desde su red informática. Esta página verifica si realmente es usted quien envía las solicitudes y no un robot. Dirección IP: 190.137.98.96
2026-08-25 21:25:07,993 [INFO]    → 0 ofertas encontradas
2026-08-25 21:25:07,993 [INFO]    → Sin más resultados.
2026-08-25 21:25:07,993 [INFO] ✅ 'Ingeniero de Datos': 0 ofertas guardadas
2026-08-25 21:25:07,993 [INFO]    💤 Pausa: 12.4s
2026-08-25 21:25:20,494 [INFO] 
============================================================
2026-08-25 21:25:20,494 [INFO] SCRAPING FINALIZADO - OpcionEmpleo Argentina
2026-08-25 21:25:20,494 [INFO] Total ofertas únicas: 0
2026-08-25 21:25:20,494 [INFO] DB : /media/carlos-a-cicconi/Common1/Repositorios-Ing.Carlos-Cicconi/Trabajo_Final_MCD/data/raw/ofertas_opcionempleo.db
2026-08-25 21:25:20,494 [INFO] CSV: /media/carlos-a-cicconi/Common1/Repositorios-Ing.Carlos-Cicconi/Trabajo_Final_MCD/data/raw/opcionempleo_20260825.csv
2026-08-25 21:25:20,494 [INFO] Log: /media/carlos-a-cicconi/Common1/Repositorios-Ing.Carlos-Cicconi/Trabajo_Final_MCD/logs/opcionempleo_20260825_211729.log
2026-08-25 21:25:20,494 [INFO] ============================================================
2026-08-25 21:25:20,495 [INFO]   ✅ opcionempleo: 0 ofertas recopiladas
2026-08-25 21:25:20,495 [INFO] 
============================================================
2026-08-25 21:25:20,495 [INFO]   EJECUTANDO: jobomas (JobomasScraper)
2026-08-25 21:25:20,495 [INFO]   Queries: definidas en el módulo
2026-08-25 21:25:20,495 [INFO] ============================================================
2026-08-25 21:25:20,536 [INFO] DB lista: /media/carlos-a-cicconi/Common1/Repositorios-Ing.Carlos-Cicconi/Trabajo_Final_MCD/data/raw/ofertas_jobomas.db
2026-08-25 21:25:20,537 [INFO] Ejecutando diagnóstico de Jobomas...
2026-08-25 21:25:23,825 [INFO]   https://ar.jobomas.com/python → HTTP 404 | 27,638 | CT:text/html; charset=ISO-8859-1
2026-08-25 21:25:26,107 [INFO]   https://ar.jobomas.com/trabajo/python → HTTP 404 | 27,638 | CT:text/html; charset=ISO-8859-1
2026-08-25 21:25:28,119 [INFO]   https://ar.jobomas.com/ → HTTP 200 | 51,701 | CT:text/html; charset=ISO-8859-1
2026-08-25 21:25:28,133 [INFO]   <title>: Empleos y Ofertas de Trabajo en Argentina
2026-08-25 21:25:28,136 [INFO]   Clase 'job': 8
2026-08-25 21:25:28,150 [INFO]   Links de oferta: 7
2026-08-25 21:25:28,151 [INFO]     /empresa/perfil/2180025/cba_markets_b_s | CBA Markets B&S,
2026-08-25 21:25:28,151 [INFO]     ./encargado-de-deposito-4-anos-experiencia-minimo_iid_392254080 | Encargado De Deposito | 4 AñOs Experiencia Minimo
2026-08-25 21:25:28,151 [INFO]     ./aprendiz-de-matriceria_iid_392254073 | Aprendiz De Matriceria
2026-08-25 21:25:28,151 [INFO] JobomasScraper inicializado (modo: params)
2026-08-25 21:25:28,151 [INFO] ============================================================
2026-08-25 21:25:28,151 [INFO] INICIO - Jobomas Argentina
2026-08-25 21:25:28,151 [INFO] 
🔍 'Data Scientist'
2026-08-25 21:25:28,151 [INFO]    Página 1/5
2026-08-25 21:25:31,531 [INFO]    → 5 encontradas
2026-08-25 21:25:38,640 [WARNING] HTTP 404 (intento 1)
2026-08-25 21:25:52,578 [WARNING] HTTP 404 (intento 2)
2026-08-25 21:26:16,326 [WARNING] HTTP 404 (intento 3)
2026-08-25 21:27:16,947 [INFO]    Página 2/5
2026-08-25 21:27:21,623 [WARNING]    Sin ofertas — HTML guardado en diagnostico/
2026-08-25 21:27:21,623 [INFO]    → 0 encontradas
2026-08-25 21:27:21,624 [INFO] CSV: 5 exportadas
2026-08-25 21:27:21,624 [INFO] ✅ 'Data Scientist': 5 guardadas
2026-08-25 21:27:29,834 [INFO] 
🔍 'Data Analyst'
2026-08-25 21:27:29,834 [INFO]    Página 1/5
2026-08-25 21:27:35,538 [WARNING]    Sin ofertas — HTML guardado en diagnostico/
2026-08-25 21:27:35,538 [INFO]    → 0 encontradas
2026-08-25 21:27:35,538 [INFO] ✅ 'Data Analyst': 0 guardadas
2026-08-25 21:27:41,915 [INFO] 
🔍 'Machine Learning Engineer'
2026-08-25 21:27:41,915 [INFO]    Página 1/5
2026-08-25 21:27:46,969 [WARNING]    Sin ofertas — HTML guardado en diagnostico/
2026-08-25 21:27:46,969 [INFO]    → 0 encontradas
2026-08-25 21:27:46,969 [INFO] ✅ 'Machine Learning Engineer': 0 guardadas
2026-08-25 21:27:53,214 [INFO] 
🔍 'NLP Engineer'
2026-08-25 21:27:53,214 [INFO]    Página 1/5
2026-08-25 21:27:57,961 [WARNING]    Sin ofertas — HTML guardado en diagnostico/
2026-08-25 21:27:57,961 [INFO]    → 0 encontradas
2026-08-25 21:27:57,961 [INFO] ✅ 'NLP Engineer': 0 guardadas
2026-08-25 21:28:03,965 [INFO] 
🔍 'Data Engineer'
2026-08-25 21:28:03,965 [INFO]    Página 1/5
2026-08-25 21:28:07,656 [WARNING]    Sin ofertas — HTML guardado en diagnostico/
2026-08-25 21:28:07,656 [INFO]    → 0 encontradas
2026-08-25 21:28:07,656 [INFO] ✅ 'Data Engineer': 0 guardadas
2026-08-25 21:28:12,813 [INFO] 
🔍 'Software Engineer'
2026-08-25 21:28:12,813 [INFO]    Página 1/5
2026-08-25 21:28:17,974 [WARNING]    Sin ofertas — HTML guardado en diagnostico/
2026-08-25 21:28:17,974 [INFO]    → 0 encontradas
2026-08-25 21:28:17,974 [INFO] ✅ 'Software Engineer': 0 guardadas
2026-08-25 21:28:24,612 [INFO] 
🔍 'Python Developer'
2026-08-25 21:28:24,613 [INFO]    Página 1/5
2026-08-25 21:28:30,713 [WARNING]    Sin ofertas — HTML guardado en diagnostico/
2026-08-25 21:28:30,713 [INFO]    → 0 encontradas
2026-08-25 21:28:30,713 [INFO] ✅ 'Python Developer': 0 guardadas
2026-08-25 21:28:39,637 [INFO] 
🔍 'Desarrollador Backend'
2026-08-25 21:28:39,637 [INFO]    Página 1/5
2026-08-25 21:28:43,570 [WARNING]    Sin ofertas — HTML guardado en diagnostico/
2026-08-25 21:28:43,570 [INFO]    → 0 encontradas
2026-08-25 21:28:43,570 [INFO] ✅ 'Desarrollador Backend': 0 guardadas
2026-08-25 21:28:49,838 [INFO] 
🔍 'Desarrollador Full Stack'
2026-08-25 21:28:49,838 [INFO]    Página 1/5
2026-08-25 21:28:55,601 [WARNING]    Sin ofertas — HTML guardado en diagnostico/
2026-08-25 21:28:55,601 [INFO]    → 0 encontradas
2026-08-25 21:28:55,601 [INFO] ✅ 'Desarrollador Full Stack': 0 guardadas
2026-08-25 21:29:01,653 [INFO] 
🔍 'Ingeniero de Datos'
2026-08-25 21:29:01,654 [INFO]    Página 1/5
2026-08-25 21:29:07,721 [WARNING]    Sin ofertas — HTML guardado en diagnostico/
2026-08-25 21:29:07,721 [INFO]    → 0 encontradas
2026-08-25 21:29:07,721 [INFO] ✅ 'Ingeniero de Datos': 0 guardadas
2026-08-25 21:29:13,639 [INFO] 
============================================================
FINALIZADO — 5 ofertas
2026-08-25 21:29:13,641 [INFO]   ✅ jobomas: 5 ofertas recopiladas
2026-08-25 21:29:13,651 [INFO] 
============================================================
2026-08-25 21:29:13,651 [INFO]   EJECUTANDO: jobrapido (JobrapidoScraper)
2026-08-25 21:29:13,652 [INFO]   Queries: definidas en el módulo
2026-08-25 21:29:13,652 [INFO] ============================================================
2026-08-25 21:29:13,694 [INFO] DB lista: /media/carlos-a-cicconi/Common1/Repositorios-Ing.Carlos-Cicconi/Trabajo_Final_MCD/data/raw/ofertas_jobrapido.db
2026-08-25 21:29:13,695 [INFO] Ejecutando diagnóstico de Jobrapido...
2026-08-25 21:29:16,129 [INFO]   https://ar.jobrapido.com/Ofertas-de-trabajo-para-Python?l=Argentina → HTTP 200 | 324,587 chars
2026-08-25 21:29:16,179 [INFO]   <title>: Bolsa trabajo para Python, ofertas empleo | Jobrapido.com
2026-08-25 21:29:16,179 [INFO]   JS-only:False
2026-08-25 21:29:16,183 [INFO]   Clase 'job': 45 | ejemplo: search google-one-tap-enabled not-is-jobseeker open-sans-ena
2026-08-25 21:29:16,186 [INFO]   Clase 'result': 196 | ejemplo: wrapper result-list
2026-08-25 21:29:16,191 [INFO]   Clase 'item': 230 | ejemplo: suggested-locations-item
2026-08-25 21:29:16,201 [INFO]   Links de oferta: 15
2026-08-25 21:29:16,201 [INFO]     https://open.app.jobrapido.com/ar/3705923438423048192/?w=python&l=&oc=sponsored&k=web.1.1.0&uuid=arF001a03baf8b14f369&page_item_id=-38816014 | Open job preview for: Senior Python Engineer  - Rosario
2026-08-25 21:29:16,201 [INFO]     https://open.app.jobrapido.com/ar/314154830962622464/?w=python&l=&oc=sponsored&k=web.1.1.1&uuid=arF001a03baf8b14f369&page_item_id=843619127 | Open job preview for: Senior Python Engineer ID84679  - Rosa
2026-08-25 21:29:16,201 [INFO]     https://open.app.jobrapido.com/ar/149836546223112192/?w=python&l=&oc=sponsored&k=web.1.1.2&uuid=arF001a03baf8b14f369&page_item_id=912645590 | Open job preview for: Desarrollador/a Fullstack (React + Pyt
2026-08-25 21:29:16,205 [INFO]   Paginación: 12345678910
2026-08-25 21:29:16,205 [INFO] JobrapidoScraper inicializado
2026-08-25 21:29:16,205 [INFO] ============================================================
2026-08-25 21:29:16,205 [INFO] INICIO - Jobrapido Argentina
2026-08-25 21:29:16,205 [INFO] 
🔍 'Data Scientist'
2026-08-25 21:29:16,206 [INFO]    Página 1/5
2026-08-25 21:29:21,306 [INFO]    → 15 encontradas
2026-08-25 21:30:57,403 [INFO]    Página 2/5
2026-08-25 21:31:02,443 [INFO]    → 15 encontradas
2026-08-25 21:32:38,079 [INFO]    Página 3/5
2026-08-25 21:32:43,374 [INFO]    → 20 encontradas
2026-08-25 21:34:50,022 [INFO]    Página 4/5
2026-08-25 21:34:55,453 [INFO]    → 20 encontradas
2026-08-25 21:37:00,487 [INFO]    Página 5/5
2026-08-25 21:37:04,673 [WARNING]    Sin ofertas — HTML guardado en diagnostico/
2026-08-25 21:37:04,674 [INFO]    → 0 encontradas
2026-08-25 21:37:04,675 [INFO] CSV: 70 exportadas
2026-08-25 21:37:04,675 [INFO] ✅ 'Data Scientist': 70 guardadas
2026-08-25 21:37:10,622 [INFO] 
🔍 'Data Analyst'
2026-08-25 21:37:10,622 [INFO]    Página 1/5
2026-08-25 21:37:15,416 [INFO]    → 20 encontradas
2026-08-25 21:39:19,949 [INFO]    Página 2/5
2026-08-25 21:39:24,805 [INFO]    → 10 encontradas
2026-08-25 21:40:21,069 [INFO]    Página 3/5
2026-08-25 21:40:24,984 [INFO]    → 15 encontradas
2026-08-25 21:41:53,682 [INFO]    Página 4/5
2026-08-25 21:41:58,099 [INFO]    → 15 encontradas
2026-08-25 21:43:27,740 [INFO]    Página 5/5
2026-08-25 21:43:32,897 [INFO]    → 20 encontradas
2026-08-25 21:45:34,701 [INFO] CSV: 80 exportadas
2026-08-25 21:45:34,701 [INFO] ✅ 'Data Analyst': 80 guardadas
2026-08-25 21:45:42,669 [INFO] 
🔍 'Machine Learning Engineer'
2026-08-25 21:45:42,669 [INFO]    Página 1/5
2026-08-25 21:45:47,418 [INFO]    → 15 encontradas
2026-08-25 21:47:16,045 [INFO]    Página 2/5
2026-08-25 21:47:24,292 [INFO]    → 10 encontradas
2026-08-25 21:48:25,908 [INFO]    Página 3/5
2026-08-25 21:48:30,555 [INFO]    → 18 encontradas
2026-08-25 21:50:26,330 [INFO]    Página 4/5
2026-08-25 21:50:31,459 [INFO]    → 13 encontradas
2026-08-25 21:51:52,258 [INFO]    Página 5/5
2026-08-25 21:51:57,861 [WARNING]    Sin ofertas — HTML guardado en diagnostico/
2026-08-25 21:51:57,861 [INFO]    → 0 encontradas
2026-08-25 21:51:57,862 [INFO] CSV: 56 exportadas
2026-08-25 21:51:57,862 [INFO] ✅ 'Machine Learning Engineer': 56 guardadas
2026-08-25 21:52:03,074 [INFO] 
🔍 'NLP Engineer'
2026-08-25 21:52:03,075 [INFO]    Página 1/5
2026-08-25 21:52:08,936 [INFO]    → 16 encontradas
2026-08-25 21:53:44,687 [INFO]    Página 2/5
2026-08-25 21:53:49,944 [INFO]    → 10 encontradas
2026-08-25 21:54:43,206 [INFO]    Página 3/5
2026-08-25 21:54:47,143 [INFO]    → 13 encontradas
2026-08-25 21:56:10,879 [INFO]    Página 4/5
2026-08-25 21:56:14,220 [INFO]    → 20 encontradas
2026-08-25 21:58:28,110 [INFO]    Página 5/5
2026-08-25 21:58:31,305 [WARNING]    Sin ofertas — HTML guardado en diagnostico/
2026-08-25 21:58:31,305 [INFO]    → 0 encontradas
2026-08-25 21:58:31,309 [INFO] CSV: 59 exportadas
2026-08-25 21:58:31,309 [INFO] ✅ 'NLP Engineer': 59 guardadas
2026-08-25 21:58:39,216 [INFO] 
🔍 'Data Engineer'
2026-08-25 21:58:39,216 [INFO]    Página 1/5
2026-08-25 21:58:42,847 [INFO]    → 15 encontradas
2026-08-25 22:00:10,110 [INFO]    Página 2/5
2026-08-25 22:00:14,525 [INFO]    → 19 encontradas
2026-08-25 22:02:15,541 [INFO]    Página 3/5
2026-08-25 22:02:21,176 [INFO]    → 3 encontradas
2026-08-25 22:02:42,137 [INFO]    Página 4/5
2026-08-25 22:02:48,119 [INFO]    → 18 encontradas
2026-08-25 22:04:34,610 [INFO]    Página 5/5
2026-08-25 22:04:39,280 [INFO]    → 20 encontradas
2026-08-25 22:06:35,236 [INFO] CSV: 75 exportadas
2026-08-25 22:06:35,236 [INFO] ✅ 'Data Engineer': 75 guardadas
2026-08-25 22:06:41,600 [INFO] 
🔍 'Software Engineer'
2026-08-25 22:06:41,601 [INFO]    Página 1/5
2026-08-25 22:06:45,578 [INFO]    → 16 encontradas
2026-08-25 22:08:28,358 [INFO]    Página 2/5
2026-08-25 22:08:33,339 [INFO]    → 6 encontradas
2026-08-25 22:09:09,783 [INFO]    Página 3/5
2026-08-25 22:09:14,618 [INFO]    → 2 encontradas
2026-08-25 22:09:25,372 [INFO]    Página 4/5
2026-08-25 22:09:29,764 [INFO]    → 8 encontradas
2026-08-25 22:10:19,319 [INFO]    Página 5/5
2026-08-25 22:10:24,008 [INFO]    → 14 encontradas
2026-08-25 22:11:49,243 [INFO] CSV: 46 exportadas
2026-08-25 22:11:49,243 [INFO] ✅ 'Software Engineer': 46 guardadas
2026-08-25 22:11:54,747 [INFO] 
🔍 'Python Developer'
2026-08-25 22:11:54,747 [INFO]    Página 1/5
2026-08-25 22:11:59,414 [INFO]    → 13 encontradas
2026-08-25 22:13:19,374 [INFO]    Página 2/5
2026-08-25 22:13:23,769 [INFO]    → 2 encontradas
2026-08-25 22:13:37,789 [INFO]    Página 3/5
2026-08-25 22:13:41,822 [INFO]    → 4 encontradas
2026-08-25 22:14:06,578 [INFO]    Página 4/5
2026-08-25 22:14:09,937 [INFO]    → 13 encontradas
2026-08-25 22:15:33,112 [INFO]    Página 5/5
2026-08-25 22:15:38,468 [WARNING]    Sin ofertas — HTML guardado en diagnostico/
2026-08-25 22:15:38,468 [INFO]    → 0 encontradas
2026-08-25 22:15:38,469 [INFO] CSV: 32 exportadas
2026-08-25 22:15:38,470 [INFO] ✅ 'Python Developer': 32 guardadas
2026-08-25 22:15:44,640 [INFO] 
🔍 'Desarrollador Backend'
2026-08-25 22:15:44,640 [INFO]    Página 1/5
2026-08-25 22:15:49,948 [INFO]    → 19 encontradas
2026-08-25 22:17:44,086 [INFO]    Página 2/5
2026-08-25 22:17:47,984 [INFO]    → 10 encontradas
2026-08-25 22:18:48,775 [INFO]    Página 3/5
2026-08-25 22:18:54,797 [INFO]    → 15 encontradas
2026-08-25 22:20:17,725 [INFO]    Página 4/5
2026-08-25 22:20:23,218 [INFO]    → 15 encontradas
2026-08-25 22:21:52,901 [INFO]    Página 5/5
2026-08-25 22:21:57,565 [INFO]    → 15 encontradas
2026-08-25 22:23:26,761 [INFO] CSV: 74 exportadas
2026-08-25 22:23:26,762 [INFO] ✅ 'Desarrollador Backend': 74 guardadas
2026-08-25 22:23:33,494 [INFO] 
🔍 'Desarrollador Full Stack'
2026-08-25 22:23:33,495 [INFO]    Página 1/5
2026-08-25 22:23:39,035 [INFO]    → 13 encontradas
2026-08-25 22:24:57,088 [INFO]    Página 2/5
2026-08-25 22:25:01,452 [INFO]    → 16 encontradas
2026-08-25 22:26:51,650 [INFO]    Página 3/5
2026-08-25 22:26:56,500 [INFO]    → 5 encontradas
2026-08-25 22:27:32,466 [INFO]    Página 4/5
2026-08-25 22:27:38,204 [INFO]    → 20 encontradas
2026-08-25 22:28:19,410 [ERROR] Error (intento 1): ('Connection aborted.', RemoteDisconnected('Remote end closed connection without response'))
2026-08-25 22:30:10,837 [INFO]    Página 5/5
2026-08-25 22:30:14,444 [WARNING]    Sin ofertas — HTML guardado en diagnostico/
2026-08-25 22:30:14,444 [INFO]    → 0 encontradas
2026-08-25 22:30:14,447 [INFO] CSV: 54 exportadas
2026-08-25 22:30:14,448 [INFO] ✅ 'Desarrollador Full Stack': 54 guardadas
2026-08-25 22:30:21,411 [INFO] 
🔍 'Ingeniero de Datos'
2026-08-25 22:30:21,412 [INFO]    Página 1/5
2026-08-25 22:30:28,129 [INFO]    → 18 encontradas
2026-08-25 22:32:26,138 [INFO]    Página 2/5
2026-08-25 22:32:30,076 [INFO]    → 10 encontradas
2026-08-25 22:33:32,598 [INFO]    Página 3/5
2026-08-25 22:33:36,659 [INFO]    → 19 encontradas
2026-08-25 22:35:34,311 [INFO]    Página 4/5
2026-08-25 22:35:39,325 [INFO]    → 20 encontradas
2026-08-25 22:37:40,335 [INFO]    Página 5/5
2026-08-25 22:37:44,244 [INFO]    → 20 encontradas
2026-08-25 22:40:07,207 [INFO] CSV: 87 exportadas
2026-08-25 22:40:07,207 [INFO] ✅ 'Ingeniero de Datos': 87 guardadas
2026-08-25 22:40:12,790 [INFO] 
============================================================
FINALIZADO — 633 ofertas
2026-08-25 22:40:12,792 [INFO]   ✅ jobrapido: 633 ofertas recopiladas
2026-08-25 22:40:12,797 [INFO] 
============================================================
2026-08-25 22:40:12,797 [INFO]   EJECUTANDO: jobleads (JobleadsScraper)
2026-08-25 22:40:12,797 [INFO]   Queries: definidas en el módulo
2026-08-25 22:40:12,798 [INFO] ============================================================
2026-08-25 22:40:12,835 [INFO] DB lista: /media/carlos-a-cicconi/Common1/Repositorios-Ing.Carlos-Cicconi/Trabajo_Final_MCD/data/raw/ofertas_jobleads.db
2026-08-25 22:40:12,835 [INFO] Ejecutando diagnóstico de JobLeads...
2026-08-25 22:40:15,082 [INFO]   https://www.jobleads.com/ar/jobs?q=python → HTTP 200 | 324,886 chars | Final: https://www.jobleads.com/ar/jobs?q=python
2026-08-25 22:40:15,134 [INFO]   <title>: Trabajos en Argentina | JobLeads
2026-08-25 22:40:15,137 [INFO]   Links oferta detectados: 25
2026-08-25 22:40:15,137 [INFO]     /ar/job/software-engineer-qb-net-20260713--buenos-aires--e5a0da3494f286c6f4d4832bc3497a135 | Software Engineer (QB - .Net - 20260713)
2026-08-25 22:40:15,137 [INFO]     /ar/job/software-engineer-mobile-id76367--rosario--e8b8fb006cc4c78dfa5f5dbb4fb9e21c1 | Software Engineer (Mobile) Id76367
2026-08-25 22:40:15,137 [INFO]     /es/job/frontend-engineer-sr-id-00103--san-telmo--efb22739831726d7091b5771e5b06b75b | Frontend Engineer SR – ID #00103
2026-08-25 22:40:15,137 [INFO] JobleadsScraper inicializado (modo híbrido: requests + Playwright)
2026-08-25 22:40:15,138 [INFO] ============================================================
2026-08-25 22:40:15,138 [INFO] INICIO - JobLeads (modo híbrido: requests + Playwright)
2026-08-25 22:40:15,729 [INFO] Inicializando sesión Playwright en JobLeads...
2026-08-25 22:40:18,910 [INFO] 
🔍 'Data Scientist'
2026-08-25 22:40:18,910 [INFO]    Página 1/5
2026-08-25 22:40:23,896 [WARNING]    Sin ofertas HTML — guardado en diagnostico/jobleads_Data_Scientist.html
2026-08-25 22:40:23,896 [INFO]    → 0 encontradas
2026-08-25 22:40:23,896 [INFO] ✅ 'Data Scientist': 0 guardadas
2026-08-25 22:40:32,533 [INFO] 
🔍 'Data Analyst'
2026-08-25 22:40:32,534 [INFO]    Página 1/5
2026-08-25 22:40:37,055 [WARNING]    Sin ofertas HTML — guardado en diagnostico/jobleads_Data_Analyst.html
2026-08-25 22:40:37,055 [INFO]    → 0 encontradas
2026-08-25 22:40:37,055 [INFO] ✅ 'Data Analyst': 0 guardadas
2026-08-25 22:40:45,320 [INFO] 
🔍 'Machine Learning Engineer'
2026-08-25 22:40:45,320 [INFO]    Página 1/5
2026-08-25 22:40:50,107 [WARNING]    Sin ofertas HTML — guardado en diagnostico/jobleads_Machine_Learning_Engineer.html
2026-08-25 22:40:50,107 [INFO]    → 0 encontradas
2026-08-25 22:40:50,107 [INFO] ✅ 'Machine Learning Engineer': 0 guardadas
2026-08-25 22:40:59,703 [INFO] 
🔍 'NLP Engineer'
2026-08-25 22:40:59,703 [INFO]    Página 1/5
2026-08-25 22:41:04,315 [WARNING]    Sin ofertas HTML — guardado en diagnostico/jobleads_NLP_Engineer.html
2026-08-25 22:41:04,315 [INFO]    → 0 encontradas
2026-08-25 22:41:04,315 [INFO] ✅ 'NLP Engineer': 0 guardadas
2026-08-25 22:41:12,417 [INFO] 
🔍 'Data Engineer'
2026-08-25 22:41:12,418 [INFO]    Página 1/5
2026-08-25 22:41:17,733 [WARNING]    Sin ofertas HTML — guardado en diagnostico/jobleads_Data_Engineer.html
2026-08-25 22:41:17,733 [INFO]    → 0 encontradas
2026-08-25 22:41:17,733 [INFO] ✅ 'Data Engineer': 0 guardadas
2026-08-25 22:41:28,220 [INFO] 
🔍 'Software Engineer'
2026-08-25 22:41:28,220 [INFO]    Página 1/5
2026-08-25 22:41:32,521 [WARNING]    Sin ofertas HTML — guardado en diagnostico/jobleads_Software_Engineer.html
2026-08-25 22:41:32,521 [INFO]    → 0 encontradas
2026-08-25 22:41:32,521 [INFO] ✅ 'Software Engineer': 0 guardadas
2026-08-25 22:41:41,098 [INFO] 
🔍 'Python Developer'
2026-08-25 22:41:41,098 [INFO]    Página 1/5
2026-08-25 22:41:46,315 [WARNING]    Sin ofertas HTML — guardado en diagnostico/jobleads_Python_Developer.html
2026-08-25 22:41:46,316 [INFO]    → 0 encontradas
2026-08-25 22:41:46,316 [INFO] ✅ 'Python Developer': 0 guardadas
2026-08-25 22:41:54,686 [INFO] 
🔍 'Desarrollador Backend'
2026-08-25 22:41:54,686 [INFO]    Página 1/5
2026-08-25 22:42:00,496 [WARNING]    Sin ofertas HTML — guardado en diagnostico/jobleads_Desarrollador_Backend.html
2026-08-25 22:42:00,496 [INFO]    → 0 encontradas
2026-08-25 22:42:00,497 [INFO] ✅ 'Desarrollador Backend': 0 guardadas
2026-08-25 22:42:08,214 [INFO] 
🔍 'Desarrollador Full Stack'
2026-08-25 22:42:08,214 [INFO]    Página 1/5
2026-08-25 22:42:13,878 [WARNING]    Sin ofertas HTML — guardado en diagnostico/jobleads_Desarrollador_Full_Stack.html
2026-08-25 22:42:13,878 [INFO]    → 0 encontradas
2026-08-25 22:42:13,879 [INFO] ✅ 'Desarrollador Full Stack': 0 guardadas
2026-08-25 22:42:22,271 [INFO] 
🔍 'Ingeniero de Datos'
2026-08-25 22:42:22,272 [INFO]    Página 1/5
2026-08-25 22:42:27,909 [WARNING] HTTP 503 (intento 1)
2026-08-25 22:42:43,855 [WARNING]    Sin ofertas HTML — guardado en diagnostico/jobleads_Ingeniero_de_Datos.html
2026-08-25 22:42:43,855 [INFO]    → 0 encontradas
2026-08-25 22:42:43,855 [INFO] ✅ 'Ingeniero de Datos': 0 guardadas
2026-08-25 22:42:54,798 [INFO] 
============================================================
FINALIZADO — 0 ofertas
2026-08-25 22:42:54,799 [INFO]   ✅ jobleads: 0 ofertas recopiladas
2026-08-25 22:42:54,799 [INFO] 
=================================================================
2026-08-25 22:42:54,799 [INFO]   FASE 2: CONSOLIDACIÓN
2026-08-25 22:42:54,799 [INFO] =================================================================
2026-08-25 22:42:54,800 [INFO] Consolidado DB lista: /media/carlos-a-cicconi/Common1/Repositorios-Ing.Carlos-Cicconi/Trabajo_Final_MCD/data/raw/consolidado/ofertas_consolidadas.db
2026-08-25 22:42:54,815 [INFO] 
  📂 Procesando: linkedin (ofertas_linkedin.db)
2026-08-25 22:42:54,822 [INFO]   Leídas 416 ofertas de ofertas_linkedin.db
2026-08-25 22:42:54,872 [INFO]   ✅ linkedin: leídas=416 | nuevas=373 | dup=14 | old=29
2026-08-25 22:42:54,872 [INFO] 
  📂 Procesando: computrabajo (ofertas_computrabajo.db)
2026-08-25 22:42:54,873 [INFO]   Leídas 140 ofertas de ofertas_computrabajo.db
2026-08-25 22:42:54,885 [INFO]   ✅ computrabajo: leídas=140 | nuevas=140 | dup=0 | old=0
2026-08-25 22:42:54,885 [INFO] 
  📂 Procesando: getonboard (ofertas_getonboard.db)
2026-08-25 22:42:54,892 [INFO]   Leídas 420 ofertas de ofertas_getonboard.db
2026-08-25 22:42:54,923 [INFO]   ✅ getonboard: leídas=420 | nuevas=344 | dup=71 | old=5
2026-08-25 22:42:54,923 [INFO] 
  📂 Procesando: bumeran (ofertas_bumeran.db)
2026-08-25 22:42:54,927 [INFO]   Leídas 306 ofertas de ofertas_bumeran.db
2026-08-25 22:42:54,927 [INFO]   ✅ bumeran: leídas=306 | nuevas=0 | dup=306 | old=0
2026-08-25 22:42:54,927 [INFO] 
  📂 Procesando: zonajobs (ofertas_zonajobs.db)
2026-08-25 22:42:54,928 [INFO]   Leídas 44 ofertas de ofertas_zonajobs.db
2026-08-25 22:42:54,929 [INFO]   ✅ zonajobs: leídas=44 | nuevas=0 | dup=44 | old=0
2026-08-25 22:42:54,929 [INFO] 
  📂 Procesando: workana (ofertas_workana.db)
2026-08-25 22:42:54,931 [INFO]   Leídas 107 ofertas de ofertas_workana.db
2026-08-25 22:42:54,931 [INFO]   ✅ workana: leídas=107 | nuevas=0 | dup=107 | old=0
2026-08-25 22:42:54,931 [INFO] 
  📂 Procesando: opcionempleo (ofertas_opcionempleo.db)
2026-08-25 22:42:54,948 [INFO]   Leídas 1,074 ofertas de ofertas_opcionempleo.db
2026-08-25 22:42:54,949 [INFO]   ✅ opcionempleo: leídas=1,074 | nuevas=0 | dup=1,074 | old=0
2026-08-25 22:42:54,949 [INFO] 
  📂 Procesando: jobomas (ofertas_jobomas.db)
2026-08-25 22:42:54,949 [INFO]   Leídas 5 ofertas de ofertas_jobomas.db
2026-08-25 22:42:54,956 [INFO]   ✅ jobomas: leídas=5 | nuevas=4 | dup=1 | old=0
2026-08-25 22:42:54,956 [INFO] 
  📂 Procesando: jobrapido (ofertas_jobrapido.db)
2026-08-25 22:42:54,962 [INFO]   Leídas 633 ofertas de ofertas_jobrapido.db
2026-08-25 22:42:54,985 [INFO]   ✅ jobrapido: leídas=633 | nuevas=631 | dup=2 | old=0
2026-08-25 22:42:54,985 [INFO] 
  📂 Procesando: jobleads (ofertas_jobleads.db)
2026-08-25 22:42:54,986 [INFO]   Leídas 32 ofertas de ofertas_jobleads.db
2026-08-25 22:42:54,987 [INFO]   ✅ jobleads: leídas=32 | nuevas=0 | dup=32 | old=0
2026-08-25 22:42:55,067 [INFO]   CSV consolidado actualizado: +1,492 filas → /media/carlos-a-cicconi/Common1/Repositorios-Ing.Carlos-Cicconi/Trabajo_Final_MCD/data/raw/consolidado/ofertas_consolidadas.csv
2026-08-25 22:42:55,067 [INFO] 
=================================================================
2026-08-25 22:42:55,067 [INFO]   RESUMEN FINAL
2026-08-25 22:42:55,067 [INFO] =================================================================
2026-08-25 22:42:55,068 [INFO]   Ofertas nuevas incorporadas : 1,492
2026-08-25 22:42:55,068 [INFO]   Descartadas (antigüedad)    : 34
2026-08-25 22:42:55,068 [INFO]   Descartadas (duplicado)     : 1,651
2026-08-25 22:42:55,068 [INFO]   Total acumulado en DB       : 6,907
2026-08-25 22:42:55,068 [INFO]   Ventana temporal aplicada   : últimos 90 días (desde 2026-05-27)
2026-08-25 22:42:55,068 [INFO]   Duración total              : 152m 8s
2026-08-25 22:42:55,069 [INFO] 
  Archivos de salida:
2026-08-25 22:42:55,069 [INFO]     DB : /media/carlos-a-cicconi/Common1/Repositorios-Ing.Carlos-Cicconi/Trabajo_Final_MCD/data/raw/consolidado/ofertas_consolidadas.db
2026-08-25 22:42:55,069 [INFO]     CSV: /media/carlos-a-cicconi/Common1/Repositorios-Ing.Carlos-Cicconi/Trabajo_Final_MCD/data/raw/consolidado/ofertas_consolidadas.csv
2026-08-25 22:42:55,069 [INFO]     Log: /media/carlos-a-cicconi/Common1/Repositorios-Ing.Carlos-Cicconi/Trabajo_Final_MCD/logs/run_scraping_20260825_201046.log
2026-08-25 22:42:55,069 [INFO] 
  Resultado por scraper:
2026-08-25 22:42:55,069 [INFO]     ✅ linkedin        | 🔧mod | ofertas=416 | tiempo=1995s
2026-08-25 22:42:55,069 [INFO]     ✅ computrabajo    | 🔧mod | ofertas=140 | tiempo=816s
2026-08-25 22:42:55,069 [INFO]     ✅ getonboard      | 🔧mod | ofertas=420 | tiempo=202s
2026-08-25 22:42:55,069 [INFO]     ✅ bumeran         | 🔧mod | ofertas=0 | tiempo=340s
2026-08-25 22:42:55,069 [INFO]     ✅ zonajobs        | 🔧mod | ofertas=0 | tiempo=340s
2026-08-25 22:42:55,069 [INFO]     ✅ workana         | 🔧mod | ofertas=0 | tiempo=307s
2026-08-25 22:42:55,069 [INFO]     ✅ opcionempleo    | 🔧mod | ofertas=0 | tiempo=471s
2026-08-25 22:42:55,070 [INFO]     ✅ jobomas         | 🔧mod | ofertas=5 | tiempo=233s
2026-08-25 22:42:55,070 [INFO]     ✅ jobrapido       | 🔧mod | ofertas=633 | tiempo=4259s
2026-08-25 22:42:55,070 [INFO]     ✅ jobleads        | 🔧mod | ofertas=0 | tiempo=162s
2026-08-25 22:42:55,070 [INFO] 
  Por fuente (consolidación):
2026-08-25 22:42:55,070 [INFO]     linkedin       : nuevas=373 | dup=14 | old=29
2026-08-25 22:42:55,070 [INFO]     computrabajo   : nuevas=140 | dup=0 | old=0
2026-08-25 22:42:55,070 [INFO]     getonboard     : nuevas=344 | dup=71 | old=5
2026-08-25 22:42:55,070 [INFO]     bumeran        : nuevas=0 | dup=306 | old=0
2026-08-25 22:42:55,070 [INFO]     zonajobs       : nuevas=0 | dup=44 | old=0
2026-08-25 22:42:55,070 [INFO]     workana        : nuevas=0 | dup=107 | old=0
2026-08-25 22:42:55,070 [INFO]     opcionempleo   : nuevas=0 | dup=1,074 | old=0
2026-08-25 22:42:55,070 [INFO]     jobomas        : nuevas=4 | dup=1 | old=0
2026-08-25 22:42:55,070 [INFO]     jobrapido      : nuevas=631 | dup=2 | old=0
2026-08-25 22:42:55,071 [INFO]     jobleads       : nuevas=0 | dup=32 | old=0
2026-08-25 22:42:55,071 [INFO]     Reporte: /media/carlos-a-cicconi/Common1/Repositorios-Ing.Carlos-Cicconi/Trabajo_Final_MCD/data/raw/consolidado/run_20260825_224255.json
2026-08-25 22:42:55,071 [INFO] =================================================================
