2026-09-15 12:08:35,070 [INFO] 
=================================================================
2026-09-15 12:08:35,070 [INFO]   ORQUESTADOR DE SCRAPING — Tesis MCD
2026-09-15 12:08:35,070 [INFO]   Alumno: Cicconi, Carlos Alberto
2026-09-15 12:08:35,070 [INFO]   Universidad Austral — Maestría en Explotación de Datos
2026-09-15 12:08:35,070 [INFO] =================================================================
2026-09-15 12:08:35,070 [INFO]   Fecha/hora inicio : 2026-09-15 12:08:35
2026-09-15 12:08:35,070 [INFO]   Ventana temporal  : 90 días
2026-09-15 12:08:35,070 [INFO]   Verificar links   : Sí (8 hilos)
2026-09-15 12:08:35,070 [INFO]   Scrapers activos  : 10
2026-09-15 12:08:35,070 [INFO]   Solo consolidar   : False
2026-09-15 12:08:35,070 [INFO]   Origen de queries : módulos (por defecto)
2026-09-15 12:08:35,070 [INFO] 
=================================================================
2026-09-15 12:08:35,070 [INFO]   MODO PURGA — revalidando el consolidado existente
2026-09-15 12:08:35,071 [INFO] =================================================================
2026-09-15 12:08:35,141 [INFO]   Revisando 4,997 ofertas ya consolidadas...
2026-09-15 12:08:35,149 [INFO]   🔗 Verificando 4,994 links...
2026-09-15 12:12:09,274 [INFO]     🔗❌ Link inactivo, descartada: Fintech Nlp Ml Engineer: Python (Buenos Aires) → https://ar.jobrapido.com/jobpreview/5035440168446722048?redirectTo=https%253A%252F%252Fwww.kitempleo.com.ar%252Fempleo%252F52671763%252Ffintech-nlp-ml-engineer-python-buenos-aires&w=Python&p=4
2026-09-15 12:12:09,288 [INFO]     🔗❌ Link inactivo, descartada: FinTech NLP ML Engineer: Python (Buenos Aires) → https://ar.jobrapido.com/jobpreview/3859144833339752448?redirectTo=https%253A%252F%252Fwww.kitempleo.com.ar%252Fempleo%252F52648436%252Ffintech-nlp-ml-engineer-python-buenos-aires&w=Python&p=4
2026-09-15 12:12:09,889 [INFO]     🔗❌ Link inactivo, descartada: FinTech NLP ML Engineer: Python & Document Processing (Bueno → https://ar.jobrapido.com/jobpreview/1395323993447202816?redirectTo=https%253A%252F%252Fwww.kitempleo.com.ar%252Fempleo%252F52649065%252Ffintech-nlp-ml-engineer-python-document-processing-buenos-aires&w=Python&p=4
2026-09-15 12:12:38,859 [INFO]     🔗❌ Link inactivo, descartada: Desarrollador Full Stack (Córdoba) → https://ar.jobrapido.com/jobpreview/1985832106307092480?redirectTo=https%253A%252F%252Fwww.kitempleo.com.ar%252Fempleo%252F52647658%252Fdesarrollador-full-stack-cordoba&w=Python&p=4
2026-09-15 12:15:00,356 [INFO]     🔗❌ Link inactivo, descartada: Python Developer (Buenos Aires) → https://ar.jobrapido.com/jobpreview/7231144685589233664?redirectTo=https%253A%252F%252Fwww.kitempleo.com.ar%252Fempleo%252F52648023%252Fpython-developer-buenos-aires&w=Python&p=5
2026-09-15 12:15:01,377 [INFO]     🔗❌ Link inactivo, descartada: Python Developer (IA) (Buenos Aires) → https://ar.jobrapido.com/jobpreview/2240538029330530304?redirectTo=https%253A%252F%252Fwww.kitempleo.com.ar%252Fempleo%252F52649801%252Fpython-developer-ia-buenos-aires&w=Python&p=5
2026-09-15 12:15:16,260 [INFO]     🔗❌ Link inactivo, descartada: Desarrollador Full Stack Ssr Proyecto En Munro Vicente López → https://ar.jobrapido.com/jobpreview/4241658331573256192?redirectTo=https%253A%252F%252Fwww.kitempleo.com.ar%252Fempleo%252F52653417%252Fdesarrollador-full-stack-ssr-proyecto-en-munro-vicente-lopez&w=Python&p=3
2026-09-15 12:15:17,076 [INFO]     🔗❌ Link inactivo, descartada: Desarrollador Full Stack Ssr Proyecto En Munro Vicente López → https://ar.jobrapido.com/jobpreview/7979938492383756288?redirectTo=https%253A%252F%252Fwww.kitempleo.com.ar%252Fempleo%252F52655129%252Fdesarrollador-full-stack-ssr-proyecto-en-munro-vicente-lopez&w=Python&p=3
2026-09-15 12:15:17,667 [INFO]     🔗❌ Link inactivo, descartada: Desarrollador Full Stack Ssr Proyecto En Munro Vicente López → https://ar.jobrapido.com/jobpreview/4457831113687040000?redirectTo=https%253A%252F%252Fwww.kitempleo.com.ar%252Fempleo%252F52654965%252Fdesarrollador-full-stack-ssr-proyecto-en-munro-vicente-lopez-argentina&w=Python&p=3
2026-09-15 12:17:20,434 [INFO]   CSV consolidado reescrito: 4,985 filas → /media/carlos-a-cicconi/Common1/Repositorios-Ing.Carlos-Cicconi/Trabajo_Final_MCD/data/raw/consolidado/ofertas_consolidadas.csv
2026-09-15 12:17:20,434 [INFO]   🗑️  Purgadas 12 ofertas (antigüedad=3 | link-inactivo=9)
2026-09-15 12:17:20,434 [INFO]   Consolidado actualizado: 4,985 ofertas vigentes
2026-09-15 12:17:20,439 [INFO] 
=================================================================
2026-09-15 12:17:20,439 [INFO]   RESUMEN DE LA PURGA
2026-09-15 12:17:20,439 [INFO] =================================================================
2026-09-15 12:17:20,439 [INFO]   Ofertas revisadas           : 4,997
2026-09-15 12:17:20,439 [INFO]   Eliminadas (antigüedad)     : 3
2026-09-15 12:17:20,439 [INFO]   Eliminadas (link inactivo)  : 9
2026-09-15 12:17:20,439 [INFO]   Total eliminadas            : 12
2026-09-15 12:17:20,439 [INFO]   Ofertas conservadas         : 4,985
2026-09-15 12:17:20,439 [INFO]   Duración total              : 8m 45s
2026-09-15 12:17:20,440 [INFO]   Reporte: /media/carlos-a-cicconi/Common1/Repositorios-Ing.Carlos-Cicconi/Trabajo_Final_MCD/data/raw/consolidado/purga_20260915_121720.json
