2026-09-07 11:24:49,020 [INFO] 
=================================================================
2026-09-07 11:24:49,020 [INFO]   ORQUESTADOR DE SCRAPING — Tesis MCD
2026-09-07 11:24:49,020 [INFO]   Alumno: Cicconi, Carlos Alberto
2026-09-07 11:24:49,020 [INFO]   Universidad Austral — Maestría en Explotación de Datos
2026-09-07 11:24:49,020 [INFO] =================================================================
2026-09-07 11:24:49,021 [INFO]   Fecha/hora inicio : 2026-09-07 11:24:49
2026-09-07 11:24:49,021 [INFO]   Ventana temporal  : 90 días
2026-09-07 11:24:49,021 [INFO]   Scrapers activos  : 10
2026-09-07 11:24:49,021 [INFO]   Solo consolidar   : True
2026-09-07 11:24:49,021 [INFO]   Origen de queries : módulos (por defecto)
2026-09-07 11:24:49,021 [INFO] 
=================================================================
2026-09-07 11:24:49,021 [INFO]   FASE 2: CONSOLIDACIÓN
2026-09-07 11:24:49,021 [INFO] =================================================================
2026-09-07 11:24:49,021 [INFO] Consolidado DB lista: /media/carlos-a-cicconi/Common1/Repositorios-Ing.Carlos-Cicconi/Trabajo_Final_MCD/data/raw/consolidado/ofertas_consolidadas.db
2026-09-07 11:24:49,030 [INFO] 
  📂 Procesando: linkedin (linkedin.db)
2026-09-07 11:24:49,050 [INFO]   Leídas 1,005 ofertas de linkedin.db
2026-09-07 11:24:49,054 [INFO]   ✅ linkedin: leídas=1,005 | nuevas=0 | dup=943 | old=62
2026-09-07 11:24:49,054 [INFO] 
  📂 Procesando: computrabajo (computrabajo.db)
2026-09-07 11:24:49,059 [INFO]   Leídas 690 ofertas de computrabajo.db
2026-09-07 11:24:49,059 [INFO]   ✅ computrabajo: leídas=690 | nuevas=0 | dup=690 | old=0
2026-09-07 11:24:49,060 [INFO] 
  📂 Procesando: getonboard (getonboard.db)
2026-09-07 11:24:49,065 [INFO]   Leídas 556 ofertas de getonboard.db
2026-09-07 11:24:49,066 [INFO]   ✅ getonboard: leídas=556 | nuevas=0 | dup=550 | old=6
2026-09-07 11:24:49,066 [INFO] 
  📂 Procesando: bumeran (bumeran.db)
2026-09-07 11:24:49,066 [INFO]   Leídas 0 ofertas de bumeran.db
2026-09-07 11:24:49,066 [INFO]   ✅ bumeran: leídas=0 | nuevas=0 | dup=0 | old=0
2026-09-07 11:24:49,067 [INFO] 
  📂 Procesando: zonajobs (zonajobs.db)
2026-09-07 11:24:49,067 [INFO]   Leídas 0 ofertas de zonajobs.db
2026-09-07 11:24:49,067 [INFO]   ✅ zonajobs: leídas=0 | nuevas=0 | dup=0 | old=0
2026-09-07 11:24:49,067 [INFO] 
  📂 Procesando: opcionempleo (opcionempleo.db)
2026-09-07 11:24:49,084 [INFO]   Leídas 1,494 ofertas de opcionempleo.db
2026-09-07 11:24:49,085 [INFO]   ✅ opcionempleo: leídas=1,494 | nuevas=0 | dup=1,494 | old=0
2026-09-07 11:24:49,085 [INFO] 
  📂 Procesando: jobrapido (jobrapido.db)
2026-09-07 11:24:49,095 [INFO]   Leídas 1,309 ofertas de jobrapido.db
2026-09-07 11:24:49,097 [INFO]   ✅ jobrapido: leídas=1,309 | nuevas=0 | dup=1,309 | old=0
2026-09-07 11:24:49,097 [INFO] 
  📂 Procesando: freelancer_ar (freelancer_ar.db)
2026-09-07 11:24:49,100 [INFO]   Leídas 323 ofertas de freelancer_ar.db
2026-09-07 11:24:49,105 [INFO]   ✅ freelancer_ar: leídas=323 | nuevas=0 | dup=0 | old=323
2026-09-07 11:24:49,105 [INFO] 
  📂 Procesando: randstad (randstad.db)
2026-09-07 11:24:49,106 [INFO]   Leídas 2 ofertas de randstad.db
2026-09-07 11:24:49,111 [INFO]   ✅ randstad: leídas=2 | nuevas=2 | dup=0 | old=0
2026-09-07 11:24:49,111 [INFO] 
  📂 Procesando: adecco (adecco.db)
2026-09-07 11:24:49,113 [INFO]   Leídas 4 ofertas de adecco.db
2026-09-07 11:24:49,113 [INFO]   ✅ adecco: leídas=4 | nuevas=0 | dup=4 | old=0
2026-09-07 11:24:49,115 [INFO]   CSV consolidado actualizado: +2 filas → /media/carlos-a-cicconi/Common1/Repositorios-Ing.Carlos-Cicconi/Trabajo_Final_MCD/data/raw/consolidado/ofertas_consolidadas.csv
2026-09-07 11:24:49,117 [INFO] 
=================================================================
2026-09-07 11:24:49,117 [INFO]   RESUMEN FINAL
2026-09-07 11:24:49,117 [INFO] =================================================================
2026-09-07 11:24:49,119 [INFO]   Ofertas nuevas incorporadas : 2
2026-09-07 11:24:49,119 [INFO]   Descartadas (antigüedad)    : 391
2026-09-07 11:24:49,119 [INFO]   Descartadas (duplicado)     : 4,990
2026-09-07 11:24:49,120 [INFO]   Total acumulado en DB       : 10,386
2026-09-07 11:24:49,120 [INFO]   Ventana temporal aplicada   : últimos 90 días (desde 2026-06-09)
2026-09-07 11:24:49,120 [INFO]   Duración total              : 0m 0s
2026-09-07 11:24:49,120 [INFO] 
  Archivos de salida:
2026-09-07 11:24:49,120 [INFO]     DB : /media/carlos-a-cicconi/Common1/Repositorios-Ing.Carlos-Cicconi/Trabajo_Final_MCD/data/raw/consolidado/ofertas_consolidadas.db
2026-09-07 11:24:49,121 [INFO]     CSV: /media/carlos-a-cicconi/Common1/Repositorios-Ing.Carlos-Cicconi/Trabajo_Final_MCD/data/raw/consolidado/ofertas_consolidadas.csv
2026-09-07 11:24:49,121 [INFO]     Log: /media/carlos-a-cicconi/Common1/Repositorios-Ing.Carlos-Cicconi/Trabajo_Final_MCD/logs/run_scraping_20260907_112449.log
2026-09-07 11:24:49,121 [INFO] 
  Por fuente (consolidación):
2026-09-07 11:24:49,121 [INFO]     linkedin       : nuevas=0 | dup=943 | old=62
2026-09-07 11:24:49,121 [INFO]     computrabajo   : nuevas=0 | dup=690 | old=0
2026-09-07 11:24:49,122 [INFO]     getonboard     : nuevas=0 | dup=550 | old=6
2026-09-07 11:24:49,122 [INFO]     bumeran        : nuevas=0 | dup=0 | old=0
2026-09-07 11:24:49,122 [INFO]     zonajobs       : nuevas=0 | dup=0 | old=0
2026-09-07 11:24:49,122 [INFO]     opcionempleo   : nuevas=0 | dup=1,494 | old=0
2026-09-07 11:24:49,122 [INFO]     jobrapido      : nuevas=0 | dup=1,309 | old=0
2026-09-07 11:24:49,122 [INFO]     freelancer_ar  : nuevas=0 | dup=0 | old=323
2026-09-07 11:24:49,123 [INFO]     randstad       : nuevas=2 | dup=0 | old=0
2026-09-07 11:24:49,123 [INFO]     adecco         : nuevas=0 | dup=4 | old=0
2026-09-07 11:24:49,124 [INFO]     Reporte: /media/carlos-a-cicconi/Common1/Repositorios-Ing.Carlos-Cicconi/Trabajo_Final_MCD/data/raw/consolidado/run_20260907_112449.json
2026-09-07 11:24:49,124 [INFO] =================================================================
