2026-04-29 22:37:14,321 [INFO] 
=================================================================
2026-04-29 22:37:14,321 [INFO]   ORQUESTADOR DE SCRAPING — Tesis MCD
2026-04-29 22:37:14,321 [INFO]   Alumno: Cicconi, Carlos Alberto
2026-04-29 22:37:14,321 [INFO]   Universidad Austral — Maestría en Explotación de Datos
2026-04-29 22:37:14,321 [INFO] =================================================================
2026-04-29 22:37:14,321 [INFO]   Fecha/hora inicio : 2026-04-29 22:37:14
2026-04-29 22:37:14,321 [INFO]   Ventana temporal  : 90 días
2026-04-29 22:37:14,321 [INFO]   Scrapers activos  : 10
2026-04-29 22:37:14,321 [INFO]   Solo consolidar   : False
2026-04-29 22:37:14,321 [INFO]   Origen de queries : módulos (por defecto)
2026-04-29 22:37:14,321 [INFO] 
  Scrapers a ejecutar: ['linkedin', 'computrabajo', 'getonboard', 'bumeran', 'zonajobs', 'workana', 'opcionempleo', 'jobomas', 'jobrapido', 'jobleads']
2026-04-29 22:37:14,322 [INFO] 
============================================================
2026-04-29 22:37:14,322 [INFO]   EJECUTANDO: linkedin (LinkedInScraper)
2026-04-29 22:37:14,322 [INFO]   Queries: definidas en el módulo
2026-04-29 22:37:14,322 [INFO] ============================================================
2026-04-29 22:37:15,033 [INFO] Base de datos lista: /media/carlos-a-cicconi/Common1/Repositorios-Ing.Carlos-Cicconi/Trabajo_Final_MCD/data/raw/ofertas_linkedin.db
2026-04-29 22:37:15,034 [INFO] LinkedInScraper inicializado correctamente
2026-04-29 22:37:15,034 [INFO] ============================================================
2026-04-29 22:37:15,034 [INFO] INICIO DEL SCRAPING - LinkedIn Jobs
2026-04-29 22:37:15,034 [INFO] Búsquedas: 10 | Páginas por búsqueda: 5
2026-04-29 22:37:15,034 [INFO] ============================================================
2026-04-29 22:37:15,034 [INFO] 
🔍 Buscando: 'Data Scientist' en 'Argentina'
2026-04-29 22:37:15,034 [INFO]    Página 1/5 → https://www.linkedin.com/jobs-guest/jobs/api/seeMoreJobPostings/search?keywords=Data%20Scientist&location=Argentina&start=0&f_WT=2
2026-04-29 22:37:20,322 [INFO]    → 10 ofertas nuevas encontradas
2026-04-29 22:38:02,042 [INFO]    Página 2/5 → https://www.linkedin.com/jobs-guest/jobs/api/seeMoreJobPostings/search?keywords=Data%20Scientist&location=Argentina&start=25&f_WT=2
2026-04-29 22:38:07,519 [INFO]    → 9 ofertas nuevas encontradas
2026-04-29 22:38:46,755 [INFO]    Página 3/5 → https://www.linkedin.com/jobs-guest/jobs/api/seeMoreJobPostings/search?keywords=Data%20Scientist&location=Argentina&start=50&f_WT=2
2026-04-29 22:38:51,032 [INFO]    → 10 ofertas nuevas encontradas
2026-04-29 22:39:33,249 [INFO]    Página 4/5 → https://www.linkedin.com/jobs-guest/jobs/api/seeMoreJobPostings/search?keywords=Data%20Scientist&location=Argentina&start=75&f_WT=2
2026-04-29 22:39:38,354 [INFO]    → 8 ofertas nuevas encontradas
2026-04-29 22:40:12,893 [INFO]    Página 5/5 → https://www.linkedin.com/jobs-guest/jobs/api/seeMoreJobPostings/search?keywords=Data%20Scientist&location=Argentina&start=100&f_WT=2
2026-04-29 22:40:16,636 [INFO]    → 8 ofertas nuevas encontradas
2026-04-29 22:40:47,280 [INFO] Exportadas 45 ofertas a CSV: /media/carlos-a-cicconi/Common1/Repositorios-Ing.Carlos-Cicconi/Trabajo_Final_MCD/data/raw/ofertas_linkedin_20260429.csv
2026-04-29 22:40:47,280 [INFO] ✅ 'Data Scientist': 45 ofertas guardadas
2026-04-29 22:40:47,280 [INFO] 
🔍 Buscando: 'Data Analyst' en 'Argentina'
2026-04-29 22:40:47,281 [INFO]    Página 1/5 → https://www.linkedin.com/jobs-guest/jobs/api/seeMoreJobPostings/search?keywords=Data%20Analyst&location=Argentina&start=0&f_WT=2
2026-04-29 22:40:51,864 [INFO]    → 8 ofertas nuevas encontradas
2026-04-29 22:41:23,518 [INFO]    Página 2/5 → https://www.linkedin.com/jobs-guest/jobs/api/seeMoreJobPostings/search?keywords=Data%20Analyst&location=Argentina&start=25&f_WT=2
2026-04-29 22:41:28,351 [INFO]    → 8 ofertas nuevas encontradas
2026-04-29 22:41:59,460 [INFO]    Página 3/5 → https://www.linkedin.com/jobs-guest/jobs/api/seeMoreJobPostings/search?keywords=Data%20Analyst&location=Argentina&start=50&f_WT=2
2026-04-29 22:42:04,253 [INFO]    → 8 ofertas nuevas encontradas
2026-04-29 22:42:37,967 [INFO]    Página 4/5 → https://www.linkedin.com/jobs-guest/jobs/api/seeMoreJobPostings/search?keywords=Data%20Analyst&location=Argentina&start=75&f_WT=2
2026-04-29 22:42:42,978 [INFO]    → 9 ofertas nuevas encontradas
2026-04-29 22:43:26,226 [INFO]    Página 5/5 → https://www.linkedin.com/jobs-guest/jobs/api/seeMoreJobPostings/search?keywords=Data%20Analyst&location=Argentina&start=100&f_WT=2
2026-04-29 22:43:29,660 [INFO]    → 9 ofertas nuevas encontradas
2026-04-29 22:44:03,098 [INFO] Exportadas 42 ofertas a CSV: /media/carlos-a-cicconi/Common1/Repositorios-Ing.Carlos-Cicconi/Trabajo_Final_MCD/data/raw/ofertas_linkedin_20260429.csv
2026-04-29 22:44:03,098 [INFO] ✅ 'Data Analyst': 42 ofertas guardadas
2026-04-29 22:44:03,098 [INFO] 
🔍 Buscando: 'Machine Learning Engineer' en 'Argentina'
2026-04-29 22:44:03,098 [INFO]    Página 1/5 → https://www.linkedin.com/jobs-guest/jobs/api/seeMoreJobPostings/search?keywords=Machine%20Learning%20Engineer&location=Argentina&start=0&f_WT=2
2026-04-29 22:44:08,578 [INFO]    → 5 ofertas nuevas encontradas
2026-04-29 22:44:30,636 [INFO]    Página 2/5 → https://www.linkedin.com/jobs-guest/jobs/api/seeMoreJobPostings/search?keywords=Machine%20Learning%20Engineer&location=Argentina&start=25&f_WT=2
2026-04-29 22:44:34,377 [INFO]    → 8 ofertas nuevas encontradas
2026-04-29 22:45:10,964 [INFO]    Página 3/5 → https://www.linkedin.com/jobs-guest/jobs/api/seeMoreJobPostings/search?keywords=Machine%20Learning%20Engineer&location=Argentina&start=50&f_WT=2
2026-04-29 22:45:15,544 [INFO]    → 9 ofertas nuevas encontradas
2026-04-29 22:45:54,068 [INFO]    Página 4/5 → https://www.linkedin.com/jobs-guest/jobs/api/seeMoreJobPostings/search?keywords=Machine%20Learning%20Engineer&location=Argentina&start=75&f_WT=2
2026-04-29 22:45:58,040 [INFO]    → 7 ofertas nuevas encontradas
2026-04-29 22:46:23,478 [INFO]    Página 5/5 → https://www.linkedin.com/jobs-guest/jobs/api/seeMoreJobPostings/search?keywords=Machine%20Learning%20Engineer&location=Argentina&start=100&f_WT=2
2026-04-29 22:46:27,226 [INFO]    → 10 ofertas nuevas encontradas
2026-04-29 22:47:06,461 [INFO] Exportadas 39 ofertas a CSV: /media/carlos-a-cicconi/Common1/Repositorios-Ing.Carlos-Cicconi/Trabajo_Final_MCD/data/raw/ofertas_linkedin_20260429.csv
2026-04-29 22:47:06,461 [INFO] ✅ 'Machine Learning Engineer': 39 ofertas guardadas
2026-04-29 22:47:06,461 [INFO] 
🔍 Buscando: 'NLP Engineer' en 'Argentina'
2026-04-29 22:47:06,462 [INFO]    Página 1/5 → https://www.linkedin.com/jobs-guest/jobs/api/seeMoreJobPostings/search?keywords=NLP%20Engineer&location=Argentina&start=0&f_WT=2
2026-04-29 22:47:10,335 [INFO]    → 9 ofertas nuevas encontradas
2026-04-29 22:47:43,561 [INFO]    Página 2/5 → https://www.linkedin.com/jobs-guest/jobs/api/seeMoreJobPostings/search?keywords=NLP%20Engineer&location=Argentina&start=25&f_WT=2
2026-04-29 22:47:50,476 [INFO]    → 10 ofertas nuevas encontradas
2026-04-29 22:48:33,913 [INFO]    Página 3/5 → https://www.linkedin.com/jobs-guest/jobs/api/seeMoreJobPostings/search?keywords=NLP%20Engineer&location=Argentina&start=50&f_WT=2
2026-04-29 22:48:39,217 [INFO]    → 4 ofertas nuevas encontradas
2026-04-29 22:48:57,049 [INFO]    Página 4/5 → https://www.linkedin.com/jobs-guest/jobs/api/seeMoreJobPostings/search?keywords=NLP%20Engineer&location=Argentina&start=75&f_WT=2
2026-04-29 22:49:02,454 [INFO]    → 0 ofertas nuevas encontradas
2026-04-29 22:49:02,454 [INFO]    → No hay más resultados para esta búsqueda.
2026-04-29 22:49:02,458 [INFO] Exportadas 23 ofertas a CSV: /media/carlos-a-cicconi/Common1/Repositorios-Ing.Carlos-Cicconi/Trabajo_Final_MCD/data/raw/ofertas_linkedin_20260429.csv
2026-04-29 22:49:02,458 [INFO] ✅ 'NLP Engineer': 23 ofertas guardadas
2026-04-29 22:49:02,458 [INFO] 
🔍 Buscando: 'Data Engineer' en 'Argentina'
2026-04-29 22:49:02,458 [INFO]    Página 1/5 → https://www.linkedin.com/jobs-guest/jobs/api/seeMoreJobPostings/search?keywords=Data%20Engineer&location=Argentina&start=0&f_WT=2
2026-04-29 22:49:06,261 [INFO]    → 2 ofertas nuevas encontradas
2026-04-29 22:49:16,541 [INFO]    Página 2/5 → https://www.linkedin.com/jobs-guest/jobs/api/seeMoreJobPostings/search?keywords=Data%20Engineer&location=Argentina&start=25&f_WT=2
2026-04-29 22:49:20,892 [INFO]    → 9 ofertas nuevas encontradas
2026-04-29 22:49:56,785 [INFO]    Página 3/5 → https://www.linkedin.com/jobs-guest/jobs/api/seeMoreJobPostings/search?keywords=Data%20Engineer&location=Argentina&start=50&f_WT=2
2026-04-29 22:50:02,366 [INFO]    → 6 ofertas nuevas encontradas
2026-04-29 22:50:26,986 [INFO]    Página 4/5 → https://www.linkedin.com/jobs-guest/jobs/api/seeMoreJobPostings/search?keywords=Data%20Engineer&location=Argentina&start=75&f_WT=2
2026-04-29 22:50:30,319 [INFO]    → 9 ofertas nuevas encontradas
2026-04-29 22:51:08,843 [INFO]    Página 5/5 → https://www.linkedin.com/jobs-guest/jobs/api/seeMoreJobPostings/search?keywords=Data%20Engineer&location=Argentina&start=100&f_WT=2
2026-04-29 22:51:12,100 [INFO]    → 9 ofertas nuevas encontradas
2026-04-29 22:51:53,597 [INFO] Exportadas 35 ofertas a CSV: /media/carlos-a-cicconi/Common1/Repositorios-Ing.Carlos-Cicconi/Trabajo_Final_MCD/data/raw/ofertas_linkedin_20260429.csv
2026-04-29 22:51:53,597 [INFO] ✅ 'Data Engineer': 35 ofertas guardadas
2026-04-29 22:51:53,597 [INFO] 
🔍 Buscando: 'Software Engineer' en 'Argentina'
2026-04-29 22:51:53,597 [INFO]    Página 1/5 → https://www.linkedin.com/jobs-guest/jobs/api/seeMoreJobPostings/search?keywords=Software%20Engineer&location=Argentina&start=0&f_WT=2
2026-04-29 22:51:57,154 [INFO]    → 4 ofertas nuevas encontradas
2026-04-29 22:52:11,850 [INFO]    Página 2/5 → https://www.linkedin.com/jobs-guest/jobs/api/seeMoreJobPostings/search?keywords=Software%20Engineer&location=Argentina&start=25&f_WT=2
2026-04-29 22:52:17,431 [INFO]    → 6 ofertas nuevas encontradas
2026-04-29 22:52:40,698 [INFO]    Página 3/5 → https://www.linkedin.com/jobs-guest/jobs/api/seeMoreJobPostings/search?keywords=Software%20Engineer&location=Argentina&start=50&f_WT=2
2026-04-29 22:52:44,466 [INFO]    → 8 ofertas nuevas encontradas
2026-04-29 22:52:53,569 [WARNING] Rate limit (429). Esperando 60s antes de reintentar...
2026-04-29 22:54:24,122 [INFO]    Página 4/5 → https://www.linkedin.com/jobs-guest/jobs/api/seeMoreJobPostings/search?keywords=Software%20Engineer&location=Argentina&start=75&f_WT=2
2026-04-29 22:54:27,581 [INFO]    → 6 ofertas nuevas encontradas
2026-04-29 22:54:54,532 [INFO]    Página 5/5 → https://www.linkedin.com/jobs-guest/jobs/api/seeMoreJobPostings/search?keywords=Software%20Engineer&location=Argentina&start=100&f_WT=2
2026-04-29 22:54:59,633 [INFO]    → 7 ofertas nuevas encontradas
2026-04-29 22:55:28,050 [INFO] Exportadas 31 ofertas a CSV: /media/carlos-a-cicconi/Common1/Repositorios-Ing.Carlos-Cicconi/Trabajo_Final_MCD/data/raw/ofertas_linkedin_20260429.csv
2026-04-29 22:55:28,050 [INFO] ✅ 'Software Engineer': 31 ofertas guardadas
2026-04-29 22:55:28,050 [INFO] 
🔍 Buscando: 'Python Developer' en 'Argentina'
2026-04-29 22:55:28,050 [INFO]    Página 1/5 → https://www.linkedin.com/jobs-guest/jobs/api/seeMoreJobPostings/search?keywords=Python%20Developer&location=Argentina&start=0&f_WT=2
2026-04-29 22:55:32,092 [INFO]    → 9 ofertas nuevas encontradas
2026-04-29 22:56:09,418 [INFO]    Página 2/5 → https://www.linkedin.com/jobs-guest/jobs/api/seeMoreJobPostings/search?keywords=Python%20Developer&location=Argentina&start=25&f_WT=2
2026-04-29 22:56:13,691 [INFO]    → 10 ofertas nuevas encontradas
2026-04-29 22:56:58,848 [INFO]    Página 3/5 → https://www.linkedin.com/jobs-guest/jobs/api/seeMoreJobPostings/search?keywords=Python%20Developer&location=Argentina&start=50&f_WT=2
2026-04-29 22:57:03,844 [INFO]    → 9 ofertas nuevas encontradas
2026-04-29 22:57:39,729 [INFO]    Página 4/5 → https://www.linkedin.com/jobs-guest/jobs/api/seeMoreJobPostings/search?keywords=Python%20Developer&location=Argentina&start=75&f_WT=2
2026-04-29 22:57:43,269 [INFO]    → 10 ofertas nuevas encontradas
2026-04-29 22:58:15,310 [WARNING] Rate limit (429). Esperando 60s antes de reintentar...
2026-04-29 22:59:26,918 [INFO]    Página 5/5 → https://www.linkedin.com/jobs-guest/jobs/api/seeMoreJobPostings/search?keywords=Python%20Developer&location=Argentina&start=100&f_WT=2
2026-04-29 22:59:30,890 [INFO]    → 8 ofertas nuevas encontradas
2026-04-29 23:00:02,684 [INFO] Exportadas 46 ofertas a CSV: /media/carlos-a-cicconi/Common1/Repositorios-Ing.Carlos-Cicconi/Trabajo_Final_MCD/data/raw/ofertas_linkedin_20260429.csv
2026-04-29 23:00:02,684 [INFO] ✅ 'Python Developer': 46 ofertas guardadas
2026-04-29 23:00:02,684 [INFO] 
🔍 Buscando: 'Desarrollador Backend' en 'Argentina'
2026-04-29 23:00:02,684 [INFO]    Página 1/5 → https://www.linkedin.com/jobs-guest/jobs/api/seeMoreJobPostings/search?keywords=Desarrollador%20Backend&location=Argentina&start=0&f_WT=2
2026-04-29 23:00:07,548 [INFO]    → 8 ofertas nuevas encontradas
2026-04-29 23:00:40,158 [INFO]    Página 2/5 → https://www.linkedin.com/jobs-guest/jobs/api/seeMoreJobPostings/search?keywords=Desarrollador%20Backend&location=Argentina&start=25&f_WT=2
2026-04-29 23:00:45,538 [INFO]    → 7 ofertas nuevas encontradas
2026-04-29 23:01:13,221 [INFO]    Página 3/5 → https://www.linkedin.com/jobs-guest/jobs/api/seeMoreJobPostings/search?keywords=Desarrollador%20Backend&location=Argentina&start=50&f_WT=2
2026-04-29 23:01:16,464 [INFO]    → 8 ofertas nuevas encontradas
2026-04-29 23:01:47,611 [INFO]    Página 4/5 → https://www.linkedin.com/jobs-guest/jobs/api/seeMoreJobPostings/search?keywords=Desarrollador%20Backend&location=Argentina&start=75&f_WT=2
2026-04-29 23:01:52,404 [INFO]    → 9 ofertas nuevas encontradas
2026-04-29 23:02:26,832 [INFO]    Página 5/5 → https://www.linkedin.com/jobs-guest/jobs/api/seeMoreJobPostings/search?keywords=Desarrollador%20Backend&location=Argentina&start=100&f_WT=2
2026-04-29 23:02:31,521 [INFO]    → 3 ofertas nuevas encontradas
2026-04-29 23:02:44,238 [INFO] Exportadas 35 ofertas a CSV: /media/carlos-a-cicconi/Common1/Repositorios-Ing.Carlos-Cicconi/Trabajo_Final_MCD/data/raw/ofertas_linkedin_20260429.csv
2026-04-29 23:02:44,238 [INFO] ✅ 'Desarrollador Backend': 35 ofertas guardadas
2026-04-29 23:02:44,238 [INFO] 
🔍 Buscando: 'Desarrollador Full Stack' en 'Argentina'
2026-04-29 23:02:44,238 [INFO]    Página 1/5 → https://www.linkedin.com/jobs-guest/jobs/api/seeMoreJobPostings/search?keywords=Desarrollador%20Full%20Stack&location=Argentina&start=0&f_WT=2
2026-04-29 23:02:47,697 [INFO]    → 2 ofertas nuevas encontradas
2026-04-29 23:02:55,809 [INFO]    Página 2/5 → https://www.linkedin.com/jobs-guest/jobs/api/seeMoreJobPostings/search?keywords=Desarrollador%20Full%20Stack&location=Argentina&start=25&f_WT=2
2026-04-29 23:03:01,019 [INFO]    → 9 ofertas nuevas encontradas
2026-04-29 23:03:38,197 [INFO]    Página 3/5 → https://www.linkedin.com/jobs-guest/jobs/api/seeMoreJobPostings/search?keywords=Desarrollador%20Full%20Stack&location=Argentina&start=50&f_WT=2
2026-04-29 23:03:41,767 [INFO]    → 6 ofertas nuevas encontradas
2026-04-29 23:04:06,986 [INFO]    Página 4/5 → https://www.linkedin.com/jobs-guest/jobs/api/seeMoreJobPostings/search?keywords=Desarrollador%20Full%20Stack&location=Argentina&start=75&f_WT=2
2026-04-29 23:04:12,489 [INFO]    → 8 ofertas nuevas encontradas
2026-04-29 23:04:44,147 [INFO]    Página 5/5 → https://www.linkedin.com/jobs-guest/jobs/api/seeMoreJobPostings/search?keywords=Desarrollador%20Full%20Stack&location=Argentina&start=100&f_WT=2
2026-04-29 23:04:47,406 [INFO]    → 8 ofertas nuevas encontradas
2026-04-29 23:05:21,306 [INFO] Exportadas 33 ofertas a CSV: /media/carlos-a-cicconi/Common1/Repositorios-Ing.Carlos-Cicconi/Trabajo_Final_MCD/data/raw/ofertas_linkedin_20260429.csv
2026-04-29 23:05:21,306 [INFO] ✅ 'Desarrollador Full Stack': 33 ofertas guardadas
2026-04-29 23:05:21,306 [INFO] 
🔍 Buscando: 'Ingeniero de Datos' en 'Argentina'
2026-04-29 23:05:21,307 [INFO]    Página 1/5 → https://www.linkedin.com/jobs-guest/jobs/api/seeMoreJobPostings/search?keywords=Ingeniero%20de%20Datos&location=Argentina&start=0&f_WT=2
2026-04-29 23:05:25,320 [INFO]    → 4 ofertas nuevas encontradas
2026-04-29 23:05:42,845 [INFO]    Página 2/5 → https://www.linkedin.com/jobs-guest/jobs/api/seeMoreJobPostings/search?keywords=Ingeniero%20de%20Datos&location=Argentina&start=25&f_WT=2
2026-04-29 23:05:48,331 [INFO]    → 5 ofertas nuevas encontradas
2026-04-29 23:06:10,363 [INFO]    Página 3/5 → https://www.linkedin.com/jobs-guest/jobs/api/seeMoreJobPostings/search?keywords=Ingeniero%20de%20Datos&location=Argentina&start=50&f_WT=2
2026-04-29 23:06:15,059 [INFO]    → 3 ofertas nuevas encontradas
2026-04-29 23:06:30,233 [INFO]    Página 4/5 → https://www.linkedin.com/jobs-guest/jobs/api/seeMoreJobPostings/search?keywords=Ingeniero%20de%20Datos&location=Argentina&start=75&f_WT=2
2026-04-29 23:06:33,911 [INFO]    → 4 ofertas nuevas encontradas
2026-04-29 23:06:52,481 [INFO]    Página 5/5 → https://www.linkedin.com/jobs-guest/jobs/api/seeMoreJobPostings/search?keywords=Ingeniero%20de%20Datos&location=Argentina&start=100&f_WT=2
2026-04-29 23:06:56,941 [INFO]    → 8 ofertas nuevas encontradas
2026-04-29 23:07:29,115 [INFO] Exportadas 24 ofertas a CSV: /media/carlos-a-cicconi/Common1/Repositorios-Ing.Carlos-Cicconi/Trabajo_Final_MCD/data/raw/ofertas_linkedin_20260429.csv
2026-04-29 23:07:29,116 [INFO] ✅ 'Ingeniero de Datos': 24 ofertas guardadas
2026-04-29 23:07:29,116 [INFO] 
============================================================
2026-04-29 23:07:29,116 [INFO] SCRAPING FINALIZADO
2026-04-29 23:07:29,116 [INFO] Total de ofertas únicas recopiladas: 353
2026-04-29 23:07:29,116 [INFO] Base de datos: /media/carlos-a-cicconi/Common1/Repositorios-Ing.Carlos-Cicconi/Trabajo_Final_MCD/data/raw/ofertas_linkedin.db
2026-04-29 23:07:29,116 [INFO] CSV exportado: /media/carlos-a-cicconi/Common1/Repositorios-Ing.Carlos-Cicconi/Trabajo_Final_MCD/data/raw/ofertas_linkedin_20260429.csv
2026-04-29 23:07:29,116 [INFO] Log guardado:  /media/carlos-a-cicconi/Common1/Repositorios-Ing.Carlos-Cicconi/Trabajo_Final_MCD/logs/scraper_20260429_223714.log
2026-04-29 23:07:29,116 [INFO] ============================================================
2026-04-29 23:07:29,116 [INFO] Estadísticas guardadas: /media/carlos-a-cicconi/Common1/Repositorios-Ing.Carlos-Cicconi/Trabajo_Final_MCD/data/raw/stats_20260429_230729.json
2026-04-29 23:07:29,116 [INFO]   ✅ linkedin: 353 ofertas recopiladas
2026-04-29 23:07:29,119 [INFO] 
============================================================
2026-04-29 23:07:29,119 [INFO]   EJECUTANDO: computrabajo (ComputrabajoScraper)
2026-04-29 23:07:29,119 [INFO]   Queries: definidas en el módulo
2026-04-29 23:07:29,119 [INFO] ============================================================
2026-04-29 23:07:29,154 [INFO] Base de datos lista: /media/carlos-a-cicconi/Common1/Repositorios-Ing.Carlos-Cicconi/Trabajo_Final_MCD/data/raw/ofertas_computrabajo.db
2026-04-29 23:07:29,154 [INFO] ComputrabajoScraper inicializado correctamente
2026-04-29 23:07:29,154 [INFO] ============================================================
2026-04-29 23:07:29,154 [INFO] INICIO DEL SCRAPING - Computrabajo Argentina
2026-04-29 23:07:29,154 [INFO] Búsquedas: 10 | Páginas por búsqueda: 5
2026-04-29 23:07:29,154 [INFO] ============================================================
2026-04-29 23:07:29,155 [INFO] 
🔍 Buscando: 'Data Scientist'
2026-04-29 23:07:29,155 [INFO]    Página 1/5 → https://www.computrabajo.com.ar/trabajo-de-data-scientist
2026-04-29 23:07:37,121 [INFO]    → 8 ofertas nuevas encontradas
2026-04-29 23:08:15,340 [INFO]    Página 2/5 → https://www.computrabajo.com.ar/trabajo-de-data-scientist?p=2
2026-04-29 23:08:21,464 [INFO]    → 0 ofertas nuevas encontradas
2026-04-29 23:08:21,465 [INFO]    → Sin más resultados para esta búsqueda.
2026-04-29 23:08:21,465 [INFO] Exportadas 8 ofertas a CSV: /media/carlos-a-cicconi/Common1/Repositorios-Ing.Carlos-Cicconi/Trabajo_Final_MCD/data/raw/computrabajo_20260429.csv
2026-04-29 23:08:21,466 [INFO] ✅ 'Data Scientist': 8 ofertas guardadas
2026-04-29 23:08:21,466 [INFO] 
🔍 Buscando: 'Data Analyst'
2026-04-29 23:08:21,466 [INFO]    Página 1/5 → https://www.computrabajo.com.ar/trabajo-de-data-analyst
2026-04-29 23:08:27,483 [INFO]    → 0 ofertas nuevas encontradas
2026-04-29 23:08:27,483 [INFO]    → Sin más resultados para esta búsqueda.
2026-04-29 23:08:27,483 [INFO] ✅ 'Data Analyst': 0 ofertas guardadas
2026-04-29 23:08:27,483 [INFO] 
🔍 Buscando: 'Machine Learning Engineer'
2026-04-29 23:08:27,483 [INFO]    Página 1/5 → https://www.computrabajo.com.ar/trabajo-de-machine-learning
2026-04-29 23:08:31,264 [INFO]    → 0 ofertas nuevas encontradas
2026-04-29 23:08:31,264 [INFO]    → Sin más resultados para esta búsqueda.
2026-04-29 23:08:31,264 [INFO] ✅ 'Machine Learning Engineer': 0 ofertas guardadas
2026-04-29 23:08:31,264 [INFO] 
🔍 Buscando: 'NLP Engineer'
2026-04-29 23:08:31,264 [INFO]    Página 1/5 → https://www.computrabajo.com.ar/trabajo-de-nlp-engineer
2026-04-29 23:08:36,218 [INFO]    → 0 ofertas nuevas encontradas
2026-04-29 23:08:36,218 [INFO]    → Sin más resultados para esta búsqueda.
2026-04-29 23:08:36,218 [INFO] ✅ 'NLP Engineer': 0 ofertas guardadas
2026-04-29 23:08:36,218 [INFO] 
🔍 Buscando: 'Data Engineer'
2026-04-29 23:08:36,218 [INFO]    Página 1/5 → https://www.computrabajo.com.ar/trabajo-de-data-engineer
2026-04-29 23:08:42,320 [INFO]    → 0 ofertas nuevas encontradas
2026-04-29 23:08:42,320 [INFO]    → Sin más resultados para esta búsqueda.
2026-04-29 23:08:42,320 [INFO] ✅ 'Data Engineer': 0 ofertas guardadas
2026-04-29 23:08:42,320 [INFO] 
🔍 Buscando: 'Software Engineer'
2026-04-29 23:08:42,320 [INFO]    Página 1/5 → https://www.computrabajo.com.ar/trabajo-de-software-engineer
2026-04-29 23:08:47,441 [INFO]    → 0 ofertas nuevas encontradas
2026-04-29 23:08:47,441 [INFO]    → Sin más resultados para esta búsqueda.
2026-04-29 23:08:47,441 [INFO] ✅ 'Software Engineer': 0 ofertas guardadas
2026-04-29 23:08:47,441 [INFO] 
🔍 Buscando: 'Python Developer'
2026-04-29 23:08:47,441 [INFO]    Página 1/5 → https://www.computrabajo.com.ar/trabajo-de-python
2026-04-29 23:08:53,648 [INFO]    → 0 ofertas nuevas encontradas
2026-04-29 23:08:53,649 [INFO]    → Sin más resultados para esta búsqueda.
2026-04-29 23:08:53,649 [INFO] ✅ 'Python Developer': 0 ofertas guardadas
2026-04-29 23:08:53,649 [INFO] 
🔍 Buscando: 'Desarrollador Backend'
2026-04-29 23:08:53,649 [INFO]    Página 1/5 → https://www.computrabajo.com.ar/trabajo-de-desarrollador-backend
2026-04-29 23:08:57,399 [INFO]    → 20 ofertas nuevas encontradas
2026-04-29 23:10:37,957 [INFO]    Página 2/5 → https://www.computrabajo.com.ar/trabajo-de-desarrollador-backend?p=2
2026-04-29 23:10:41,595 [INFO]    → 0 ofertas nuevas encontradas
2026-04-29 23:10:41,595 [INFO]    → Sin más resultados para esta búsqueda.
2026-04-29 23:10:41,596 [INFO] Exportadas 20 ofertas a CSV: /media/carlos-a-cicconi/Common1/Repositorios-Ing.Carlos-Cicconi/Trabajo_Final_MCD/data/raw/computrabajo_20260429.csv
2026-04-29 23:10:41,596 [INFO] ✅ 'Desarrollador Backend': 20 ofertas guardadas
2026-04-29 23:10:41,596 [INFO] 
🔍 Buscando: 'Desarrollador Full Stack'
2026-04-29 23:10:41,596 [INFO]    Página 1/5 → https://www.computrabajo.com.ar/trabajo-de-desarrollador-full-stack
2026-04-29 23:10:47,883 [INFO]    → 0 ofertas nuevas encontradas
2026-04-29 23:10:47,883 [INFO]    → Sin más resultados para esta búsqueda.
2026-04-29 23:10:47,883 [INFO] ✅ 'Desarrollador Full Stack': 0 ofertas guardadas
2026-04-29 23:10:47,883 [INFO] 
🔍 Buscando: 'Ingeniero de Datos'
2026-04-29 23:10:47,883 [INFO]    Página 1/5 → https://www.computrabajo.com.ar/trabajo-de-ingeniero-de-datos
2026-04-29 23:10:54,103 [INFO]    → 0 ofertas nuevas encontradas
2026-04-29 23:10:54,103 [INFO]    → Sin más resultados para esta búsqueda.
2026-04-29 23:10:54,103 [INFO] ✅ 'Ingeniero de Datos': 0 ofertas guardadas
2026-04-29 23:10:54,103 [INFO] 
============================================================
2026-04-29 23:10:54,103 [INFO] SCRAPING FINALIZADO - Computrabajo
2026-04-29 23:10:54,103 [INFO] Total de ofertas únicas recopiladas: 28
2026-04-29 23:10:54,103 [INFO] Base de datos : /media/carlos-a-cicconi/Common1/Repositorios-Ing.Carlos-Cicconi/Trabajo_Final_MCD/data/raw/ofertas_computrabajo.db
2026-04-29 23:10:54,103 [INFO] CSV exportado : /media/carlos-a-cicconi/Common1/Repositorios-Ing.Carlos-Cicconi/Trabajo_Final_MCD/data/raw/computrabajo_20260429.csv
2026-04-29 23:10:54,103 [INFO] Log guardado  : /media/carlos-a-cicconi/Common1/Repositorios-Ing.Carlos-Cicconi/Trabajo_Final_MCD/logs/computrabajo_scraper_20260429_230729.log
2026-04-29 23:10:54,103 [INFO] ============================================================
2026-04-29 23:10:54,104 [INFO] Estadísticas guardadas: /media/carlos-a-cicconi/Common1/Repositorios-Ing.Carlos-Cicconi/Trabajo_Final_MCD/data/raw/stats_computrabajo_20260429_231054.json
2026-04-29 23:10:54,104 [INFO]   ✅ computrabajo: 28 ofertas recopiladas
2026-04-29 23:10:54,107 [INFO] 
============================================================
2026-04-29 23:10:54,107 [INFO]   EJECUTANDO: getonboard (GetOnBoardScraper)
2026-04-29 23:10:54,107 [INFO]   Queries: definidas en el módulo
2026-04-29 23:10:54,107 [INFO] ============================================================
2026-04-29 23:10:54,117 [INFO] Base de datos lista: /media/carlos-a-cicconi/Common1/Repositorios-Ing.Carlos-Cicconi/Trabajo_Final_MCD/data/raw/ofertas_getonboard.db
2026-04-29 23:10:54,117 [INFO] GetOnBoardScraper inicializado
2026-04-29 23:10:54,117 [INFO] ============================================================
2026-04-29 23:10:54,117 [INFO] INICIO DEL SCRAPING - GetOnBoard (API JSON)
2026-04-29 23:10:54,117 [INFO] Búsquedas: 10 | Páginas: 5
2026-04-29 23:10:54,117 [INFO] ============================================================
2026-04-29 23:10:54,117 [INFO] 
🔍 Buscando: 'Data Scientist'
2026-04-29 23:10:54,117 [INFO]    Página 1/5
2026-04-29 23:10:58,394 [INFO]    → 16 items recibidos
2026-04-29 23:10:58,484 [INFO]    → 16 ofertas nuevas guardadas en esta página
2026-04-29 23:10:58,484 [INFO]    Página 2/5
2026-04-29 23:11:01,257 [INFO]    → 0 items recibidos
2026-04-29 23:11:01,258 [INFO]    → Sin más resultados.
2026-04-29 23:11:01,264 [INFO] Exportadas 16 ofertas a CSV: /media/carlos-a-cicconi/Common1/Repositorios-Ing.Carlos-Cicconi/Trabajo_Final_MCD/data/raw/getonboard_20260429.csv
2026-04-29 23:11:01,264 [INFO] ✅ 'Data Scientist': 16 ofertas guardadas
2026-04-29 23:11:01,265 [INFO]    💤 Pausa: 7.5s
2026-04-29 23:11:08,762 [INFO] 
🔍 Buscando: 'Data Analyst'
2026-04-29 23:11:08,763 [INFO]    Página 1/5
2026-04-29 23:11:11,810 [INFO]    → 20 items recibidos
2026-04-29 23:11:11,939 [INFO]    → 18 ofertas nuevas guardadas en esta página
2026-04-29 23:11:11,940 [INFO]    Página 2/5
2026-04-29 23:11:15,085 [INFO]    → 20 items recibidos
2026-04-29 23:11:15,211 [INFO]    → 20 ofertas nuevas guardadas en esta página
2026-04-29 23:11:15,211 [INFO]    Página 3/5
2026-04-29 23:11:18,978 [INFO]    → 20 items recibidos
2026-04-29 23:11:19,084 [INFO]    → 20 ofertas nuevas guardadas en esta página
2026-04-29 23:11:19,084 [INFO]    Página 4/5
2026-04-29 23:11:22,664 [INFO]    → 20 items recibidos
2026-04-29 23:11:22,757 [INFO]    → 18 ofertas nuevas guardadas en esta página
2026-04-29 23:11:22,757 [INFO]    Página 5/5
2026-04-29 23:11:25,329 [INFO]    → 20 items recibidos
2026-04-29 23:11:25,437 [INFO]    → 18 ofertas nuevas guardadas en esta página
2026-04-29 23:11:25,450 [INFO] Exportadas 94 ofertas a CSV: /media/carlos-a-cicconi/Common1/Repositorios-Ing.Carlos-Cicconi/Trabajo_Final_MCD/data/raw/getonboard_20260429.csv
2026-04-29 23:11:25,451 [INFO] ✅ 'Data Analyst': 94 ofertas guardadas
2026-04-29 23:11:25,451 [INFO]    💤 Pausa: 4.6s
2026-04-29 23:11:30,054 [INFO] 
🔍 Buscando: 'Machine Learning'
2026-04-29 23:11:30,055 [INFO]    Página 1/5
2026-04-29 23:11:32,809 [INFO]    → 20 items recibidos
2026-04-29 23:11:32,891 [INFO]    → 16 ofertas nuevas guardadas en esta página
2026-04-29 23:11:32,891 [INFO]    Página 2/5
2026-04-29 23:11:36,692 [INFO]    → 20 items recibidos
2026-04-29 23:11:36,747 [INFO]    → 10 ofertas nuevas guardadas en esta página
2026-04-29 23:11:36,747 [INFO]    Página 3/5
2026-04-29 23:11:39,965 [INFO]    → 20 items recibidos
2026-04-29 23:11:40,047 [INFO]    → 16 ofertas nuevas guardadas en esta página
2026-04-29 23:11:40,047 [INFO]    Página 4/5
2026-04-29 23:11:43,554 [INFO]    → 6 items recibidos
2026-04-29 23:11:43,585 [INFO]    → 5 ofertas nuevas guardadas en esta página
2026-04-29 23:11:43,585 [INFO]    Página 5/5
2026-04-29 23:11:46,332 [INFO]    → 0 items recibidos
2026-04-29 23:11:46,332 [INFO]    → Sin más resultados.
2026-04-29 23:11:46,345 [INFO] Exportadas 47 ofertas a CSV: /media/carlos-a-cicconi/Common1/Repositorios-Ing.Carlos-Cicconi/Trabajo_Final_MCD/data/raw/getonboard_20260429.csv
2026-04-29 23:11:46,345 [INFO] ✅ 'Machine Learning': 47 ofertas guardadas
2026-04-29 23:11:46,345 [INFO]    💤 Pausa: 4.8s
2026-04-29 23:11:51,173 [INFO] 
🔍 Buscando: 'NLP'
2026-04-29 23:11:51,174 [INFO]    Página 1/5
2026-04-29 23:11:55,166 [INFO]    → 20 items recibidos
2026-04-29 23:11:55,264 [INFO]    → 15 ofertas nuevas guardadas en esta página
2026-04-29 23:11:55,265 [INFO]    Página 2/5
2026-04-29 23:11:59,225 [INFO]    → 20 items recibidos
2026-04-29 23:11:59,307 [INFO]    → 15 ofertas nuevas guardadas en esta página
2026-04-29 23:11:59,307 [INFO]    Página 3/5
2026-04-29 23:12:02,704 [INFO]    → 20 items recibidos
2026-04-29 23:12:02,802 [INFO]    → 16 ofertas nuevas guardadas en esta página
2026-04-29 23:12:02,803 [INFO]    Página 4/5
2026-04-29 23:12:05,980 [INFO]    → 20 items recibidos
2026-04-29 23:12:06,069 [INFO]    → 17 ofertas nuevas guardadas en esta página
2026-04-29 23:12:06,069 [INFO]    Página 5/5
2026-04-29 23:12:08,538 [INFO]    → 17 items recibidos
2026-04-29 23:12:08,627 [INFO]    → 15 ofertas nuevas guardadas en esta página
2026-04-29 23:12:08,637 [INFO] Exportadas 78 ofertas a CSV: /media/carlos-a-cicconi/Common1/Repositorios-Ing.Carlos-Cicconi/Trabajo_Final_MCD/data/raw/getonboard_20260429.csv
2026-04-29 23:12:08,637 [INFO] ✅ 'NLP': 78 ofertas guardadas
2026-04-29 23:12:08,638 [INFO]    💤 Pausa: 7.6s
2026-04-29 23:12:16,207 [INFO] 
🔍 Buscando: 'Data Engineer'
2026-04-29 23:12:16,207 [INFO]    Página 1/5
2026-04-29 23:12:18,884 [INFO]    → 20 items recibidos
2026-04-29 23:12:18,953 [INFO]    → 9 ofertas nuevas guardadas en esta página
2026-04-29 23:12:18,954 [INFO]    Página 2/5
2026-04-29 23:12:21,442 [INFO]    → 20 items recibidos
2026-04-29 23:12:21,464 [INFO]    → 3 ofertas nuevas guardadas en esta página
2026-04-29 23:12:21,464 [INFO]    Página 3/5
2026-04-29 23:12:25,229 [INFO]    → 20 items recibidos
2026-04-29 23:12:25,260 [INFO]    → 5 ofertas nuevas guardadas en esta página
2026-04-29 23:12:25,260 [INFO]    Página 4/5
2026-04-29 23:12:29,010 [INFO]    → 20 items recibidos
2026-04-29 23:12:29,116 [INFO]    → 18 ofertas nuevas guardadas en esta página
2026-04-29 23:12:29,116 [INFO]    Página 5/5
2026-04-29 23:12:31,988 [INFO]    → 20 items recibidos
2026-04-29 23:12:32,066 [INFO]    → 13 ofertas nuevas guardadas en esta página
2026-04-29 23:12:32,078 [INFO] Exportadas 48 ofertas a CSV: /media/carlos-a-cicconi/Common1/Repositorios-Ing.Carlos-Cicconi/Trabajo_Final_MCD/data/raw/getonboard_20260429.csv
2026-04-29 23:12:32,078 [INFO] ✅ 'Data Engineer': 48 ofertas guardadas
2026-04-29 23:12:32,078 [INFO]    💤 Pausa: 5.6s
2026-04-29 23:12:37,695 [INFO] 
🔍 Buscando: 'Software Engineer'
2026-04-29 23:12:37,696 [INFO]    Página 1/5
2026-04-29 23:12:39,771 [INFO]    → 20 items recibidos
2026-04-29 23:12:39,810 [INFO]    → 6 ofertas nuevas guardadas en esta página
2026-04-29 23:12:39,810 [INFO]    Página 2/5
2026-04-29 23:12:42,535 [INFO]    → 20 items recibidos
2026-04-29 23:12:42,622 [INFO]    → 15 ofertas nuevas guardadas en esta página
2026-04-29 23:12:42,622 [INFO]    Página 3/5
2026-04-29 23:12:45,303 [INFO]    → 20 items recibidos
2026-04-29 23:12:45,369 [INFO]    → 9 ofertas nuevas guardadas en esta página
2026-04-29 23:12:45,370 [INFO]    Página 4/5
2026-04-29 23:12:49,190 [INFO]    → 20 items recibidos
2026-04-29 23:12:49,244 [INFO]    → 7 ofertas nuevas guardadas en esta página
2026-04-29 23:12:49,244 [INFO]    Página 5/5
2026-04-29 23:12:53,291 [INFO]    → 20 items recibidos
2026-04-29 23:12:53,358 [INFO]    → 10 ofertas nuevas guardadas en esta página
2026-04-29 23:12:53,364 [INFO] Exportadas 47 ofertas a CSV: /media/carlos-a-cicconi/Common1/Repositorios-Ing.Carlos-Cicconi/Trabajo_Final_MCD/data/raw/getonboard_20260429.csv
2026-04-29 23:12:53,364 [INFO] ✅ 'Software Engineer': 47 ofertas guardadas
2026-04-29 23:12:53,365 [INFO]    💤 Pausa: 5.0s
2026-04-29 23:12:58,393 [INFO] 
🔍 Buscando: 'Python'
2026-04-29 23:12:58,394 [INFO]    Página 1/5
2026-04-29 23:13:00,660 [INFO]    → 20 items recibidos
2026-04-29 23:13:00,686 [INFO]    → 4 ofertas nuevas guardadas en esta página
2026-04-29 23:13:00,686 [INFO]    Página 2/5
2026-04-29 23:13:04,756 [INFO]    → 20 items recibidos
2026-04-29 23:13:04,803 [INFO]    → 8 ofertas nuevas guardadas en esta página
2026-04-29 23:13:04,803 [INFO]    Página 3/5
2026-04-29 23:13:06,906 [INFO]    → 20 items recibidos
2026-04-29 23:13:06,942 [INFO]    → 6 ofertas nuevas guardadas en esta página
2026-04-29 23:13:06,942 [INFO]    Página 4/5
2026-04-29 23:13:10,900 [INFO]    → 20 items recibidos
2026-04-29 23:13:10,952 [INFO]    → 10 ofertas nuevas guardadas en esta página
2026-04-29 23:13:10,952 [INFO]    Página 5/5
2026-04-29 23:13:14,587 [INFO]    → 20 items recibidos
2026-04-29 23:13:14,609 [INFO]    → 3 ofertas nuevas guardadas en esta página
2026-04-29 23:13:14,611 [INFO] Exportadas 31 ofertas a CSV: /media/carlos-a-cicconi/Common1/Repositorios-Ing.Carlos-Cicconi/Trabajo_Final_MCD/data/raw/getonboard_20260429.csv
2026-04-29 23:13:14,611 [INFO] ✅ 'Python': 31 ofertas guardadas
2026-04-29 23:13:14,611 [INFO]    💤 Pausa: 7.5s
2026-04-29 23:13:22,147 [INFO] 
🔍 Buscando: 'Backend'
2026-04-29 23:13:22,147 [INFO]    Página 1/5
2026-04-29 23:13:24,520 [INFO]    → 20 items recibidos
2026-04-29 23:13:24,555 [INFO]    → 6 ofertas nuevas guardadas en esta página
2026-04-29 23:13:24,556 [INFO]    Página 2/5
2026-04-29 23:13:28,107 [INFO]    → 20 items recibidos
2026-04-29 23:13:28,168 [INFO]    → 10 ofertas nuevas guardadas en esta página
2026-04-29 23:13:28,168 [INFO]    Página 3/5
2026-04-29 23:13:31,997 [INFO]    → 20 items recibidos
2026-04-29 23:13:32,078 [INFO]    → 13 ofertas nuevas guardadas en esta página
2026-04-29 23:13:32,079 [INFO]    Página 4/5
2026-04-29 23:13:34,555 [INFO]    → 20 items recibidos
2026-04-29 23:13:34,642 [INFO]    → 16 ofertas nuevas guardadas en esta página
2026-04-29 23:13:34,642 [INFO]    Página 5/5
2026-04-29 23:13:38,549 [INFO]    → 20 items recibidos
2026-04-29 23:13:38,620 [INFO]    → 13 ofertas nuevas guardadas en esta página
2026-04-29 23:13:38,629 [INFO] Exportadas 58 ofertas a CSV: /media/carlos-a-cicconi/Common1/Repositorios-Ing.Carlos-Cicconi/Trabajo_Final_MCD/data/raw/getonboard_20260429.csv
2026-04-29 23:13:38,629 [INFO] ✅ 'Backend': 58 ofertas guardadas
2026-04-29 23:13:38,629 [INFO]    💤 Pausa: 7.4s
2026-04-29 23:13:46,029 [INFO] 
🔍 Buscando: 'Full Stack'
2026-04-29 23:13:46,030 [INFO]    Página 1/5
2026-04-29 23:13:48,497 [INFO]    → 20 items recibidos
2026-04-29 23:13:48,497 [INFO]    → 0 ofertas nuevas guardadas en esta página
2026-04-29 23:13:48,498 [INFO]    Página 2/5
2026-04-29 23:13:52,163 [INFO]    → 20 items recibidos
2026-04-29 23:13:52,176 [INFO]    → 1 ofertas nuevas guardadas en esta página
2026-04-29 23:13:52,176 [INFO]    Página 3/5
2026-04-29 23:13:56,161 [INFO]    → 20 items recibidos
2026-04-29 23:13:56,231 [INFO]    → 13 ofertas nuevas guardadas en esta página
2026-04-29 23:13:56,231 [INFO]    Página 4/5
2026-04-29 23:13:58,622 [INFO]    → 20 items recibidos
2026-04-29 23:13:58,710 [INFO]    → 13 ofertas nuevas guardadas en esta página
2026-04-29 23:13:58,710 [INFO]    Página 5/5
2026-04-29 23:14:02,510 [INFO]    → 20 items recibidos
2026-04-29 23:14:02,613 [INFO]    → 18 ofertas nuevas guardadas en esta página
2026-04-29 23:14:02,617 [INFO] Exportadas 45 ofertas a CSV: /media/carlos-a-cicconi/Common1/Repositorios-Ing.Carlos-Cicconi/Trabajo_Final_MCD/data/raw/getonboard_20260429.csv
2026-04-29 23:14:02,618 [INFO] ✅ 'Full Stack': 45 ofertas guardadas
2026-04-29 23:14:02,618 [INFO]    💤 Pausa: 5.8s
2026-04-29 23:14:08,392 [INFO] 
🔍 Buscando: 'Ingeniero de Datos'
2026-04-29 23:14:08,393 [INFO]    Página 1/5
2026-04-29 23:14:10,809 [INFO]    → 20 items recibidos
2026-04-29 23:14:10,823 [INFO]    → 1 ofertas nuevas guardadas en esta página
2026-04-29 23:14:10,823 [INFO]    Página 2/5
2026-04-29 23:14:13,876 [INFO]    → 20 items recibidos
2026-04-29 23:14:13,912 [INFO]    → 6 ofertas nuevas guardadas en esta página
2026-04-29 23:14:13,912 [INFO]    Página 3/5
2026-04-29 23:14:16,845 [INFO]    → 16 items recibidos
2026-04-29 23:14:16,904 [INFO]    → 8 ofertas nuevas guardadas en esta página
2026-04-29 23:14:16,904 [INFO]    Página 4/5
2026-04-29 23:14:20,017 [INFO]    → 0 items recibidos
2026-04-29 23:14:20,017 [INFO]    → Sin más resultados.
2026-04-29 23:14:20,021 [INFO] Exportadas 15 ofertas a CSV: /media/carlos-a-cicconi/Common1/Repositorios-Ing.Carlos-Cicconi/Trabajo_Final_MCD/data/raw/getonboard_20260429.csv
2026-04-29 23:14:20,021 [INFO] ✅ 'Ingeniero de Datos': 15 ofertas guardadas
2026-04-29 23:14:20,021 [INFO]    💤 Pausa: 7.1s
2026-04-29 23:14:27,167 [INFO] 
============================================================
2026-04-29 23:14:27,168 [INFO] SCRAPING FINALIZADO - GetOnBoard
2026-04-29 23:14:27,168 [INFO] Total ofertas únicas: 479
2026-04-29 23:14:27,168 [INFO] DB : /media/carlos-a-cicconi/Common1/Repositorios-Ing.Carlos-Cicconi/Trabajo_Final_MCD/data/raw/ofertas_getonboard.db
2026-04-29 23:14:27,169 [INFO] CSV: /media/carlos-a-cicconi/Common1/Repositorios-Ing.Carlos-Cicconi/Trabajo_Final_MCD/data/raw/getonboard_20260429.csv
2026-04-29 23:14:27,169 [INFO] Log: /media/carlos-a-cicconi/Common1/Repositorios-Ing.Carlos-Cicconi/Trabajo_Final_MCD/logs/getonboard_scraper_20260429_231054.log
2026-04-29 23:14:27,169 [INFO] ============================================================
2026-04-29 23:14:27,171 [INFO]   ✅ getonboard: 479 ofertas recopiladas
2026-04-29 23:14:27,172 [INFO] 
============================================================
2026-04-29 23:14:27,172 [INFO]   EJECUTANDO: bumeran (BumeranScraper)
2026-04-29 23:14:27,172 [INFO]   Queries: definidas en el módulo
2026-04-29 23:14:27,172 [INFO] ============================================================
2026-04-29 23:14:27,249 [INFO] Base de datos lista: /media/carlos-a-cicconi/Common1/Repositorios-Ing.Carlos-Cicconi/Trabajo_Final_MCD/data/raw/ofertas_bumeran.db
2026-04-29 23:14:27,249 [INFO] BumeranScraper (Playwright) inicializado
2026-04-29 23:14:28,347 [INFO] Inicializando sesión en Bumeran...
2026-04-29 23:14:45,689 [INFO] 
🔍 Buscando: 'Data Scientist'
2026-04-29 23:14:45,689 [INFO]    Página 1/5 → https://www.bumeran.com.ar/empleos-busqueda-data-scientist.html
2026-04-29 23:15:06,843 [INFO]    → 0 ofertas encontradas
2026-04-29 23:15:06,844 [INFO]    → Sin más resultados.
2026-04-29 23:15:06,844 [INFO] ✅ 'Data Scientist': 0 ofertas guardadas
2026-04-29 23:15:06,844 [INFO]    💤 Pausa: 8.8s
2026-04-29 23:15:15,669 [INFO] 
🔍 Buscando: 'Data Analyst'
2026-04-29 23:15:15,669 [INFO]    Página 1/5 → https://www.bumeran.com.ar/empleos-busqueda-data-analyst.html
2026-04-29 23:15:25,898 [INFO]    → 4 ofertas encontradas
2026-04-29 23:16:00,288 [INFO]    Página 2/5 → https://www.bumeran.com.ar/empleos-busqueda-data-analyst.html?page=2
2026-04-29 23:16:20,992 [INFO]    → 0 ofertas encontradas
2026-04-29 23:16:20,992 [INFO]    → Sin más resultados.
2026-04-29 23:16:20,993 [INFO] Exportadas 4 ofertas → /media/carlos-a-cicconi/Common1/Repositorios-Ing.Carlos-Cicconi/Trabajo_Final_MCD/data/raw/bumeran_20260429.csv
2026-04-29 23:16:20,993 [INFO] ✅ 'Data Analyst': 4 ofertas guardadas
2026-04-29 23:16:20,993 [INFO]    💤 Pausa: 9.1s
2026-04-29 23:16:30,095 [INFO] 
🔍 Buscando: 'Machine Learning Engineer'
2026-04-29 23:16:30,096 [INFO]    Página 1/5 → https://www.bumeran.com.ar/empleos-busqueda-machine-learning.html
2026-04-29 23:16:39,722 [INFO]    → 3 ofertas encontradas
2026-04-29 23:17:04,454 [INFO]    Página 2/5 → https://www.bumeran.com.ar/empleos-busqueda-machine-learning.html?page=2
2026-04-29 23:17:24,168 [INFO]    → 0 ofertas encontradas
2026-04-29 23:17:24,169 [INFO]    → Sin más resultados.
2026-04-29 23:17:24,169 [INFO] Exportadas 3 ofertas → /media/carlos-a-cicconi/Common1/Repositorios-Ing.Carlos-Cicconi/Trabajo_Final_MCD/data/raw/bumeran_20260429.csv
2026-04-29 23:17:24,169 [INFO] ✅ 'Machine Learning Engineer': 3 ofertas guardadas
2026-04-29 23:17:24,169 [INFO]    💤 Pausa: 7.4s
2026-04-29 23:17:31,532 [INFO] 
🔍 Buscando: 'NLP Engineer'
2026-04-29 23:17:31,533 [INFO]    Página 1/5 → https://www.bumeran.com.ar/empleos-busqueda-nlp.html
2026-04-29 23:17:52,437 [INFO]    → 0 ofertas encontradas
2026-04-29 23:17:52,438 [INFO]    → Sin más resultados.
2026-04-29 23:17:52,438 [INFO] ✅ 'NLP Engineer': 0 ofertas guardadas
2026-04-29 23:17:52,438 [INFO]    💤 Pausa: 7.1s
2026-04-29 23:17:59,530 [INFO] 
🔍 Buscando: 'Data Engineer'
2026-04-29 23:17:59,531 [INFO]    Página 1/5 → https://www.bumeran.com.ar/empleos-busqueda-data-engineer.html
2026-04-29 23:18:14,800 [INFO]    → 9 ofertas encontradas
2026-04-29 23:19:33,067 [INFO]    Página 2/5 → https://www.bumeran.com.ar/empleos-busqueda-data-engineer.html?page=2
2026-04-29 23:19:55,027 [INFO]    → 0 ofertas encontradas
2026-04-29 23:19:55,027 [INFO]    → Sin más resultados.
2026-04-29 23:19:55,028 [INFO] Exportadas 9 ofertas → /media/carlos-a-cicconi/Common1/Repositorios-Ing.Carlos-Cicconi/Trabajo_Final_MCD/data/raw/bumeran_20260429.csv
2026-04-29 23:19:55,028 [INFO] ✅ 'Data Engineer': 9 ofertas guardadas
2026-04-29 23:19:55,028 [INFO]    💤 Pausa: 12.2s
2026-04-29 23:20:07,264 [INFO] 
🔍 Buscando: 'Software Engineer'
2026-04-29 23:20:07,265 [INFO]    Página 1/5 → https://www.bumeran.com.ar/empleos-busqueda-software-engineer.html
2026-04-29 23:20:17,042 [INFO]    → 12 ofertas encontradas
2026-04-29 23:22:00,043 [INFO]    Página 2/5 → https://www.bumeran.com.ar/empleos-busqueda-software-engineer.html?page=2
2026-04-29 23:22:21,182 [INFO]    → 0 ofertas encontradas
2026-04-29 23:22:21,182 [INFO]    → Sin más resultados.
2026-04-29 23:22:21,183 [INFO] Exportadas 12 ofertas → /media/carlos-a-cicconi/Common1/Repositorios-Ing.Carlos-Cicconi/Trabajo_Final_MCD/data/raw/bumeran_20260429.csv
2026-04-29 23:22:21,183 [INFO] ✅ 'Software Engineer': 12 ofertas guardadas
2026-04-29 23:22:21,184 [INFO]    💤 Pausa: 9.6s
2026-04-29 23:22:30,830 [INFO] 
🔍 Buscando: 'Python Developer'
2026-04-29 23:22:30,831 [INFO]    Página 1/5 → https://www.bumeran.com.ar/empleos-busqueda-python.html
2026-04-29 23:22:41,829 [INFO]    → 9 ofertas encontradas
2026-04-29 23:24:00,850 [INFO]    Página 2/5 → https://www.bumeran.com.ar/empleos-busqueda-python.html?page=2
2026-04-29 23:24:22,005 [INFO]    → 0 ofertas encontradas
2026-04-29 23:24:22,005 [INFO]    → Sin más resultados.
2026-04-29 23:24:22,005 [INFO] Exportadas 9 ofertas → /media/carlos-a-cicconi/Common1/Repositorios-Ing.Carlos-Cicconi/Trabajo_Final_MCD/data/raw/bumeran_20260429.csv
2026-04-29 23:24:22,005 [INFO] ✅ 'Python Developer': 9 ofertas guardadas
2026-04-29 23:24:22,005 [INFO]    💤 Pausa: 8.7s
2026-04-29 23:24:30,737 [INFO] 
🔍 Buscando: 'Desarrollador Backend'
2026-04-29 23:24:30,738 [INFO]    Página 1/5 → https://www.bumeran.com.ar/empleos-busqueda-desarrollador-backend.html
2026-04-29 23:24:53,406 [INFO]    → 0 ofertas encontradas
2026-04-29 23:24:53,406 [INFO]    → Sin más resultados.
2026-04-29 23:24:53,406 [INFO] ✅ 'Desarrollador Backend': 0 ofertas guardadas
2026-04-29 23:24:53,406 [INFO]    💤 Pausa: 9.4s
2026-04-29 23:25:02,830 [INFO] 
🔍 Buscando: 'Desarrollador Full Stack'
2026-04-29 23:25:02,831 [INFO]    Página 1/5 → https://www.bumeran.com.ar/empleos-busqueda-desarrollador-full-stack.html
2026-04-29 23:25:13,182 [INFO]    → 1 ofertas encontradas
2026-04-29 23:25:21,395 [INFO]    Página 2/5 → https://www.bumeran.com.ar/empleos-busqueda-desarrollador-full-stack.html?page=2
2026-04-29 23:25:42,978 [INFO]    → 0 ofertas encontradas
2026-04-29 23:25:42,978 [INFO]    → Sin más resultados.
2026-04-29 23:25:42,978 [INFO] Exportadas 1 ofertas → /media/carlos-a-cicconi/Common1/Repositorios-Ing.Carlos-Cicconi/Trabajo_Final_MCD/data/raw/bumeran_20260429.csv
2026-04-29 23:25:42,979 [INFO] ✅ 'Desarrollador Full Stack': 1 ofertas guardadas
2026-04-29 23:25:42,979 [INFO]    💤 Pausa: 9.0s
2026-04-29 23:25:52,001 [INFO] 
🔍 Buscando: 'Ingeniero de Datos'
2026-04-29 23:25:52,001 [INFO]    Página 1/5 → https://www.bumeran.com.ar/empleos-busqueda-ingeniero-de-datos.html
2026-04-29 23:26:00,194 [INFO]    → 2 ofertas encontradas
2026-04-29 23:26:16,179 [INFO]    Página 2/5 → https://www.bumeran.com.ar/empleos-busqueda-ingeniero-de-datos.html?page=2
2026-04-29 23:26:36,947 [INFO]    → 0 ofertas encontradas
2026-04-29 23:26:36,947 [INFO]    → Sin más resultados.
2026-04-29 23:26:36,948 [INFO] Exportadas 2 ofertas → /media/carlos-a-cicconi/Common1/Repositorios-Ing.Carlos-Cicconi/Trabajo_Final_MCD/data/raw/bumeran_20260429.csv
2026-04-29 23:26:36,948 [INFO] ✅ 'Ingeniero de Datos': 2 ofertas guardadas
2026-04-29 23:26:36,948 [INFO]    💤 Pausa: 12.4s
2026-04-29 23:26:49,404 [INFO] 
============================================================
2026-04-29 23:26:49,404 [INFO] SCRAPING FINALIZADO - Bumeran Argentina
2026-04-29 23:26:49,404 [INFO] Total ofertas únicas: 40
2026-04-29 23:26:49,405 [INFO] DB : /media/carlos-a-cicconi/Common1/Repositorios-Ing.Carlos-Cicconi/Trabajo_Final_MCD/data/raw/ofertas_bumeran.db
2026-04-29 23:26:49,405 [INFO] CSV: /media/carlos-a-cicconi/Common1/Repositorios-Ing.Carlos-Cicconi/Trabajo_Final_MCD/data/raw/bumeran_20260429.csv
2026-04-29 23:26:49,405 [INFO] Log: /media/carlos-a-cicconi/Common1/Repositorios-Ing.Carlos-Cicconi/Trabajo_Final_MCD/logs/bumeran_scraper_20260429_231427.log
2026-04-29 23:26:49,405 [INFO] ============================================================
2026-04-29 23:26:49,405 [INFO]   ✅ bumeran: 40 ofertas recopiladas
2026-04-29 23:26:49,405 [INFO] 
============================================================
2026-04-29 23:26:49,406 [INFO]   EJECUTANDO: zonajobs (ZonaJobsScraper)
2026-04-29 23:26:49,406 [INFO]   Queries: definidas en el módulo
2026-04-29 23:26:49,406 [INFO] ============================================================
2026-04-29 23:26:49,408 [INFO] Base de datos lista: /media/carlos-a-cicconi/Common1/Repositorios-Ing.Carlos-Cicconi/Trabajo_Final_MCD/data/raw/ofertas_zonajobs.db
2026-04-29 23:26:49,408 [INFO] ZonaJobsScraper (Playwright) inicializado
2026-04-29 23:26:49,986 [INFO] Inicializando sesión en ZonaJobs...
2026-04-29 23:27:08,130 [INFO] 
🔍 Buscando: 'Data Scientist'
2026-04-29 23:27:08,130 [INFO]    Página 1/5 → https://www.zonajobs.com.ar/empleos-busqueda-data-scientist.html
2026-04-29 23:27:16,646 [INFO]    → 2 ofertas encontradas
2026-04-29 23:27:34,746 [INFO]    Página 2/5 → https://www.zonajobs.com.ar/empleos-busqueda-data-scientist.html?page=2
2026-04-29 23:27:55,488 [WARNING]    ⚠️  Sin ofertas. HTML guardado: zonajobs_rendered_Data_Scientist.html
2026-04-29 23:27:55,489 [INFO]    → 0 ofertas encontradas
2026-04-29 23:27:55,489 [INFO]    → Sin más resultados.
2026-04-29 23:27:55,489 [INFO] Exportadas 2 ofertas → /media/carlos-a-cicconi/Common1/Repositorios-Ing.Carlos-Cicconi/Trabajo_Final_MCD/data/raw/zonajobs_20260429.csv
2026-04-29 23:27:55,489 [INFO] ✅ 'Data Scientist': 2 ofertas guardadas
2026-04-29 23:27:55,489 [INFO]    💤 Pausa: 9.5s
2026-04-29 23:28:04,951 [INFO] 
🔍 Buscando: 'Data Analyst'
2026-04-29 23:28:04,951 [INFO]    Página 1/5 → https://www.zonajobs.com.ar/empleos-busqueda-data-analyst.html
2026-04-29 23:28:14,473 [INFO]    → 4 ofertas encontradas
2026-04-29 23:28:51,304 [INFO]    Página 2/5 → https://www.zonajobs.com.ar/empleos-busqueda-data-analyst.html?page=2
2026-04-29 23:29:11,085 [WARNING]    ⚠️  Sin ofertas. HTML guardado: zonajobs_rendered_Data_Analyst.html
2026-04-29 23:29:11,085 [INFO]    → 0 ofertas encontradas
2026-04-29 23:29:11,085 [INFO]    → Sin más resultados.
2026-04-29 23:29:11,086 [INFO] Exportadas 4 ofertas → /media/carlos-a-cicconi/Common1/Repositorios-Ing.Carlos-Cicconi/Trabajo_Final_MCD/data/raw/zonajobs_20260429.csv
2026-04-29 23:29:11,087 [INFO] ✅ 'Data Analyst': 4 ofertas guardadas
2026-04-29 23:29:11,087 [INFO]    💤 Pausa: 11.2s
2026-04-29 23:29:22,336 [INFO] 
🔍 Buscando: 'Machine Learning Engineer'
2026-04-29 23:29:22,337 [INFO]    Página 1/5 → https://www.zonajobs.com.ar/empleos-busqueda-machine-learning.html
2026-04-29 23:29:33,460 [INFO]    → 3 ofertas encontradas
2026-04-29 23:30:00,445 [INFO]    Página 2/5 → https://www.zonajobs.com.ar/empleos-busqueda-machine-learning.html?page=2
2026-04-29 23:30:20,887 [WARNING]    ⚠️  Sin ofertas. HTML guardado: zonajobs_rendered_Machine_Learning_Engineer.html
2026-04-29 23:30:20,887 [INFO]    → 0 ofertas encontradas
2026-04-29 23:30:20,887 [INFO]    → Sin más resultados.
2026-04-29 23:30:20,887 [INFO] Exportadas 3 ofertas → /media/carlos-a-cicconi/Common1/Repositorios-Ing.Carlos-Cicconi/Trabajo_Final_MCD/data/raw/zonajobs_20260429.csv
2026-04-29 23:30:20,887 [INFO] ✅ 'Machine Learning Engineer': 3 ofertas guardadas
2026-04-29 23:30:20,887 [INFO]    💤 Pausa: 11.8s
2026-04-29 23:30:32,680 [INFO] 
🔍 Buscando: 'NLP Engineer'
2026-04-29 23:30:32,680 [INFO]    Página 1/5 → https://www.zonajobs.com.ar/empleos-busqueda-nlp.html
2026-04-29 23:30:53,037 [WARNING]    ⚠️  Sin ofertas. HTML guardado: zonajobs_rendered_NLP_Engineer.html
2026-04-29 23:30:53,037 [INFO]    → 0 ofertas encontradas
2026-04-29 23:30:53,037 [INFO]    → Sin más resultados.
2026-04-29 23:30:53,037 [INFO] ✅ 'NLP Engineer': 0 ofertas guardadas
2026-04-29 23:30:53,037 [INFO]    💤 Pausa: 10.3s
2026-04-29 23:31:03,306 [INFO] 
🔍 Buscando: 'Data Engineer'
2026-04-29 23:31:03,306 [INFO]    Página 1/5 → https://www.zonajobs.com.ar/empleos-busqueda-data-engineer.html
2026-04-29 23:31:12,540 [INFO]    → 7 ofertas encontradas
2026-04-29 23:32:15,313 [INFO]    Página 2/5 → https://www.zonajobs.com.ar/empleos-busqueda-data-engineer.html?page=2
2026-04-29 23:32:35,652 [WARNING]    ⚠️  Sin ofertas. HTML guardado: zonajobs_rendered_Data_Engineer.html
2026-04-29 23:32:35,652 [INFO]    → 0 ofertas encontradas
2026-04-29 23:32:35,652 [INFO]    → Sin más resultados.
2026-04-29 23:32:35,653 [INFO] Exportadas 7 ofertas → /media/carlos-a-cicconi/Common1/Repositorios-Ing.Carlos-Cicconi/Trabajo_Final_MCD/data/raw/zonajobs_20260429.csv
2026-04-29 23:32:35,653 [INFO] ✅ 'Data Engineer': 7 ofertas guardadas
2026-04-29 23:32:35,653 [INFO]    💤 Pausa: 12.4s
2026-04-29 23:32:48,049 [INFO] 
🔍 Buscando: 'Software Engineer'
2026-04-29 23:32:48,050 [INFO]    Página 1/5 → https://www.zonajobs.com.ar/empleos-busqueda-software-engineer.html
2026-04-29 23:32:58,415 [INFO]    → 12 ofertas encontradas
2026-04-29 23:34:43,118 [INFO]    Página 2/5 → https://www.zonajobs.com.ar/empleos-busqueda-software-engineer.html?page=2
2026-04-29 23:35:05,988 [WARNING]    ⚠️  Sin ofertas. HTML guardado: zonajobs_rendered_Software_Engineer.html
2026-04-29 23:35:05,988 [INFO]    → 0 ofertas encontradas
2026-04-29 23:35:05,989 [INFO]    → Sin más resultados.
2026-04-29 23:35:05,989 [INFO] Exportadas 12 ofertas → /media/carlos-a-cicconi/Common1/Repositorios-Ing.Carlos-Cicconi/Trabajo_Final_MCD/data/raw/zonajobs_20260429.csv
2026-04-29 23:35:05,989 [INFO] ✅ 'Software Engineer': 12 ofertas guardadas
2026-04-29 23:35:05,989 [INFO]    💤 Pausa: 10.8s
2026-04-29 23:35:16,844 [INFO] 
🔍 Buscando: 'Python Developer'
2026-04-29 23:35:16,844 [INFO]    Página 1/5 → https://www.zonajobs.com.ar/empleos-busqueda-python.html
2026-04-29 23:35:28,468 [INFO]    → 9 ofertas encontradas
2026-04-29 23:36:45,763 [INFO]    Página 2/5 → https://www.zonajobs.com.ar/empleos-busqueda-python.html?page=2
2026-04-29 23:37:06,307 [WARNING]    ⚠️  Sin ofertas. HTML guardado: zonajobs_rendered_Python_Developer.html
2026-04-29 23:37:06,307 [INFO]    → 0 ofertas encontradas
2026-04-29 23:37:06,308 [INFO]    → Sin más resultados.
2026-04-29 23:37:06,309 [INFO] Exportadas 9 ofertas → /media/carlos-a-cicconi/Common1/Repositorios-Ing.Carlos-Cicconi/Trabajo_Final_MCD/data/raw/zonajobs_20260429.csv
2026-04-29 23:37:06,309 [INFO] ✅ 'Python Developer': 9 ofertas guardadas
2026-04-29 23:37:06,309 [INFO]    💤 Pausa: 8.4s
2026-04-29 23:37:14,732 [INFO] 
🔍 Buscando: 'Desarrollador Backend'
2026-04-29 23:37:14,732 [INFO]    Página 1/5 → https://www.zonajobs.com.ar/empleos-busqueda-desarrollador-backend.html
2026-04-29 23:37:35,394 [WARNING]    ⚠️  Sin ofertas. HTML guardado: zonajobs_rendered_Desarrollador_Backend.html
2026-04-29 23:37:35,394 [INFO]    → 0 ofertas encontradas
2026-04-29 23:37:35,394 [INFO]    → Sin más resultados.
2026-04-29 23:37:35,394 [INFO] ✅ 'Desarrollador Backend': 0 ofertas guardadas
2026-04-29 23:37:35,394 [INFO]    💤 Pausa: 8.1s
2026-04-29 23:37:43,493 [INFO] 
🔍 Buscando: 'Desarrollador Full Stack'
2026-04-29 23:37:43,493 [INFO]    Página 1/5 → https://www.zonajobs.com.ar/empleos-busqueda-desarrollador-full-stack.html
2026-04-29 23:37:53,753 [INFO]    → 1 ofertas encontradas
2026-04-29 23:38:02,671 [INFO]    Página 2/5 → https://www.zonajobs.com.ar/empleos-busqueda-desarrollador-full-stack.html?page=2
2026-04-29 23:38:24,401 [WARNING]    ⚠️  Sin ofertas. HTML guardado: zonajobs_rendered_Desarrollador_Full_Stack.html
2026-04-29 23:38:24,401 [INFO]    → 0 ofertas encontradas
2026-04-29 23:38:24,401 [INFO]    → Sin más resultados.
2026-04-29 23:38:24,401 [INFO] Exportadas 1 ofertas → /media/carlos-a-cicconi/Common1/Repositorios-Ing.Carlos-Cicconi/Trabajo_Final_MCD/data/raw/zonajobs_20260429.csv
2026-04-29 23:38:24,401 [INFO] ✅ 'Desarrollador Full Stack': 1 ofertas guardadas
2026-04-29 23:38:24,401 [INFO]    💤 Pausa: 10.9s
2026-04-29 23:38:35,348 [INFO] 
🔍 Buscando: 'Ingeniero de Datos'
2026-04-29 23:38:35,348 [INFO]    Página 1/5 → https://www.zonajobs.com.ar/empleos-busqueda-ingeniero-de-datos.html
2026-04-29 23:38:44,530 [INFO]    → 2 ofertas encontradas
2026-04-29 23:39:03,446 [INFO]    Página 2/5 → https://www.zonajobs.com.ar/empleos-busqueda-ingeniero-de-datos.html?page=2
2026-04-29 23:39:23,475 [WARNING]    ⚠️  Sin ofertas. HTML guardado: zonajobs_rendered_Ingeniero_de_Datos.html
2026-04-29 23:39:23,475 [INFO]    → 0 ofertas encontradas
2026-04-29 23:39:23,475 [INFO]    → Sin más resultados.
2026-04-29 23:39:23,475 [INFO] Exportadas 2 ofertas → /media/carlos-a-cicconi/Common1/Repositorios-Ing.Carlos-Cicconi/Trabajo_Final_MCD/data/raw/zonajobs_20260429.csv
2026-04-29 23:39:23,475 [INFO] ✅ 'Ingeniero de Datos': 2 ofertas guardadas
2026-04-29 23:39:23,475 [INFO]    💤 Pausa: 13.0s
2026-04-29 23:39:36,510 [INFO] 
============================================================
2026-04-29 23:39:36,510 [INFO] SCRAPING FINALIZADO - ZonaJobs Argentina
2026-04-29 23:39:36,510 [INFO] Total ofertas únicas: 40
2026-04-29 23:39:36,510 [INFO] DB : /media/carlos-a-cicconi/Common1/Repositorios-Ing.Carlos-Cicconi/Trabajo_Final_MCD/data/raw/ofertas_zonajobs.db
2026-04-29 23:39:36,510 [INFO] CSV: /media/carlos-a-cicconi/Common1/Repositorios-Ing.Carlos-Cicconi/Trabajo_Final_MCD/data/raw/zonajobs_20260429.csv
2026-04-29 23:39:36,510 [INFO] Log: /media/carlos-a-cicconi/Common1/Repositorios-Ing.Carlos-Cicconi/Trabajo_Final_MCD/logs/zonajobs_scraper_20260429_232649.log
2026-04-29 23:39:36,511 [INFO] ============================================================
2026-04-29 23:39:36,511 [INFO]   ✅ zonajobs: 40 ofertas recopiladas
2026-04-29 23:39:36,511 [INFO] 
============================================================
2026-04-29 23:39:36,511 [INFO]   EJECUTANDO: workana (WorkanaScraper)
2026-04-29 23:39:36,511 [INFO]   Queries: definidas en el módulo
2026-04-29 23:39:36,511 [INFO] ============================================================
2026-04-29 23:39:36,522 [INFO] Base de datos lista: /media/carlos-a-cicconi/Common1/Repositorios-Ing.Carlos-Cicconi/Trabajo_Final_MCD/data/raw/ofertas_workana.db
2026-04-29 23:39:36,523 [INFO] WorkanaScraper (Playwright) inicializado
2026-04-29 23:39:37,172 [INFO] Inicializando sesión en Workana...
2026-04-29 23:39:54,556 [INFO] 
🔍 Buscando: 'Data Scientist'
2026-04-29 23:39:54,556 [INFO]    Página 1/5 → https://www.workana.com/jobs?category=it-programming&language=es&country=AR&search=data+scientist&page=1
2026-04-29 23:40:05,333 [INFO]    → 7 ofertas nuevas encontradas
2026-04-29 23:42:20,276 [INFO]    Página 2/5 → https://www.workana.com/jobs?category=it-programming&language=es&country=AR&search=data+scientist&page=2
2026-04-29 23:42:29,882 [INFO]    → 7 ofertas nuevas encontradas
2026-04-29 23:44:38,447 [INFO]    Página 3/5 → https://www.workana.com/jobs?category=it-programming&language=es&country=AR&search=data+scientist&page=3
2026-04-29 23:44:48,430 [INFO]    → 7 ofertas nuevas encontradas
2026-04-29 23:47:02,208 [INFO]    Página 4/5 → https://www.workana.com/jobs?category=it-programming&language=es&country=AR&search=data+scientist&page=4
2026-04-29 23:47:10,705 [INFO]    → 7 ofertas nuevas encontradas
2026-04-29 23:49:20,204 [INFO]    Página 5/5 → https://www.workana.com/jobs?category=it-programming&language=es&country=AR&search=data+scientist&page=5
2026-04-29 23:49:27,823 [INFO]    → 7 ofertas nuevas encontradas
2026-04-29 23:51:35,448 [INFO] Exportadas 35 ofertas → /media/carlos-a-cicconi/Common1/Repositorios-Ing.Carlos-Cicconi/Trabajo_Final_MCD/data/raw/workana_20260429.csv
2026-04-29 23:51:35,448 [INFO] ✅ 'Data Scientist': 35 ofertas guardadas
2026-04-29 23:51:35,448 [INFO]    💤 Pausa: 8.7s
2026-04-29 23:51:44,150 [INFO] 
🔍 Buscando: 'Data Analyst'
2026-04-29 23:51:44,151 [INFO]    Página 1/5 → https://www.workana.com/jobs?category=it-programming&language=es&country=AR&search=data+analyst&page=1
2026-04-29 23:51:54,096 [WARNING]    ⚠️  Sin ofertas parseadas.
2026-04-29 23:51:54,097 [INFO]    → 0 ofertas nuevas encontradas
2026-04-29 23:51:54,097 [INFO]    → Sin más resultados.
2026-04-29 23:51:54,097 [INFO] ✅ 'Data Analyst': 0 ofertas guardadas
2026-04-29 23:51:54,097 [INFO]    💤 Pausa: 8.5s
2026-04-29 23:52:02,590 [INFO] 
🔍 Buscando: 'Machine Learning Engineer'
2026-04-29 23:52:02,591 [INFO]    Página 1/5 → https://www.workana.com/jobs?category=it-programming&language=es&country=AR&search=machine+learning&page=1
2026-04-29 23:52:12,104 [WARNING]    ⚠️  Sin ofertas parseadas.
2026-04-29 23:52:12,105 [INFO]    → 0 ofertas nuevas encontradas
2026-04-29 23:52:12,105 [INFO]    → Sin más resultados.
2026-04-29 23:52:12,105 [INFO] ✅ 'Machine Learning Engineer': 0 ofertas guardadas
2026-04-29 23:52:12,105 [INFO]    💤 Pausa: 6.5s
2026-04-29 23:52:18,589 [INFO] 
🔍 Buscando: 'NLP Engineer'
2026-04-29 23:52:18,590 [INFO]    Página 1/5 → https://www.workana.com/jobs?category=it-programming&language=es&country=AR&search=nlp&page=1
2026-04-29 23:52:27,850 [WARNING]    ⚠️  Sin ofertas parseadas.
2026-04-29 23:52:27,850 [INFO]    → 0 ofertas nuevas encontradas
2026-04-29 23:52:27,850 [INFO]    → Sin más resultados.
2026-04-29 23:52:27,851 [INFO] ✅ 'NLP Engineer': 0 ofertas guardadas
2026-04-29 23:52:27,851 [INFO]    💤 Pausa: 6.2s
2026-04-29 23:52:34,104 [INFO] 
🔍 Buscando: 'Data Engineer'
2026-04-29 23:52:34,105 [INFO]    Página 1/5 → https://www.workana.com/jobs?category=it-programming&language=es&country=AR&search=data+engineer&page=1
2026-04-29 23:52:42,882 [WARNING]    ⚠️  Sin ofertas parseadas.
2026-04-29 23:52:42,882 [INFO]    → 0 ofertas nuevas encontradas
2026-04-29 23:52:42,882 [INFO]    → Sin más resultados.
2026-04-29 23:52:42,882 [INFO] ✅ 'Data Engineer': 0 ofertas guardadas
2026-04-29 23:52:42,882 [INFO]    💤 Pausa: 9.4s
2026-04-29 23:52:52,325 [INFO] 
🔍 Buscando: 'Python Developer'
2026-04-29 23:52:52,325 [INFO]    Página 1/5 → https://www.workana.com/jobs?category=it-programming&language=es&country=AR&search=python&page=1
2026-04-29 23:53:01,621 [WARNING]    ⚠️  Sin ofertas parseadas.
2026-04-29 23:53:01,621 [INFO]    → 0 ofertas nuevas encontradas
2026-04-29 23:53:01,621 [INFO]    → Sin más resultados.
2026-04-29 23:53:01,621 [INFO] ✅ 'Python Developer': 0 ofertas guardadas
2026-04-29 23:53:01,621 [INFO]    💤 Pausa: 6.7s
2026-04-29 23:53:08,303 [INFO] 
🔍 Buscando: 'Desarrollador Backend'
2026-04-29 23:53:08,303 [INFO]    Página 1/5 → https://www.workana.com/jobs?category=it-programming&language=es&country=AR&search=backend&page=1
2026-04-29 23:53:17,576 [WARNING]    ⚠️  Sin ofertas parseadas.
2026-04-29 23:53:17,576 [INFO]    → 0 ofertas nuevas encontradas
2026-04-29 23:53:17,576 [INFO]    → Sin más resultados.
2026-04-29 23:53:17,576 [INFO] ✅ 'Desarrollador Backend': 0 ofertas guardadas
2026-04-29 23:53:17,576 [INFO]    💤 Pausa: 6.1s
2026-04-29 23:53:23,708 [INFO] 
🔍 Buscando: 'Desarrollador Full Stack'
2026-04-29 23:53:23,709 [INFO]    Página 1/5 → https://www.workana.com/jobs?category=it-programming&language=es&country=AR&search=full+stack&page=1
2026-04-29 23:53:33,657 [WARNING]    ⚠️  Sin ofertas parseadas.
2026-04-29 23:53:33,657 [INFO]    → 0 ofertas nuevas encontradas
2026-04-29 23:53:33,657 [INFO]    → Sin más resultados.
2026-04-29 23:53:33,658 [INFO] ✅ 'Desarrollador Full Stack': 0 ofertas guardadas
2026-04-29 23:53:33,658 [INFO]    💤 Pausa: 9.6s
2026-04-29 23:53:43,313 [INFO] 
🔍 Buscando: 'Software Engineer'
2026-04-29 23:53:43,313 [INFO]    Página 1/5 → https://www.workana.com/jobs?category=it-programming&language=es&country=AR&search=software+engineer&page=1
2026-04-29 23:53:51,194 [WARNING]    ⚠️  Sin ofertas parseadas.
2026-04-29 23:53:51,194 [INFO]    → 0 ofertas nuevas encontradas
2026-04-29 23:53:51,194 [INFO]    → Sin más resultados.
2026-04-29 23:53:51,194 [INFO] ✅ 'Software Engineer': 0 ofertas guardadas
2026-04-29 23:53:51,194 [INFO]    💤 Pausa: 9.3s
2026-04-29 23:54:00,465 [INFO] 
🔍 Buscando: 'Ingeniero de Datos'
2026-04-29 23:54:00,465 [INFO]    Página 1/5 → https://www.workana.com/jobs?category=it-programming&language=es&country=AR&search=ingeniero+de+datos&page=1
2026-04-29 23:54:11,238 [WARNING]    ⚠️  Sin ofertas parseadas.
2026-04-29 23:54:11,238 [INFO]    → 0 ofertas nuevas encontradas
2026-04-29 23:54:11,238 [INFO]    → Sin más resultados.
2026-04-29 23:54:11,238 [INFO] ✅ 'Ingeniero de Datos': 0 ofertas guardadas
2026-04-29 23:54:11,238 [INFO]    💤 Pausa: 8.1s
2026-04-29 23:54:19,384 [INFO] 
============================================================
2026-04-29 23:54:19,384 [INFO] SCRAPING FINALIZADO - Workana
2026-04-29 23:54:19,384 [INFO] Total ofertas únicas: 35
2026-04-29 23:54:19,384 [INFO] DB : /media/carlos-a-cicconi/Common1/Repositorios-Ing.Carlos-Cicconi/Trabajo_Final_MCD/data/raw/ofertas_workana.db
2026-04-29 23:54:19,384 [INFO] CSV: /media/carlos-a-cicconi/Common1/Repositorios-Ing.Carlos-Cicconi/Trabajo_Final_MCD/data/raw/workana_20260429.csv
2026-04-29 23:54:19,384 [INFO] Log: /media/carlos-a-cicconi/Common1/Repositorios-Ing.Carlos-Cicconi/Trabajo_Final_MCD/logs/workana_scraper_20260429_233936.log
2026-04-29 23:54:19,384 [INFO] ============================================================
2026-04-29 23:54:19,385 [INFO]   ✅ workana: 35 ofertas recopiladas
2026-04-29 23:54:19,385 [INFO] 
============================================================
2026-04-29 23:54:19,385 [INFO]   EJECUTANDO: opcionempleo (OpcionempleoScraper)
2026-04-29 23:54:19,385 [INFO]   Queries: definidas en el módulo
2026-04-29 23:54:19,385 [INFO] ============================================================
2026-04-29 23:54:19,397 [INFO] Base de datos lista: /media/carlos-a-cicconi/Common1/Repositorios-Ing.Carlos-Cicconi/Trabajo_Final_MCD/data/raw/ofertas_opcionempleo.db
2026-04-29 23:54:19,398 [INFO] OpcionempleoScraper (Playwright) inicializado
2026-04-29 23:54:20,045 [INFO] Inicializando sesión en OpcionEmpleo...
2026-04-29 23:54:20,045 [INFO] (Puede tardar hasta 20s mientras se resuelve el Turnstile)
2026-04-29 23:54:23,405 [INFO]    ⏳ Turnstile detectado — esperando resolución automática...
2026-04-29 23:54:43,413 [WARNING]    ⚠️  Turnstile no se resolvió a tiempo — continuando igual
2026-04-29 23:54:48,136 [INFO] 
🔍 Buscando: 'Data Scientist'
2026-04-29 23:54:48,136 [INFO]    Página 1/5 → https://www.opcionempleo.com.ar/trabajo-data-scientist.html
2026-04-29 23:54:55,019 [INFO]    ⏳ Turnstile detectado — esperando resolución automática...
2026-04-29 23:55:15,028 [WARNING]    ⚠️  Turnstile no se resolvió a tiempo — continuando igual
2026-04-29 23:55:19,393 [WARNING]    ⚠️  Aún mostrando challenge de Cloudflare
2026-04-29 23:55:19,400 [INFO]    → 0 ofertas encontradas
2026-04-29 23:55:19,400 [INFO]    → Sin más resultados.
2026-04-29 23:55:19,401 [INFO] ✅ 'Data Scientist': 0 ofertas guardadas
2026-04-29 23:55:19,401 [INFO]    💤 Pausa: 10.2s
2026-04-29 23:55:29,584 [INFO] 
🔍 Buscando: 'Data Analyst'
2026-04-29 23:55:29,584 [INFO]    Página 1/5 → https://www.opcionempleo.com.ar/trabajo-data-analyst.html
2026-04-29 23:55:38,624 [INFO]    ⏳ Turnstile detectado — esperando resolución automática...
2026-04-29 23:55:58,629 [WARNING]    ⚠️  Turnstile no se resolvió a tiempo — continuando igual
2026-04-29 23:56:02,693 [WARNING]    ⚠️  Aún mostrando challenge de Cloudflare
2026-04-29 23:56:02,694 [INFO]    → 0 ofertas encontradas
2026-04-29 23:56:02,694 [INFO]    → Sin más resultados.
2026-04-29 23:56:02,694 [INFO] ✅ 'Data Analyst': 0 ofertas guardadas
2026-04-29 23:56:02,695 [INFO]    💤 Pausa: 10.5s
2026-04-29 23:56:13,170 [INFO] 
🔍 Buscando: 'Machine Learning Engineer'
2026-04-29 23:56:13,170 [INFO]    Página 1/5 → https://www.opcionempleo.com.ar/trabajo-machine-learning.html
2026-04-29 23:56:22,176 [INFO]    ⏳ Turnstile detectado — esperando resolución automática...
2026-04-29 23:56:42,181 [WARNING]    ⚠️  Turnstile no se resolvió a tiempo — continuando igual
2026-04-29 23:56:46,269 [WARNING]    ⚠️  Aún mostrando challenge de Cloudflare
2026-04-29 23:56:46,270 [INFO]    → 0 ofertas encontradas
2026-04-29 23:56:46,270 [INFO]    → Sin más resultados.
2026-04-29 23:56:46,271 [INFO] ✅ 'Machine Learning Engineer': 0 ofertas guardadas
2026-04-29 23:56:46,271 [INFO]    💤 Pausa: 10.1s
2026-04-29 23:56:56,426 [INFO] 
🔍 Buscando: 'NLP Engineer'
2026-04-29 23:56:56,427 [INFO]    Página 1/5 → https://www.opcionempleo.com.ar/trabajo-nlp.html
2026-04-29 23:57:03,554 [INFO]    ⏳ Turnstile detectado — esperando resolución automática...
2026-04-29 23:57:23,560 [WARNING]    ⚠️  Turnstile no se resolvió a tiempo — continuando igual
2026-04-29 23:57:27,775 [WARNING]    ⚠️  Aún mostrando challenge de Cloudflare
2026-04-29 23:57:27,776 [INFO]    → 0 ofertas encontradas
2026-04-29 23:57:27,777 [INFO]    → Sin más resultados.
2026-04-29 23:57:27,777 [INFO] ✅ 'NLP Engineer': 0 ofertas guardadas
2026-04-29 23:57:27,777 [INFO]    💤 Pausa: 10.7s
2026-04-29 23:57:38,447 [INFO] 
🔍 Buscando: 'Data Engineer'
2026-04-29 23:57:38,447 [INFO]    Página 1/5 → https://www.opcionempleo.com.ar/trabajo-data-engineer.html
2026-04-29 23:57:47,491 [INFO]    ⏳ Turnstile detectado — esperando resolución automática...
2026-04-29 23:58:07,496 [WARNING]    ⚠️  Turnstile no se resolvió a tiempo — continuando igual
2026-04-29 23:58:11,197 [WARNING]    ⚠️  Aún mostrando challenge de Cloudflare
2026-04-29 23:58:11,198 [INFO]    → 0 ofertas encontradas
2026-04-29 23:58:11,198 [INFO]    → Sin más resultados.
2026-04-29 23:58:11,198 [INFO] ✅ 'Data Engineer': 0 ofertas guardadas
2026-04-29 23:58:11,198 [INFO]    💤 Pausa: 9.6s
2026-04-29 23:58:20,828 [INFO] 
🔍 Buscando: 'Software Engineer'
2026-04-29 23:58:20,828 [INFO]    Página 1/5 → https://www.opcionempleo.com.ar/trabajo-software-engineer.html
2026-04-29 23:58:29,441 [INFO]    ⏳ Turnstile detectado — esperando resolución automática...
2026-04-29 23:58:49,446 [WARNING]    ⚠️  Turnstile no se resolvió a tiempo — continuando igual
2026-04-29 23:58:53,868 [WARNING]    ⚠️  Aún mostrando challenge de Cloudflare
2026-04-29 23:58:53,869 [INFO]    → 0 ofertas encontradas
2026-04-29 23:58:53,870 [INFO]    → Sin más resultados.
2026-04-29 23:58:53,870 [INFO] ✅ 'Software Engineer': 0 ofertas guardadas
2026-04-29 23:58:53,870 [INFO]    💤 Pausa: 12.0s
2026-04-29 23:59:05,844 [INFO] 
🔍 Buscando: 'Python Developer'
2026-04-29 23:59:05,844 [INFO]    Página 1/5 → https://www.opcionempleo.com.ar/trabajo-python.html
2026-04-29 23:59:13,307 [INFO]    ⏳ Turnstile detectado — esperando resolución automática...
2026-04-29 23:59:33,315 [WARNING]    ⚠️  Turnstile no se resolvió a tiempo — continuando igual
2026-04-29 23:59:37,643 [WARNING]    ⚠️  Aún mostrando challenge de Cloudflare
2026-04-29 23:59:37,644 [INFO]    → 0 ofertas encontradas
2026-04-29 23:59:37,644 [INFO]    → Sin más resultados.
2026-04-29 23:59:37,644 [INFO] ✅ 'Python Developer': 0 ofertas guardadas
2026-04-29 23:59:37,645 [INFO]    💤 Pausa: 10.4s
2026-04-29 23:59:48,047 [INFO] 
🔍 Buscando: 'Desarrollador Backend'
2026-04-29 23:59:48,047 [INFO]    Página 1/5 → https://www.opcionempleo.com.ar/trabajo-desarrollador-backend.html
2026-04-29 23:59:57,020 [INFO]    ⏳ Turnstile detectado — esperando resolución automática...
2026-04-30 00:00:17,026 [WARNING]    ⚠️  Turnstile no se resolvió a tiempo — continuando igual
2026-04-30 00:00:21,123 [WARNING]    ⚠️  Aún mostrando challenge de Cloudflare
2026-04-30 00:00:21,123 [INFO]    → 0 ofertas encontradas
2026-04-30 00:00:21,124 [INFO]    → Sin más resultados.
2026-04-30 00:00:21,124 [INFO] ✅ 'Desarrollador Backend': 0 ofertas guardadas
2026-04-30 00:00:21,124 [INFO]    💤 Pausa: 13.1s
2026-04-30 00:00:34,242 [INFO] 
🔍 Buscando: 'Desarrollador Full Stack'
2026-04-30 00:00:34,243 [INFO]    Página 1/5 → https://www.opcionempleo.com.ar/trabajo-desarrollador-full-stack.html
2026-04-30 00:00:41,674 [INFO]    ⏳ Turnstile detectado — esperando resolución automática...
2026-04-30 00:01:01,680 [WARNING]    ⚠️  Turnstile no se resolvió a tiempo — continuando igual
2026-04-30 00:01:05,776 [WARNING]    ⚠️  Aún mostrando challenge de Cloudflare
2026-04-30 00:01:05,777 [INFO]    → 0 ofertas encontradas
2026-04-30 00:01:05,778 [INFO]    → Sin más resultados.
2026-04-30 00:01:05,778 [INFO] ✅ 'Desarrollador Full Stack': 0 ofertas guardadas
2026-04-30 00:01:05,778 [INFO]    💤 Pausa: 10.9s
2026-04-30 00:01:16,676 [INFO] 
🔍 Buscando: 'Ingeniero de Datos'
2026-04-30 00:01:16,677 [INFO]    Página 1/5 → https://www.opcionempleo.com.ar/trabajo-ingeniero-de-datos.html
2026-04-30 00:01:25,709 [INFO]    ⏳ Turnstile detectado — esperando resolución automática...
2026-04-30 00:01:45,715 [WARNING]    ⚠️  Turnstile no se resolvió a tiempo — continuando igual
2026-04-30 00:01:49,888 [WARNING]    ⚠️  Aún mostrando challenge de Cloudflare
2026-04-30 00:01:49,888 [INFO]    → 0 ofertas encontradas
2026-04-30 00:01:49,888 [INFO]    → Sin más resultados.
2026-04-30 00:01:49,888 [INFO] ✅ 'Ingeniero de Datos': 0 ofertas guardadas
2026-04-30 00:01:49,888 [INFO]    💤 Pausa: 13.4s
2026-04-30 00:02:03,322 [INFO] 
============================================================
2026-04-30 00:02:03,322 [INFO] SCRAPING FINALIZADO - OpcionEmpleo Argentina
2026-04-30 00:02:03,322 [INFO] Total ofertas únicas: 0
2026-04-30 00:02:03,322 [INFO] DB : /media/carlos-a-cicconi/Common1/Repositorios-Ing.Carlos-Cicconi/Trabajo_Final_MCD/data/raw/ofertas_opcionempleo.db
2026-04-30 00:02:03,322 [INFO] CSV: /media/carlos-a-cicconi/Common1/Repositorios-Ing.Carlos-Cicconi/Trabajo_Final_MCD/data/raw/opcionempleo_20260429.csv
2026-04-30 00:02:03,322 [INFO] Log: /media/carlos-a-cicconi/Common1/Repositorios-Ing.Carlos-Cicconi/Trabajo_Final_MCD/logs/opcionempleo_20260429_235419.log
2026-04-30 00:02:03,322 [INFO] ============================================================
2026-04-30 00:02:03,323 [INFO]   ✅ opcionempleo: 0 ofertas recopiladas
2026-04-30 00:02:03,323 [INFO] 
============================================================
2026-04-30 00:02:03,323 [INFO]   EJECUTANDO: jobomas (JobomasScraper)
2026-04-30 00:02:03,323 [INFO]   Queries: definidas en el módulo
2026-04-30 00:02:03,323 [INFO] ============================================================
2026-04-30 00:02:03,353 [INFO] DB lista: /media/carlos-a-cicconi/Common1/Repositorios-Ing.Carlos-Cicconi/Trabajo_Final_MCD/data/raw/ofertas_jobomas.db
2026-04-30 00:02:03,353 [INFO] Ejecutando diagnóstico de Jobomas...
2026-04-30 00:02:06,452 [INFO]   https://ar.jobomas.com/python → HTTP 404 | 27,638 | CT:text/html; charset=ISO-8859-1
2026-04-30 00:02:08,603 [INFO]   https://ar.jobomas.com/trabajo/python → HTTP 404 | 27,638 | CT:text/html; charset=ISO-8859-1
2026-04-30 00:02:10,895 [INFO]   https://ar.jobomas.com/ → HTTP 200 | 49,929 | CT:text/html; charset=ISO-8859-1
2026-04-30 00:02:10,909 [INFO]   <title>: Empleos y Ofertas de Trabajo en Argentina
2026-04-30 00:02:10,914 [INFO]   Clase 'job': 8
2026-04-30 00:02:10,932 [INFO]   Links de oferta: 7
2026-04-30 00:02:10,933 [INFO]     /empresa/perfil/2180025/cba_markets_b_s | CBA Markets B&S,
2026-04-30 00:02:10,933 [INFO]     ./empresa/perfil/2400265/esto_es | 
2026-04-30 00:02:10,933 [INFO]     ./personas-para-entrevistas-de-investigacion_iid_392246769 | Personas Para Entrevistas De Investigación
2026-04-30 00:02:10,933 [INFO] JobomasScraper inicializado (modo: params)
2026-04-30 00:02:10,933 [INFO] ============================================================
2026-04-30 00:02:10,933 [INFO] INICIO - Jobomas Argentina
2026-04-30 00:02:10,933 [INFO] 
🔍 'Data Scientist'
2026-04-30 00:02:10,933 [INFO]    Página 1/5
2026-04-30 00:02:14,018 [INFO]    → 3 encontradas
2026-04-30 00:02:21,198 [WARNING] HTTP 404 (intento 1)
2026-04-30 00:02:37,172 [WARNING] HTTP 404 (intento 2)
2026-04-30 00:03:03,388 [WARNING] HTTP 404 (intento 3)
2026-04-30 00:03:50,628 [INFO]    Página 2/5
2026-04-30 00:03:53,680 [WARNING]    Sin ofertas — HTML guardado en diagnostico/
2026-04-30 00:03:53,680 [INFO]    → 0 encontradas
2026-04-30 00:03:53,681 [INFO] CSV: 3 exportadas
2026-04-30 00:03:53,681 [INFO] ✅ 'Data Scientist': 3 guardadas
2026-04-30 00:04:02,586 [INFO] 
🔍 'Data Analyst'
2026-04-30 00:04:02,586 [INFO]    Página 1/5
2026-04-30 00:04:07,969 [WARNING]    Sin ofertas — HTML guardado en diagnostico/
2026-04-30 00:04:07,969 [INFO]    → 0 encontradas
2026-04-30 00:04:07,969 [INFO] ✅ 'Data Analyst': 0 guardadas
2026-04-30 00:04:14,639 [INFO] 
🔍 'Machine Learning Engineer'
2026-04-30 00:04:14,639 [INFO]    Página 1/5
2026-04-30 00:04:18,729 [WARNING]    Sin ofertas — HTML guardado en diagnostico/
2026-04-30 00:04:18,729 [INFO]    → 0 encontradas
2026-04-30 00:04:18,730 [INFO] ✅ 'Machine Learning Engineer': 0 guardadas
2026-04-30 00:04:27,512 [INFO] 
🔍 'NLP Engineer'
2026-04-30 00:04:27,513 [INFO]    Página 1/5
2026-04-30 00:04:33,148 [WARNING]    Sin ofertas — HTML guardado en diagnostico/
2026-04-30 00:04:33,148 [INFO]    → 0 encontradas
2026-04-30 00:04:33,148 [INFO] ✅ 'NLP Engineer': 0 guardadas
2026-04-30 00:04:42,544 [INFO] 
🔍 'Data Engineer'
2026-04-30 00:04:42,545 [INFO]    Página 1/5
2026-04-30 00:04:47,738 [WARNING]    Sin ofertas — HTML guardado en diagnostico/
2026-04-30 00:04:47,738 [INFO]    → 0 encontradas
2026-04-30 00:04:47,738 [INFO] ✅ 'Data Engineer': 0 guardadas
2026-04-30 00:04:56,430 [INFO] 
🔍 'Software Engineer'
2026-04-30 00:04:56,430 [INFO]    Página 1/5
2026-04-30 00:05:01,025 [WARNING]    Sin ofertas — HTML guardado en diagnostico/
2026-04-30 00:05:01,026 [INFO]    → 0 encontradas
2026-04-30 00:05:01,026 [INFO] ✅ 'Software Engineer': 0 guardadas
2026-04-30 00:05:06,770 [INFO] 
🔍 'Python Developer'
2026-04-30 00:05:06,771 [INFO]    Página 1/5
2026-04-30 00:05:13,030 [WARNING]    Sin ofertas — HTML guardado en diagnostico/
2026-04-30 00:05:13,030 [INFO]    → 0 encontradas
2026-04-30 00:05:13,030 [INFO] ✅ 'Python Developer': 0 guardadas
2026-04-30 00:05:22,236 [INFO] 
🔍 'Desarrollador Backend'
2026-04-30 00:05:22,236 [INFO]    Página 1/5
2026-04-30 00:05:27,353 [WARNING]    Sin ofertas — HTML guardado en diagnostico/
2026-04-30 00:05:27,354 [INFO]    → 0 encontradas
2026-04-30 00:05:27,354 [INFO] ✅ 'Desarrollador Backend': 0 guardadas
2026-04-30 00:05:36,650 [INFO] 
🔍 'Desarrollador Full Stack'
2026-04-30 00:05:36,651 [INFO]    Página 1/5
2026-04-30 00:05:42,132 [WARNING]    Sin ofertas — HTML guardado en diagnostico/
2026-04-30 00:05:42,132 [INFO]    → 0 encontradas
2026-04-30 00:05:42,132 [INFO] ✅ 'Desarrollador Full Stack': 0 guardadas
2026-04-30 00:05:47,260 [INFO] 
🔍 'Ingeniero de Datos'
2026-04-30 00:05:47,260 [INFO]    Página 1/5
2026-04-30 00:05:52,230 [WARNING]    Sin ofertas — HTML guardado en diagnostico/
2026-04-30 00:05:52,230 [INFO]    → 0 encontradas
2026-04-30 00:05:52,230 [INFO] ✅ 'Ingeniero de Datos': 0 guardadas
2026-04-30 00:06:01,282 [INFO] 
============================================================
FINALIZADO — 3 ofertas
2026-04-30 00:06:01,291 [INFO]   ✅ jobomas: 3 ofertas recopiladas
2026-04-30 00:06:01,296 [INFO] 
============================================================
2026-04-30 00:06:01,296 [INFO]   EJECUTANDO: jobrapido (JobrapidoScraper)
2026-04-30 00:06:01,296 [INFO]   Queries: definidas en el módulo
2026-04-30 00:06:01,297 [INFO] ============================================================
2026-04-30 00:06:01,330 [INFO] DB lista: /media/carlos-a-cicconi/Common1/Repositorios-Ing.Carlos-Cicconi/Trabajo_Final_MCD/data/raw/ofertas_jobrapido.db
2026-04-30 00:06:01,330 [INFO] Ejecutando diagnóstico de Jobrapido...
2026-04-30 00:06:04,129 [INFO]   https://ar.jobrapido.com/Ofertas-de-trabajo-para-Python?l=Argentina → HTTP 200 | 364,813 chars
2026-04-30 00:06:04,180 [INFO]   <title>: Bolsa trabajo para Python, ofertas empleo | Jobrapido.com
2026-04-30 00:06:04,181 [INFO]   JS-only:False
2026-04-30 00:06:04,185 [INFO]   Clase 'job': 45 | ejemplo: search google-one-tap-enabled not-is-jobseeker open-sans-ena
2026-04-30 00:06:04,190 [INFO]   Clase 'result': 196 | ejemplo: wrapper result-list
2026-04-30 00:06:04,198 [INFO]   Clase 'item': 230 | ejemplo: suggested-locations-item
2026-04-30 00:06:04,207 [INFO]   Links de oferta: 15
2026-04-30 00:06:04,207 [INFO]     https://open.app.jobrapido.com/ar/4087284571161231360/?w=python&l=&oc=sponsored&k=web.1.1.0&uuid=arF0019ddc59c274f03a&page_item_id=812011199 | Open job preview for: Python/ArcGIS developer  - Mendoza
2026-04-30 00:06:04,208 [INFO]     https://open.app.jobrapido.com/ar/8832066747008811008/?w=python&l=&oc=sponsored&k=web.1.1.1&uuid=arF0019ddc59c274f03a&page_item_id=-1108435191 | Open job preview for: Sr/Lead Odoo (Python) Engineer  - Mend
2026-04-30 00:06:04,208 [INFO]     https://open.app.jobrapido.com/ar/702581099003379712/?w=python&l=&oc=sponsored&k=web.1.1.2&uuid=arF0019ddc59c274f03a&page_item_id=940991423 | Open job preview for: Python Backend Engineer ID59360  - Men
2026-04-30 00:06:04,211 [INFO]   Paginación: 12345678910
2026-04-30 00:06:04,211 [INFO] JobrapidoScraper inicializado
2026-04-30 00:06:04,211 [INFO] ============================================================
2026-04-30 00:06:04,211 [INFO] INICIO - Jobrapido Argentina
2026-04-30 00:06:04,211 [INFO] 
🔍 'Data Scientist'
2026-04-30 00:06:04,211 [INFO]    Página 1/5
2026-04-30 00:06:09,561 [INFO]    → 12 encontradas
2026-04-30 00:07:21,765 [INFO]    Página 2/5
2026-04-30 00:07:26,854 [INFO]    → 20 encontradas
2026-04-30 00:09:25,864 [INFO]    Página 3/5
2026-04-30 00:09:31,242 [INFO]    → 5 encontradas
2026-04-30 00:10:06,328 [INFO]    Página 4/5
2026-04-30 00:10:10,378 [INFO]    → 20 encontradas
2026-04-30 00:12:12,387 [INFO]    Página 5/5
2026-04-30 00:12:17,242 [WARNING]    Sin ofertas — HTML guardado en diagnostico/
2026-04-30 00:12:17,242 [INFO]    → 0 encontradas
2026-04-30 00:12:17,243 [INFO] CSV: 57 exportadas
2026-04-30 00:12:17,243 [INFO] ✅ 'Data Scientist': 57 guardadas
2026-04-30 00:12:26,139 [INFO] 
🔍 'Data Analyst'
2026-04-30 00:12:26,140 [INFO]    Página 1/5
2026-04-30 00:12:32,634 [INFO]    → 20 encontradas
2026-04-30 00:14:29,496 [INFO]    Página 2/5
2026-04-30 00:14:34,656 [INFO]    → 10 encontradas
2026-04-30 00:15:36,261 [INFO]    Página 3/5
2026-04-30 00:15:41,358 [INFO]    → 20 encontradas
2026-04-30 00:17:40,158 [INFO]    Página 4/5
2026-04-30 00:17:46,242 [INFO]    → 20 encontradas
2026-04-30 00:19:50,497 [INFO]    Página 5/5
2026-04-30 00:19:55,144 [INFO]    → 20 encontradas
2026-04-30 00:22:02,895 [INFO] CSV: 90 exportadas
2026-04-30 00:22:02,895 [INFO] ✅ 'Data Analyst': 90 guardadas
2026-04-30 00:22:07,994 [INFO] 
🔍 'Machine Learning Engineer'
2026-04-30 00:22:07,994 [INFO]    Página 1/5
2026-04-30 00:22:14,559 [INFO]    → 20 encontradas
2026-04-30 00:24:17,111 [INFO]    Página 2/5
2026-04-30 00:24:23,039 [INFO]    → 19 encontradas
2026-04-30 00:26:19,187 [INFO]    Página 3/5
2026-04-30 00:26:24,875 [INFO]    → 20 encontradas
2026-04-30 00:28:29,946 [INFO]    Página 4/5
2026-04-30 00:28:35,379 [INFO]    → 20 encontradas
2026-04-30 00:30:48,491 [INFO]    Página 5/5
2026-04-30 00:30:53,255 [INFO]    → 16 encontradas
2026-04-30 00:32:29,662 [INFO] CSV: 95 exportadas
2026-04-30 00:32:29,662 [INFO] ✅ 'Machine Learning Engineer': 95 guardadas
2026-04-30 00:32:35,237 [INFO] 
🔍 'NLP Engineer'
2026-04-30 00:32:35,237 [INFO]    Página 1/5
2026-04-30 00:32:41,221 [INFO]    → 16 encontradas
2026-04-30 00:34:14,417 [INFO]    Página 2/5
2026-04-30 00:34:18,999 [INFO]    → 7 encontradas
2026-04-30 00:35:00,499 [INFO]    Página 3/5
2026-04-30 00:35:04,651 [INFO]    → 14 encontradas
2026-04-30 00:36:38,795 [INFO]    Página 4/5
2026-04-30 00:36:42,942 [INFO]    → 14 encontradas
2026-04-30 00:38:04,810 [INFO]    Página 5/5
2026-04-30 00:38:10,597 [WARNING]    Sin ofertas — HTML guardado en diagnostico/
2026-04-30 00:38:10,598 [INFO]    → 0 encontradas
2026-04-30 00:38:10,599 [INFO] CSV: 51 exportadas
2026-04-30 00:38:10,599 [INFO] ✅ 'NLP Engineer': 51 guardadas
2026-04-30 00:38:19,138 [INFO] 
🔍 'Data Engineer'
2026-04-30 00:38:19,139 [INFO]    Página 1/5
2026-04-30 00:38:25,113 [INFO]    → 15 encontradas
2026-04-30 00:39:57,539 [INFO]    Página 2/5
2026-04-30 00:40:02,498 [INFO]    → 14 encontradas
2026-04-30 00:41:27,970 [INFO]    Página 3/5
2026-04-30 00:41:34,709 [INFO]    → 13 encontradas
2026-04-30 00:42:53,472 [INFO]    Página 4/5
2026-04-30 00:42:58,817 [INFO]    → 20 encontradas
2026-04-30 00:44:50,314 [INFO]    Página 5/5
2026-04-30 00:44:54,349 [INFO]    → 1 encontradas
2026-04-30 00:45:00,353 [INFO] CSV: 63 exportadas
2026-04-30 00:45:00,354 [INFO] ✅ 'Data Engineer': 63 guardadas
2026-04-30 00:45:09,071 [INFO] 
🔍 'Software Engineer'
2026-04-30 00:45:09,071 [INFO]    Página 1/5
2026-04-30 00:45:13,523 [INFO]    → 10 encontradas
2026-04-30 00:46:14,891 [INFO]    Página 2/5
2026-04-30 00:46:21,830 [INFO]    → 6 encontradas
2026-04-30 00:47:00,463 [INFO]    Página 3/5
2026-04-30 00:47:06,498 [INFO]    → 2 encontradas
2026-04-30 00:47:18,687 [INFO]    Página 4/5
2026-04-30 00:47:22,960 [INFO]    → 6 encontradas
2026-04-30 00:47:56,870 [INFO]    Página 5/5
2026-04-30 00:48:02,514 [INFO]    → 19 encontradas
2026-04-30 00:50:05,189 [INFO] CSV: 43 exportadas
2026-04-30 00:50:05,189 [INFO] ✅ 'Software Engineer': 43 guardadas
2026-04-30 00:50:13,561 [INFO] 
🔍 'Python Developer'
2026-04-30 00:50:13,562 [INFO]    Página 1/5
2026-04-30 00:50:17,702 [INFO]    → 6 encontradas
2026-04-30 00:50:54,754 [INFO]    Página 2/5
2026-04-30 00:51:00,222 [INFO]    → 9 encontradas
2026-04-30 00:51:57,023 [INFO]    Página 3/5
2026-04-30 00:52:01,268 [INFO]    → 7 encontradas
2026-04-30 00:52:48,120 [INFO]    Página 4/5
2026-04-30 00:52:53,742 [INFO]    → 5 encontradas
2026-04-30 00:53:26,423 [INFO]    Página 5/5
2026-04-30 00:53:31,770 [INFO]    → 17 encontradas
2026-04-30 00:55:17,020 [INFO] CSV: 44 exportadas
2026-04-30 00:55:17,021 [INFO] ✅ 'Python Developer': 44 guardadas
2026-04-30 00:55:23,169 [INFO] 
🔍 'Desarrollador Backend'
2026-04-30 00:55:23,169 [INFO]    Página 1/5
2026-04-30 00:55:27,221 [INFO]    → 19 encontradas
2026-04-30 00:57:24,412 [INFO]    Página 2/5
2026-04-30 00:57:29,206 [INFO]    → 20 encontradas
2026-04-30 00:59:36,209 [INFO]    Página 3/5
2026-04-30 00:59:40,095 [INFO]    → 19 encontradas
2026-04-30 01:01:31,818 [INFO]    Página 4/5
2026-04-30 01:01:35,842 [WARNING]    Sin ofertas — HTML guardado en diagnostico/
2026-04-30 01:01:35,842 [INFO]    → 0 encontradas
2026-04-30 01:01:35,843 [INFO] CSV: 58 exportadas
2026-04-30 01:01:35,843 [INFO] ✅ 'Desarrollador Backend': 58 guardadas
2026-04-30 01:01:40,923 [INFO] 
🔍 'Desarrollador Full Stack'
2026-04-30 01:01:40,924 [INFO]    Página 1/5
2026-04-30 01:01:46,221 [INFO]    → 11 encontradas
2026-04-30 01:02:57,125 [INFO]    Página 2/5
2026-04-30 01:03:04,351 [INFO]    → 20 encontradas
2026-04-30 01:05:08,302 [INFO]    Página 3/5
2026-04-30 01:05:13,050 [INFO]    → 18 encontradas
2026-04-30 01:07:09,339 [INFO]    Página 4/5
2026-04-30 01:07:15,555 [INFO]    → 20 encontradas
2026-04-30 01:09:18,366 [INFO]    Página 5/5
2026-04-30 01:09:23,073 [INFO]    → 20 encontradas
2026-04-30 01:11:29,552 [INFO] CSV: 89 exportadas
2026-04-30 01:11:29,553 [INFO] ✅ 'Desarrollador Full Stack': 89 guardadas
2026-04-30 01:11:38,349 [INFO] 
🔍 'Ingeniero de Datos'
2026-04-30 01:11:38,349 [INFO]    Página 1/5
2026-04-30 01:11:43,951 [INFO]    → 19 encontradas
2026-04-30 01:13:48,301 [INFO]    Página 2/5
2026-04-30 01:13:52,042 [INFO]    → 20 encontradas
2026-04-30 01:16:02,754 [INFO]    Página 3/5
2026-04-30 01:16:08,437 [INFO]    → 20 encontradas
2026-04-30 01:18:13,313 [INFO]    Página 4/5
2026-04-30 01:18:18,358 [WARNING]    Sin ofertas — HTML guardado en diagnostico/
2026-04-30 01:18:18,358 [INFO]    → 0 encontradas
2026-04-30 01:18:18,359 [INFO] CSV: 59 exportadas
2026-04-30 01:18:18,359 [INFO] ✅ 'Ingeniero de Datos': 59 guardadas
2026-04-30 01:18:24,406 [INFO] 
============================================================
FINALIZADO — 649 ofertas
2026-04-30 01:18:24,407 [INFO]   ✅ jobrapido: 649 ofertas recopiladas
2026-04-30 01:18:24,417 [INFO] 
============================================================
2026-04-30 01:18:24,418 [INFO]   EJECUTANDO: jobleads (JobleadsScraper)
2026-04-30 01:18:24,418 [INFO]   Queries: definidas en el módulo
2026-04-30 01:18:24,418 [INFO] ============================================================
2026-04-30 01:18:24,456 [INFO] DB lista: /media/carlos-a-cicconi/Common1/Repositorios-Ing.Carlos-Cicconi/Trabajo_Final_MCD/data/raw/ofertas_jobleads.db
2026-04-30 01:18:24,456 [INFO] Ejecutando diagnóstico de JobLeads...
2026-04-30 01:18:26,856 [INFO]   https://www.jobleads.com/ar/jobs?q=python → HTTP 200 | 527,115 chars | Final: https://www.jobleads.com/ar/jobs?q=python
2026-04-30 01:18:26,889 [INFO]   <title>: Puestos: python | Argentina | JobLeads
2026-04-30 01:18:26,891 [INFO]   Links oferta detectados: 25
2026-04-30 01:18:26,891 [INFO]     https://www.jobleads.com/ar/job/senior-python-engineer-automation-infra--buenos-aires--e22bf545428af47e77ea17e0958f89cae | Senior Python Engineer — Automation & Infra
2026-04-30 01:18:26,891 [INFO]     https://www.jobleads.com/ar/job/senior-python-engineer-build-fast-scalable-apps--comunidad-aborigen-ambay-poty--e4324da800719cc5bbdc78bd1f71b5b2f | Senior Python Engineer — Build Fast, Scalable Apps
2026-04-30 01:18:26,891 [INFO]     https://www.jobleads.com/ar/job/lead-python-developer-ai-cloud-mentorship--argentina--e1c5bedfd14722089ccf275bd4cbe0868 | Lead Python Developer: AI, Cloud & Mentorship
2026-04-30 01:18:26,891 [INFO] JobleadsScraper inicializado (modo híbrido: requests + Playwright)
2026-04-30 01:18:26,892 [INFO] ============================================================
2026-04-30 01:18:26,892 [INFO] INICIO - JobLeads (modo híbrido: requests + Playwright)
2026-04-30 01:18:27,443 [INFO] Inicializando sesión Playwright en JobLeads...
2026-04-30 01:18:32,493 [INFO] 
🔍 'Data Scientist'
2026-04-30 01:18:32,493 [INFO]    Página 1/5
2026-04-30 01:18:37,045 [INFO]    → 1 encontradas
2026-04-30 01:18:40,747 [INFO]    Página 2/5
2026-04-30 01:18:44,059 [WARNING]    Sin ofertas HTML — guardado en diagnostico/jobleads_Data_Scientist.html
2026-04-30 01:18:44,059 [INFO]    → 0 encontradas
2026-04-30 01:18:44,059 [INFO] CSV: 1 exportadas
2026-04-30 01:18:44,059 [INFO] ✅ 'Data Scientist': 1 guardadas
2026-04-30 01:18:54,872 [INFO] 
🔍 'Data Analyst'
2026-04-30 01:18:54,872 [INFO]    Página 1/5
2026-04-30 01:18:59,592 [INFO]    → 1 encontradas
2026-04-30 01:19:03,551 [INFO]    Página 2/5
2026-04-30 01:19:07,473 [WARNING]    Sin ofertas HTML — guardado en diagnostico/jobleads_Data_Analyst.html
2026-04-30 01:19:07,473 [INFO]    → 0 encontradas
2026-04-30 01:19:07,474 [INFO] CSV: 1 exportadas
2026-04-30 01:19:07,474 [INFO] ✅ 'Data Analyst': 1 guardadas
2026-04-30 01:19:14,927 [INFO] 
🔍 'Machine Learning Engineer'
2026-04-30 01:19:14,927 [INFO]    Página 1/5
2026-04-30 01:19:20,700 [INFO]    → 1 encontradas
2026-04-30 01:19:25,870 [INFO]    Página 2/5
2026-04-30 01:19:31,163 [WARNING]    Sin ofertas HTML — guardado en diagnostico/jobleads_Machine_Learning_Engineer.html
2026-04-30 01:19:31,163 [INFO]    → 0 encontradas
2026-04-30 01:19:31,163 [INFO] CSV: 1 exportadas
2026-04-30 01:19:31,164 [INFO] ✅ 'Machine Learning Engineer': 1 guardadas
2026-04-30 01:19:39,509 [INFO] 
🔍 'NLP Engineer'
2026-04-30 01:19:39,509 [INFO]    Página 1/5
2026-04-30 01:19:45,207 [INFO]    → 1 encontradas
2026-04-30 01:19:50,516 [INFO]    Página 2/5
2026-04-30 01:19:56,642 [WARNING]    Sin ofertas HTML — guardado en diagnostico/jobleads_NLP_Engineer.html
2026-04-30 01:19:56,642 [INFO]    → 0 encontradas
2026-04-30 01:19:56,642 [INFO] CSV: 1 exportadas
2026-04-30 01:19:56,642 [INFO] ✅ 'NLP Engineer': 1 guardadas
2026-04-30 01:20:02,826 [INFO] 
🔍 'Data Engineer'
2026-04-30 01:20:02,827 [INFO]    Página 1/5
2026-04-30 01:20:07,279 [INFO]    → 1 encontradas
2026-04-30 01:20:11,676 [INFO]    Página 2/5
2026-04-30 01:20:15,565 [WARNING]    Sin ofertas HTML — guardado en diagnostico/jobleads_Data_Engineer.html
2026-04-30 01:20:15,566 [INFO]    → 0 encontradas
2026-04-30 01:20:15,566 [INFO] CSV: 1 exportadas
2026-04-30 01:20:15,566 [INFO] ✅ 'Data Engineer': 1 guardadas
2026-04-30 01:20:21,704 [INFO] 
🔍 'Software Engineer'
2026-04-30 01:20:21,704 [INFO]    Página 1/5
2026-04-30 01:20:25,171 [INFO]    → 1 encontradas
2026-04-30 01:20:29,908 [INFO]    Página 2/5
2026-04-30 01:20:34,847 [WARNING]    Sin ofertas HTML — guardado en diagnostico/jobleads_Software_Engineer.html
2026-04-30 01:20:34,847 [INFO]    → 0 encontradas
2026-04-30 01:20:34,847 [INFO] CSV: 1 exportadas
2026-04-30 01:20:34,847 [INFO] ✅ 'Software Engineer': 1 guardadas
2026-04-30 01:20:44,935 [INFO] 
🔍 'Python Developer'
2026-04-30 01:20:44,936 [INFO]    Página 1/5
2026-04-30 01:20:49,779 [INFO]    → 1 encontradas
2026-04-30 01:20:53,621 [INFO]    Página 2/5
2026-04-30 01:20:59,418 [WARNING]    Sin ofertas HTML — guardado en diagnostico/jobleads_Python_Developer.html
2026-04-30 01:20:59,418 [INFO]    → 0 encontradas
2026-04-30 01:20:59,418 [INFO] CSV: 1 exportadas
2026-04-30 01:20:59,418 [INFO] ✅ 'Python Developer': 1 guardadas
2026-04-30 01:21:06,577 [INFO] 
🔍 'Desarrollador Backend'
2026-04-30 01:21:06,578 [INFO]    Página 1/5
2026-04-30 01:21:10,910 [INFO]    → 1 encontradas
2026-04-30 01:21:14,764 [INFO]    Página 2/5
2026-04-30 01:21:18,270 [WARNING]    Sin ofertas HTML — guardado en diagnostico/jobleads_Desarrollador_Backend.html
2026-04-30 01:21:18,270 [INFO]    → 0 encontradas
2026-04-30 01:21:18,271 [INFO] CSV: 1 exportadas
2026-04-30 01:21:18,271 [INFO] ✅ 'Desarrollador Backend': 1 guardadas
2026-04-30 01:21:25,419 [INFO] 
🔍 'Desarrollador Full Stack'
2026-04-30 01:21:25,420 [INFO]    Página 1/5
2026-04-30 01:21:29,967 [INFO]    → 1 encontradas
2026-04-30 01:21:35,060 [INFO]    Página 2/5
2026-04-30 01:21:39,970 [WARNING]    Sin ofertas HTML — guardado en diagnostico/jobleads_Desarrollador_Full_Stack.html
2026-04-30 01:21:39,970 [INFO]    → 0 encontradas
2026-04-30 01:21:39,970 [INFO] CSV: 1 exportadas
2026-04-30 01:21:39,970 [INFO] ✅ 'Desarrollador Full Stack': 1 guardadas
2026-04-30 01:21:50,022 [INFO] 
🔍 'Ingeniero de Datos'
2026-04-30 01:21:50,022 [INFO]    Página 1/5
2026-04-30 01:21:53,786 [INFO]    → 1 encontradas
2026-04-30 01:21:59,589 [INFO]    Página 2/5
2026-04-30 01:22:05,047 [WARNING]    Sin ofertas HTML — guardado en diagnostico/jobleads_Ingeniero_de_Datos.html
2026-04-30 01:22:05,048 [INFO]    → 0 encontradas
2026-04-30 01:22:05,048 [INFO] CSV: 1 exportadas
2026-04-30 01:22:05,048 [INFO] ✅ 'Ingeniero de Datos': 1 guardadas
2026-04-30 01:22:14,611 [INFO] 
============================================================
FINALIZADO — 10 ofertas
2026-04-30 01:22:14,612 [INFO]   ✅ jobleads: 10 ofertas recopiladas
2026-04-30 01:22:14,612 [INFO] 
=================================================================
2026-04-30 01:22:14,612 [INFO]   FASE 2: CONSOLIDACIÓN
2026-04-30 01:22:14,612 [INFO] =================================================================
2026-04-30 01:22:14,620 [INFO] Consolidado DB lista: /media/carlos-a-cicconi/Common1/Repositorios-Ing.Carlos-Cicconi/Trabajo_Final_MCD/data/raw/consolidado/ofertas_consolidadas.db
2026-04-30 01:22:14,631 [INFO] 
  📂 Procesando: linkedin (ofertas_linkedin.db)
2026-04-30 01:22:14,641 [INFO]   Leídas 787 ofertas de ofertas_linkedin.db
2026-04-30 01:22:14,676 [INFO]   ✅ linkedin: leídas=787 | nuevas=323 | dup=423 | old=41
2026-04-30 01:22:14,677 [INFO] 
  📂 Procesando: computrabajo (ofertas_computrabajo.db)
2026-04-30 01:22:14,678 [INFO]   Leídas 78 ofertas de ofertas_computrabajo.db
2026-04-30 01:22:14,684 [INFO]   ✅ computrabajo: leídas=78 | nuevas=28 | dup=50 | old=0
2026-04-30 01:22:14,684 [INFO] 
  📂 Procesando: getonboard (ofertas_getonboard.db)
2026-04-30 01:22:14,690 [INFO]   Leídas 479 ofertas de ofertas_getonboard.db
2026-04-30 01:22:14,723 [INFO]   ✅ getonboard: leídas=479 | nuevas=439 | dup=0 | old=40
2026-04-30 01:22:14,723 [INFO] 
  📂 Procesando: bumeran (ofertas_bumeran.db)
2026-04-30 01:22:14,727 [INFO]   Leídas 306 ofertas de ofertas_bumeran.db
2026-04-30 01:22:14,737 [INFO]   ✅ bumeran: leídas=306 | nuevas=35 | dup=271 | old=0
2026-04-30 01:22:14,737 [INFO] 
  📂 Procesando: zonajobs (ofertas_zonajobs.db)
2026-04-30 01:22:14,738 [INFO]   Leídas 44 ofertas de ofertas_zonajobs.db
2026-04-30 01:22:14,747 [INFO]   ✅ zonajobs: leídas=44 | nuevas=38 | dup=6 | old=0
2026-04-30 01:22:14,747 [INFO] 
  📂 Procesando: workana (ofertas_workana.db)
2026-04-30 01:22:14,748 [INFO]   Leídas 72 ofertas de ofertas_workana.db
2026-04-30 01:22:14,755 [INFO]   ✅ workana: leídas=72 | nuevas=35 | dup=37 | old=0
2026-04-30 01:22:14,755 [INFO] 
  📂 Procesando: opcionempleo (ofertas_opcionempleo.db)
2026-04-30 01:22:14,771 [INFO]   Leídas 1,074 ofertas de ofertas_opcionempleo.db
2026-04-30 01:22:14,773 [INFO]   ✅ opcionempleo: leídas=1,074 | nuevas=0 | dup=1,074 | old=0
2026-04-30 01:22:14,773 [INFO] 
  📂 Procesando: jobomas (ofertas_jobomas.db)
2026-04-30 01:22:14,774 [INFO]   Leídas 3 ofertas de ofertas_jobomas.db
2026-04-30 01:22:14,780 [INFO]   ✅ jobomas: leídas=3 | nuevas=2 | dup=1 | old=0
2026-04-30 01:22:14,780 [INFO] 
  📂 Procesando: jobrapido (ofertas_jobrapido.db)
2026-04-30 01:22:14,789 [INFO]   Leídas 1,326 ofertas de ofertas_jobrapido.db
2026-04-30 01:22:14,807 [INFO]   ✅ jobrapido: leídas=1,326 | nuevas=624 | dup=702 | old=0
2026-04-30 01:22:14,807 [INFO] 
  📂 Procesando: jobleads (ofertas_jobleads.db)
2026-04-30 01:22:14,808 [INFO]   Leídas 22 ofertas de ofertas_jobleads.db
2026-04-30 01:22:14,814 [INFO]   ✅ jobleads: leídas=22 | nuevas=10 | dup=12 | old=0
2026-04-30 01:22:14,876 [INFO]   CSV consolidado actualizado: +1,534 filas → /media/carlos-a-cicconi/Common1/Repositorios-Ing.Carlos-Cicconi/Trabajo_Final_MCD/data/raw/consolidado/ofertas_consolidadas.csv
2026-04-30 01:22:14,876 [INFO] 
=================================================================
2026-04-30 01:22:14,876 [INFO]   RESUMEN FINAL
2026-04-30 01:22:14,876 [INFO] =================================================================
2026-04-30 01:22:14,877 [INFO]   Ofertas nuevas incorporadas : 1,534
2026-04-30 01:22:14,877 [INFO]   Descartadas (antigüedad)    : 81
2026-04-30 01:22:14,877 [INFO]   Descartadas (duplicado)     : 2,576
2026-04-30 01:22:14,877 [INFO]   Total acumulado en DB       : 4,110
2026-04-30 01:22:14,877 [INFO]   Ventana temporal aplicada   : últimos 90 días (desde 2026-01-30)
2026-04-30 01:22:14,877 [INFO]   Duración total              : 165m 0s
2026-04-30 01:22:14,877 [INFO] 
  Archivos de salida:
2026-04-30 01:22:14,878 [INFO]     DB : /media/carlos-a-cicconi/Common1/Repositorios-Ing.Carlos-Cicconi/Trabajo_Final_MCD/data/raw/consolidado/ofertas_consolidadas.db
2026-04-30 01:22:14,878 [INFO]     CSV: /media/carlos-a-cicconi/Common1/Repositorios-Ing.Carlos-Cicconi/Trabajo_Final_MCD/data/raw/consolidado/ofertas_consolidadas.csv
2026-04-30 01:22:14,878 [INFO]     Log: /media/carlos-a-cicconi/Common1/Repositorios-Ing.Carlos-Cicconi/Trabajo_Final_MCD/logs/run_scraping_20260429_223714.log
2026-04-30 01:22:14,878 [INFO] 
  Resultado por scraper:
2026-04-30 01:22:14,878 [INFO]     ✅ linkedin        | 🔧mod | ofertas=353 | tiempo=1814s
2026-04-30 01:22:14,878 [INFO]     ✅ computrabajo    | 🔧mod | ofertas=28 | tiempo=204s
2026-04-30 01:22:14,878 [INFO]     ✅ getonboard      | 🔧mod | ofertas=479 | tiempo=213s
2026-04-30 01:22:14,878 [INFO]     ✅ bumeran         | 🔧mod | ofertas=40 | tiempo=742s
2026-04-30 01:22:14,878 [INFO]     ✅ zonajobs        | 🔧mod | ofertas=40 | tiempo=767s
2026-04-30 01:22:14,878 [INFO]     ✅ workana         | 🔧mod | ofertas=35 | tiempo=882s
2026-04-30 01:22:14,878 [INFO]     ✅ opcionempleo    | 🔧mod | ofertas=0 | tiempo=463s
2026-04-30 01:22:14,878 [INFO]     ✅ jobomas         | 🔧mod | ofertas=3 | tiempo=237s
2026-04-30 01:22:14,878 [INFO]     ✅ jobrapido       | 🔧mod | ofertas=649 | tiempo=4343s
2026-04-30 01:22:14,879 [INFO]     ✅ jobleads        | 🔧mod | ofertas=10 | tiempo=230s
2026-04-30 01:22:14,879 [INFO] 
  Por fuente (consolidación):
2026-04-30 01:22:14,879 [INFO]     linkedin       : nuevas=323 | dup=423 | old=41
2026-04-30 01:22:14,879 [INFO]     computrabajo   : nuevas=28 | dup=50 | old=0
2026-04-30 01:22:14,879 [INFO]     getonboard     : nuevas=439 | dup=0 | old=40
2026-04-30 01:22:14,879 [INFO]     bumeran        : nuevas=35 | dup=271 | old=0
2026-04-30 01:22:14,879 [INFO]     zonajobs       : nuevas=38 | dup=6 | old=0
2026-04-30 01:22:14,879 [INFO]     workana        : nuevas=35 | dup=37 | old=0
2026-04-30 01:22:14,879 [INFO]     opcionempleo   : nuevas=0 | dup=1,074 | old=0
2026-04-30 01:22:14,879 [INFO]     jobomas        : nuevas=2 | dup=1 | old=0
2026-04-30 01:22:14,879 [INFO]     jobrapido      : nuevas=624 | dup=702 | old=0
2026-04-30 01:22:14,879 [INFO]     jobleads       : nuevas=10 | dup=12 | old=0
2026-04-30 01:22:14,880 [INFO]     Reporte: /media/carlos-a-cicconi/Common1/Repositorios-Ing.Carlos-Cicconi/Trabajo_Final_MCD/data/raw/consolidado/run_20260430_012214.json
2026-04-30 01:22:14,880 [INFO] =================================================================
